aig-a100:1622687:1622705 [1] NCCL INFO proxyUDSRecvReq::ncclProxyMsgGetFd rank 0 opId 0xba402a835b45e304 handle=0x7f9294037080
aig-a100:1622687:1622705 [1] NCCL INFO UDS proxyGetFd received handle 0x7f9294037080 peer 0 opId ba402a835b45e304
aig-a100:1622687:1622706 [1] NCCL INFO Imported shareable buffer device 1 size 6291456 ptr 0x415200000
aig-a100:1622687:1622706 [1] NCCL INFO ProxyCall UDS comm 0x5c5669ad4d60 rank 1 tpRank 0(8734e16d93ce2fa6) reqSize 8 respSize 0 respFd 0x7f929b78d5b8 opId 0xf4b770ad7e15fd43
aig-a100:1622687:1622706 [1] NCCL INFO ProxyCall UDS comm 0x5c5669ad4d60 rank 1 tpRank 0(8734e16d93ce2fa6) reqSize 8 respSize 0 respFd 85 opId 0xf4b770ad7e15fd43 - DONE
aig-a100:1622687:1622706 [1] NCCL INFO UDS: ClientGetFd handle 0x7091a80163b0 tpRank 0 returned fd 85 sameProcess 0
aig-a100:1622687:1622706 [1] NCCL INFO UDS converted handle 0x7091a80163b0 to fd 85 on remote peer 0
aig-a100:1622687:1622705 [1] NCCL INFO proxyUDSRecvReq::ncclProxyMsgGetFd rank 0 opId 0x50f73d7f0d364557 handle=0x7f9294014c70
aig-a100:1622687:1622705 [1] NCCL INFO UDS proxyGetFd received handle 0x7f9294014c70 peer 0urned fd 87 sameProcess 0
aig-a100:1622686:1622707 [0] NCCL INFO UDS converted handle 0x7f9294037080 to fd 87 on remote peer 1
aig-a100:1622686:1622704 [0] NCCL INFO proxyUDSRecvReq::ncclProxyMsgGetFd rank 1 opId 0xf4b770ad7e15fd43 handle=0x7091a80163b0
aig-a100:1622686:1622704 [0] NCCL INFO UDS proxyGetFd received handle 0x7091a80163b0 peer 1 opId f4b770ad7e15fd43
aig-a100:1622686:1622707 [0] NCCL INFO Imported shareable buffer device 0 size 6291456 ptr 0x414600000
aig-a100:1622686:1622707 [0] NCCL INFO ProxyCall UDS comm 0x5cb1e5acbda0 rank 0 tpRank 1(ed7e57d67ac53c0f) reqSize 8 respSize 0 respFd 0x7091ae3c35b8 opId 0x50f73d7f0d364557
aig-a100:1622686:1622707 [0] NCCL INFO ProxyCall UDS comm 0x5cb1e5acbda0 rank 0 tpRank 1(ed7e57d67ac53c0f) reqSize 8 respSize 0 respFd 88 opId 0x50f73d7f0d364557 - DONE
aig-a100:1622686:1622707 [0] NCCL INFO UDS: ClientGetFd handle 0x7f9294014c70 tpRank 1 returned fd 88 sameProcess 0
aig-a100:1622686:1622707 [0] NCCL INFO UDS converted handle 0x7f9294014c70 to fd 88 on remote peer 1
aig-a100:1622686:1622704 [0] NCCL INFO proxyUDSRecvReq::ncclProxyMsgGetFd rank 1 opId 0x52b853a6006ce9df handle=0x7091a8039f00
aig-a100:1622686:1622704 [0] NCCL INFO UDS proxyGetFd received handle 0x7091a8039f00 peer 1 opId 52b853a6006ce9df
aig-a100:1622686:1622707 [0] NCCL INFO Imported shareable buffer device 0 size 6291456 ptr 0x414c00000
aig-a100:1622686:1622707 [0] NCCL INFO ProxyCall UDS comm 0x5cb1e5acbda0 rank 0 tpRank 1(ed7e57d67ac53c0f) reqSize 8 respSize 0 respFd 0x7091ae3c35a8 opId 0x2fdbe5f7c4390039
aig-a100:1622686:1622707 [0] NCCL INFO ProxyCall UDS comm 0x5cb1e5acbda0 rank 0 tpRank 1(ed7e57d67ac53c0f) reqSize 8 respSize 0 respFd 89 opId 0x2fdbe5f7c4390039 - DONE
aig-a100:1622686:1622707 [0] NCCL INFO UDS: ClientGetFd handle 0x7f92940387c0 tpRank 1 returned fd 89 sameProcess 0
aig-a100:1622686:1622707 [0] NCCL INFO UDS converted handle 0x7f92940387c0 to fd 89 on remote peer 1
aig-a100:1622686:1622704 [0] NCCL INFO proxyUDSRecvReq::ncclProxyMsgGetFd rank 1 opId 0x5c7a8a64b26a54c handle=0x7091a8017af0
aig-a100:1622686:1622704 [0] NCCL INFO UDS proxyGetFd received handle 0x7091a8017af0 peer 1 opId 5c7a8a64b26a54c
aig-a100:1622686:1622707 [0] NCCL INFO Imported shareable buffer device 0 size 6291456 ptr 0x415200000
aig-a100:1622686:1622707 [0] NCCL INFO ProxyCall UDS comm 0x5cb1e5acbda0 rank 0 tpRank 1(ed7e57d67ac53c0f) reqSize 8 respSize 0 respFd 0x7091ae3c35b8 opId 0x259949de926acb0
aig-a100:1622686:1622707 [0] NCCL INFO ProxyCall UDS comm 0x5cb1e5acbda0 rank 0 tpRank 1(ed7e57d67ac53c0f) reqSize 8 respSize 0 respFd 90 opId 0x259949de926acb0 - DONE
aig-a100:1622686:1622707 [0] NCCL INFO UDS: ClientGetFd handle 0x7f92940163b0 tpRank 1 returned fd 90 sameProcess 0
aig-a100:1622686:1622707 [0] NCCL INFO UDS converted handle 0x7f92940163b0 to fd 90 on remote peer 1
aig-a100:1622686:1622704 [0] NCCL INFO proxyUDSRecvReq::ncclProxyMsgGetFd rank 1 opId 0x37f82b8fe72dd82b handle=0x7091a803b640
aig-a100:1622686:1622704 [0] NCCL INFO UDS proxyGetFd received handle 0x7091a803b640 peer 1 opId 37f82b8fe72dd82b
aig-a100:1622686:1622707 [0] NCCL INFO Imported shareable buffer device 0 size 6291456 ptr 0x415800000
aig-a100:1622686:1622707 [0] NCCL INFO ProxyCall UDS comm 0x5cb1e5acbda0 rank 0 tpRank 1(ed7e57d67ac53c0f) reqSize 8 respSize 0 respFd 0x7091ae3c35a8 opId 0x7f24293f7c940039
aig-a100:1622686:1622707 [0] NCCL INFO ProxyCall UDS comm 0x5cb1e5acbda0 rank 0 tpRank 1(ed7e57d67ac53c0f) reqSize 8 respSize 0 respFd 91 opId 0x7f24293f7c940039 - DONE
aig-a100:1622686:1622707 [0] NCCL INFO UDS: ClientGetFd handle 0x7f9294039f00 tpRank 1 returned fd 91 sameProcess 0
aig-a100:1622686:1622707 [0] NCCL INFO UDS converted handle 0x7f9294039f00 to fd 91 on remote peer 1
aig-a100:1622686:1622704 [0] NCCL INFO proxyUDSRecvReq::ncclProxyMsgGetFd rank 1 opId 0x53d9ef28b0a68d0d handle=0x7091a8019230
aig-a100:1622686:1622704 [0] NCCL INFO UDS proxyGetFd received handle 0x7091a8019230 peer 1 opId 53d9ef28b0a68d0d
aig-a100:1622686:1622707 [0] NCCL INFO Imported shareable buffer device 0 size 6291456 ptr 0x416000000
aig-a100:1622 opId 50f73d7f0d364557
aig-a100:1622687:1622706 [1] NCCL INFO Imported shareable buffer device 1 size 6291456 ptr 0x415800000
aig-a100:1622687:1622706 [1] NCCL INFO ProxyCall UDS comm 0x5c5669ad4d60 rank 1 tpRank 0(8734e16d93ce2fa6) reqSize 8 respSize 0 respFd 0x7f929b78d5a8 opId 0x52b853a6006ce9df
aig-a100:1622687:1622706 [1] NCCL INFO ProxyCall UDS comm 0x5c5669ad4d60 rank 1 tpRank 0(8734e16d93ce2fa6) reqSize 8 respSize 0 respFd 85 opId 0x52b853a6006ce9df - DONE
aig-a100:1622687:1622706 [1] NCCL INFO UDS: ClientGetFd handle 0x7091a8039f00 tpRank 0 returned fd 85 sameProcess 0
aig-a100:1622687:1622706 [1] NCCL INFO UDS converted handle 0x7091a8039f00 to fd 85 on remote peer 0
aig-a100:1622687:1622705 [1] NCCL INFO proxyUDSRecvReq::ncclProxyMsgGetFd rank 0 opId 0x2fdbe5f7c4390039 handle=0x7f92940387c0
aig-a100:1622687:1622705 [1] NCCL INFO UDS proxyGetFd received handle 0x7f92940387c0 peer 0 opId 2fdbe5f7c4390039
aig-a100:1622687:1622706 [1] NCCL INFO Imported shareable buffer device 1 size 6291456 ptr 0x416000000
aig-a100:1622687:1622706 [1] NCCL INFO ProxyCall UDS comm 0x5c5669ad4d60 rank 1 tpRank 0(8734e16d93ce2fa6) reqSize 8 respSize 0 respFd 0x7f929b78d5b8 opId 0x5c7a8a64b26a54c
aig-a100:1622687:1622706 [1] NCCL INFO ProxyCall UDS comm 0x5c5669ad4d60 rank 1 tpRank 0(8734e16d93ce2fa6) reqSize 8 respSize 0 respFd 87 opId 0x5c7a8a64b26a54c - DONE
aig-a100:1622687:1622706 [1] NCCL INFO UDS: ClientGetFd handle 0x7091a8017af0 tpRank 0 returned fd 87 sameProcess 0
aig-a100:1622687:1622706 [1] NCCL INFO UDS converted handle 0x7091a8017af0 to fd 87 on remote peer 0
aig-a100:1622687:1622705 [1] NCCL INFO proxyUDSRecvReq::ncclProxyMsgGetFd rank 0 opId 0x259949de926acb0 handle=0x7f92940163b0
aig-a100:1622687:1622705 [1] NCCL INFO UDS proxyGetFd received handle 0x7f92940163b0 peer 0 opId 259949de926acb0
aig-a100:1622687:1622706 [1] NCCL INFO Imported shareable buffer device 1 size 6291456 ptr 0x416600000
aig-a100:1622687:1622706 [1] NCCL INFO ProxyCall UDS comm 0x5c5669ad4d60 rank 1 tpRank 0(8734e16d93ce2fa6) reqSize 8 respSize 0 respFd 0x7f929b78d5a8 opId 0x37f82b8fe72dd82b
aig-a100:1622687:1622706 [1] NCCL INFO ProxyCall UDS comm 0x5c5669ad4d60 rank 1 tpRank 0(8734e16d93ce2fa6) reqSize 8 respSize 0 respFd 88 opId 0x37f82b8fe72dd82b - DONE
aig-a100:1622687:1622706 [1] NCCL INFO UDS: ClientGetFd handle 0x7091a803b640 tpRank 0 returned fd 88 sameProcess 0
aig-a100:1622687:1622706 [1] NCCL INFO UDS converted handle 0x7091a803b640 to fd 88 on remote peer 0
aig-a100:1622687:1622705 [1] NCCL INFO proxyUDSRecvReq::ncclProxyMsgGetFd rank 0 opId 0x7f24293f7c940039 handle=0x7f9294039f00
aig-a100:1622687:1622705 [1] NCCL INFO UDS proxyGetFd received handle 0x7f9294039f00 peer 0 opId 7f24293f7c940039
aig-a100:1622687:1622706 [1] NCCL INFO Imported shareable buffer device 1 size 6291456 ptr 0x416c00000
aig-a100:1622687:1622706 [1] NCCL INFO ProxyCall UDS comm 0x5c5669ad4d60 rank 1 tpRank 0(8734e16d93ce2fa6) reqSize 8 respSize 0 respFd 0x7f929b78d5b8 opId 0x53d9ef28b0a68d0d
aig-a100:1622687:1622706 [1] NCCL INFO ProxyCall UDS comm 0x5c5669ad4d60 rank 1 tpRank 0(8734e16d93ce2fa6) reqSize 8 respSize 0 respFd 89 opId 0x53d9ef28b0a68d0d - DONE
aig-a100:1622687:1622706 [1] NCCL INFO UDS: ClientGetFd handle 0x7091a8019230 tpRank 0 returned fd 89 sameProcess 0
aig-a100:1622687:1622706 [1] NCCL INFO UDS converted handle 0x7091a8019230 to fd 89 on remote peer 0
aig-a100:1622687:1622705 [1] NCCL INFO proxyUDSRecvReq::ncclProxyMsgGetFd rank 0 opId 0x57a135cb3309fd8d handle=0x7f9294017af0
aig-a100:1622687:1622705 [1] NCCL INFO UDS proxyGetFd received handle 0x7f9294017af0 peer 0 opId 57a135cb3309fd8d
aig-a100:1622687:1622706 [1] NCCL INFO Imported shareable buffer device 1 size 6291456 ptr 0x417200000
aig-a100:1622687:1622706 [1] NCCL INFO ProxyCall UDS comm 0x5c5669ad4d60 rank 1 tpRank 0(8734e16d93ce2fa6) reqSize 8 respSize 0 respFd 0x7f929b78d5a8 opId 0x570d59a021cb588d
aig-a100:1622687:1622706 [1] NCCL INFO ProxyCall UDS comm 0x5c5669ad4d60 rank 1 tpRank 0(8734e16d93ce2fa6) reqSize 8 respSize 0 respFd 90 opId 0x570d59a021cb588d - DONE
aig-a100:162268686:1622707 [0] NCCL INFO ProxyCall UDS comm 0x5cb1e5acbda0 rank 0 tpRank 1(ed7e57d67ac53c0f) reqSize 8 respSize 0 respFd 0x7091ae3c35b8 opId 0x57a135cb3309fd8d
aig-a100:1622686:1622707 [0] NCCL INFO ProxyCall UDS comm 0x5cb1e5acbda0 rank 0 tpRank 1(ed7e57d67ac53c0f) reqSize 8 respSize 0 respFd 92 opId 0x57a135cb3309fd8d - DONE
aig-a100:1622686:1622707 [0] NCCL INFO UDS: ClientGetFd handle 0x7f9294017af0 tpRank 1 returned fd 92 sameProcess 0
aig-a100:1622686:1622707 [0] NCCL INFO UDS converted handle 0x7f9294017af0 to fd 92 on remote peer 1
aig-a100:1622686:1622704 [0] NCCL INFO proxyUDSRecvReq::ncclProxyMsgGetFd rank 1 opId 0x570d59a021cb588d handle=0x7091a803cd80
aig-a100:1622686:1622704 [0] NCCL INFO UDS proxyGetFd received handle 0x7091a803cd80 peer 1 opId 570d59a021cb588d
aig-a100:1622686:1622707 [0] NCCL INFO Imported shareable buffer device 0 size 6291456 ptr 0x416600000
aig-a100:1622686:1622707 [0] NCCL INFO ProxyCall UDS comm 0x5cb1e5acbda0 rank 0 tpRank 1(ed7e57d67ac53c0f) reqSize 8 respSize 0 respFd 0x7091ae3c35a8 opId 0xaccf3059020c60c1
aig-a100:1622686:1622707 [0] NCCL INFO ProxyCall UDS comm 0x5cb1e5acbda0 rank 0 tpRank 1(ed7e57d67ac53c0f) reqSize 8 respSize 0 respFd 93 opId 0xaccf3059020c60c1 - DONE
aig-a100:1622686:1622707 [0] NCCL INFO UDS: ClientGetFd handle 0x7f929403b640 tpRank 1 returned fd 93 sameProcess 0
aig-a100:1622686:1622707 [0] NCCL INFO UDS converted handle 0x7f929403b640 to fd 93 on remote peer 1
aig-a100:1622686:1622704 [0] NCCL INFO proxyUDSRecvReq::ncclProxyMsgGetFd rank 1 opId 0x84c34636edc905b6 handle=0x7091a801a970
aig-a100:1622686:1622704 [0] NCCL INFO UDS proxyGetFd received handle 0x7091a801a970 peer 1 opId 84c34636edc905b6
aig-a100:1622686:1622707 [0] NCCL INFO Imported shareable buffer device 0 size 6291456 ptr 0x416c00000
aig-a100:1622686:1622707 [0] NCCL INFO ProxyCall UDS comm 0x5cb1e5acbda0 rank 0 tpRank 1(ed7e57d67ac53c0f) reqSize 8 respSize 0 respFd 0x7091ae3c35b8 opId 0x60fbaf2d7289acc5
aig-a100:1622686:1622707 [0] NCCL INFO ProxyCall UDS comm 0x5cb1e5acbda0 rank 0 tpRank 1(ed7e57d67ac53c0f) reqSize 8 respSize 0 respFd 94 opId 0x60fbaf2d7289acc5 - DONE
aig-a100:1622686:1622707 [0] NCCL INFO UDS: ClientGetFd handle 0x7f9294019230 tpRank 1 returned fd 94 sameProcess 0
aig-a100:1622686:1622707 [0] NCCL INFO UDS converted handle 0x7f9294019230 to fd 94 on remote peer 1
aig-a100:1622686:1622704 [0] NCCL INFO proxyUDSRecvReq::ncclProxyMsgGetFd rank 1 opId 0x7b0ed8343eb0bf7f handle=0x7091a803e910
aig-a100:1622686:1622704 [0] NCCL INFO UDS proxyGetFd received handle 0x7091a803e910 peer 1 opId 7b0ed8343eb0bf7f
aig-a100:1622686:1622707 [0] NCCL INFO Imported shareable buffer device 0 size 6291456 ptr 0x417200000
aig-a100:1622686:1622707 [0] NCCL INFO ProxyCall UDS comm 0x5cb1e5acbda0 rank 0 tpRank 1(ed7e57d67ac53c0f) reqSize 8 respSize 0 respFd 0x7091ae3c35a8 opId 0x3afe40044e4d3125
aig-a100:1622686:1622707 [0] NCCL INFO ProxyCall UDS comm 0x5cb1e5acbda0 rank 0 tpRank 1(ed7e57d67ac53c0f) reqSize 8 respSize 0 respFd 95 opId 0x3afe40044e4d3125 - DONE
aig-a100:1622686:1622707 [0] NCCL INFO UDS: ClientGetFd handle 0x7f929403cd80 tpRank 1 returned fd 95 sameProcess 0
aig-a100:1622686:1622707 [0] NCCL INFO UDS converted handle 0x7f929403cd80 to fd 95 on remote peer 1
aig-a100:1622686:1622704 [0] NCCL INFO proxyUDSRecvReq::ncclProxyMsgGetFd rank 1 opId 0xe9a251ba786f0e70 handle=0x7091a801c0b0
aig-a100:1622686:1622704 [0] NCCL INFO UDS proxyGetFd received handle 0x7091a801c0b0 peer 1 opId e9a251ba786f0e70
aig-a100:1622686:1622707 [0] NCCL INFO Imported shareable buffer device 0 size 6291456 ptr 0x417800000
aig-a100:1622686:1622707 [0] NCCL INFO ProxyCall UDS comm 0x5cb1e5acbda0 rank 0 tpRank 1(ed7e57d67ac53c0f) reqSize 8 respSize 0 respFd 0x7091ae3c35b8 opId 0x5911b8ecbbc148e
aig-a100:1622686:1622707 [0] NCCL INFO ProxyCall UDS comm 0x5cb1e5acbda0 rank 0 tpRank 1(ed7e57d67ac53c0f) reqSize 8 respSize 0 respFd 96 opId 0x5911b8ecbbc148e - DONE
aig-a100:1622686:1622707 [0] NCCL INFO UDS: ClientGetFd handle 0x7f929401a970 tpRank 1 returned fd 96 sameProcess 0
aig-a100:1622686:1622707 [0] NCCL IN7:1622706 [1] NCCL INFO UDS: ClientGetFd handle 0x7091a803cd80 tpRank 0 returned fd 90 sameProcess 0
aig-a100:1622687:1622706 [1] NCCL INFO UDS converted handle 0x7091a803cd80 to fd 90 on remote peer 0
aig-a100:1622687:1622705 [1] NCCL INFO proxyUDSRecvReq::ncclProxyMsgGetFd rank 0 opId 0xaccf3059020c60c1 handle=0x7f929403b640
aig-a100:1622687:1622705 [1] NCCL INFO UDS proxyGetFd received handle 0x7f929403b640 peer 0 opId accf3059020c60c1
aig-a100:1622687:1622706 [1] NCCL INFO Imported shareable buffer device 1 size 6291456 ptr 0x417800000
aig-a100:1622687:1622706 [1] NCCL INFO ProxyCall UDS comm 0x5c5669ad4d60 rank 1 tpRank 0(8734e16d93ce2fa6) reqSize 8 respSize 0 respFd 0x7f929b78d5b8 opId 0x84c34636edc905b6
aig-a100:1622687:1622706 [1] NCCL INFO ProxyCall UDS comm 0x5c5669ad4d60 rank 1 tpRank 0(8734e16d93ce2fa6) reqSize 8 respSize 0 respFd 91 opId 0x84c34636edc905b6 - DONE
aig-a100:1622687:1622706 [1] NCCL INFO UDS: ClientGetFd handle 0x7091a801a970 tpRank 0 returned fd 91 sameProcess 0
aig-a100:1622687:1622706 [1] NCCL INFO UDS converted handle 0x7091a801a970 to fd 91 on remote peer 0
aig-a100:1622687:1622705 [1] NCCL INFO proxyUDSRecvReq::ncclProxyMsgGetFd rank 0 opId 0x60fbaf2d7289acc5 handle=0x7f9294019230
aig-a100:1622687:1622705 [1] NCCL INFO UDS proxyGetFd received handle 0x7f9294019230 peer 0 opId 60fbaf2d7289acc5
aig-a100:1622687:1622706 [1] NCCL INFO Imported shareable buffer device 1 size 6291456 ptr 0x418000000
aig-a100:1622687:1622706 [1] NCCL INFO ProxyCall UDS comm 0x5c5669ad4d60 rank 1 tpRank 0(8734e16d93ce2fa6) reqSize 8 respSize 0 respFd 0x7f929b78d5a8 opId 0x7b0ed8343eb0bf7f
aig-a100:1622687:1622706 [1] NCCL INFO ProxyCall UDS comm 0x5c5669ad4d60 rank 1 tpRank 0(8734e16d93ce2fa6) reqSize 8 respSize 0 respFd 92 opId 0x7b0ed8343eb0bf7f - DONE
aig-a100:1622687:1622706 [1] NCCL INFO UDS: ClientGetFd handle 0x7091a803e910 tpRank 0 returned fd 92 sameProcess 0
aig-a100:1622687:1622706 [1] NCCL INFO UDS converted handle 0x7091a803e910 to fd 92 on remote peer 0
aig-a100:1622687:1622705 [1] NCCL INFO proxyUDSRecvReq::ncclProxyMsgGetFd rank 0 opId 0x3afe40044e4d3125 handle=0x7f929403cd80
aig-a100:1622687:1622705 [1] NCCL INFO UDS proxyGetFd received handle 0x7f929403cd80 peer 0 opId 3afe40044e4d3125
aig-a100:1622687:1622706 [1] NCCL INFO Imported shareable buffer device 1 size 6291456 ptr 0x418600000
aig-a100:1622687:1622706 [1] NCCL INFO ProxyCall UDS comm 0x5c5669ad4d60 rank 1 tpRank 0(8734e16d93ce2fa6) reqSize 8 respSize 0 respFd 0x7f929b78d5b8 opId 0xe9a251ba786f0e70
aig-a100:1622687:1622706 [1] NCCL INFO ProxyCall UDS comm 0x5c5669ad4d60 rank 1 tpRank 0(8734e16d93ce2fa6) reqSize 8 respSize 0 respFd 93 opId 0xe9a251ba786f0e70 - DONE
aig-a100:1622687:1622706 [1] NCCL INFO UDS: ClientGetFd handle 0x7091a801c0b0 tpRank 0 returned fd 93 sameProcess 0
aig-a100:1622687:1622706 [1] NCCL INFO UDS converted handle 0x7091a801c0b0 to fd 93 on remote peer 0
aig-a100:1622687:1622705 [1] NCCL INFO proxyUDSRecvReq::ncclProxyMsgGetFd rank 0 opId 0x5911b8ecbbc148e handle=0x7f929401a970
aig-a100:1622687:1622705 [1] NCCL INFO UDS proxyGetFd received handle 0x7f929401a970 peer 0 opId 5911b8ecbbc148e
aig-a100:1622687:1622706 [1] NCCL INFO Imported shareable buffer device 1 size 6291456 ptr 0x418c00000
aig-a100:1622687:1622706 [1] NCCL INFO ProxyCall UDS comm 0x5c5669ad4d60 rank 1 tpRank 0(8734e16d93ce2fa6) reqSize 8 respSize 0 respFd 0x7f929b78d5a8 opId 0x55cbe9778140c0e3
aig-a100:1622687:1622706 [1] NCCL INFO ProxyCall UDS comm 0x5c5669ad4d60 rank 1 tpRank 0(8734e16d93ce2fa6) reqSize 8 respSize 0 respFd 94 opId 0x55cbe9778140c0e3 - DONE
aig-a100:1622687:1622706 [1] NCCL INFO UDS: ClientGetFd handle 0x7091a8040050 tpRank 0 returned fd 94 sameProcess 0
aig-a100:1622687:1622706 [1] NCCL INFO UDS converted handle 0x7091a8040050 to fd 94 on remote peer 0
aig-a100:1622687:1622705 [1] NCCL INFO proxyUDSRecvReq::ncclProxyMsgGetFd rank 0 opId 0xacb6b0f6ed2f62e9 handle=0x7f929403e910
aig-a100:1622687:1622705 [1] NCCL INFO UDS proxyGetFd received handle 0x7f929403e910 peer 0 opId acb6b0f6ed2f62e9
aig-a100:1622687:1622706 [1] NCCL INFO FO UDS converted handle 0x7f929401a970 to fd 96 on remote peer 1
aig-a100:1622686:1622704 [0] NCCL INFO proxyUDSRecvReq::ncclProxyMsgGetFd rank 1 opId 0x55cbe9778140c0e3 handle=0x7091a8040050
aig-a100:1622686:1622704 [0] NCCL INFO UDS proxyGetFd received handle 0x7091a8040050 peer 1 opId 55cbe9778140c0e3
aig-a100:1622686:1622707 [0] NCCL INFO Imported shareable buffer device 0 size 6291456 ptr 0x418000000
aig-a100:1622686:1622707 [0] NCCL INFO ProxyCall UDS comm 0x5cb1e5acbda0 rank 0 tpRank 1(ed7e57d67ac53c0f) reqSize 8 respSize 0 respFd 0x7091ae3c35a8 opId 0xacb6b0f6ed2f62e9
aig-a100:1622686:1622707 [0] NCCL INFO ProxyCall UDS comm 0x5cb1e5acbda0 rank 0 tpRank 1(ed7e57d67ac53c0f) reqSize 8 respSize 0 respFd 97 opId 0xacb6b0f6ed2f62e9 - DONE
aig-a100:1622686:1622707 [0] NCCL INFO UDS: ClientGetFd handle 0x7f929403e910 tpRank 1 returned fd 97 sameProcess 0
aig-a100:1622686:1622707 [0] NCCL INFO UDS converted handle 0x7f929403e910 to fd 97 on remote peer 1
aig-a100:1622686:1622704 [0] NCCL INFO proxyUDSRecvReq::ncclProxyMsgGetFd rank 1 opId 0x9dd975ec6c9e866d handle=0x7091a801d7f0
aig-a100:1622686:1622704 [0] NCCL INFO UDS proxyGetFd received handle 0x7091a801d7f0 peer 1 opId 9dd975ec6c9e866d
aig-a100:1622686:1622707 [0] NCCL INFO Imported shareable buffer device 0 size 6291456 ptr 0x418600000
aig-a100:1622686:1622707 [0] NCCL INFO ProxyCall UDS comm 0x5cb1e5acbda0 rank 0 tpRank 1(ed7e57d67ac53c0f) reqSize 8 respSize 0 respFd 0x7091ae3c35b8 opId 0xc49f100c0d4a268c
aig-a100:1622686:1622707 [0] NCCL INFO ProxyCall UDS comm 0x5cb1e5acbda0 rank 0 tpRank 1(ed7e57d67ac53c0f) reqSize 8 respSize 0 respFd 98 opId 0xc49f100c0d4a268c - DONE
aig-a100:1622686:1622707 [0] NCCL INFO UDS: ClientGetFd handle 0x7f929401c0b0 tpRank 1 returned fd 98 sameProcess 0
aig-a100:1622686:1622707 [0] NCCL INFO UDS converted handle 0x7f929401c0b0 to fd 98 on remote peer 1
aig-a100:1622686:1622704 [0] NCCL INFO proxyUDSRecvReq::ncclProxyMsgGetFd rank 1 opId 0x3d50f2a8b92a4cd6 handle=0x7091a8041790
aig-a100:1622686:1622704 [0] NCCL INFO UDS proxyGetFd received handle 0x7091a8041790 peer 1 opId 3d50f2a8b92a4cd6
aig-a100:1622686:1622707 [0] NCCL INFO Imported shareable buffer device 0 size 6291456 ptr 0x418c00000
aig-a100:1622686:1622707 [0] NCCL INFO ProxyCall UDS comm 0x5cb1e5acbda0 rank 0 tpRank 1(ed7e57d67ac53c0f) reqSize 8 respSize 0 respFd 0x7091ae3c35a8 opId 0x28c83ed15a334d16
aig-a100:1622686:1622707 [0] NCCL INFO ProxyCall UDS comm 0x5cb1e5acbda0 rank 0 tpRank 1(ed7e57d67ac53c0f) reqSize 8 respSize 0 respFd 99 opId 0x28c83ed15a334d16 - DONE
aig-a100:1622686:1622707 [0] NCCL INFO UDS: ClientGetFd handle 0x7f9294040050 tpRank 1 returned fd 99 sameProcess 0
aig-a100:1622686:1622707 [0] NCCL INFO UDS converted handle 0x7f9294040050 to fd 99 on remote peer 1
aig-a100:1622686:1622704 [0] NCCL INFO proxyUDSRecvReq::ncclProxyMsgGetFd rank 1 opId 0xe4ffb9bad3669088 handle=0x7091a801ef30
aig-a100:1622686:1622704 [0] NCCL INFO UDS proxyGetFd received handle 0x7091a801ef30 peer 1 opId e4ffb9bad3669088
aig-a100:1622686:1622707 [0] NCCL INFO Imported shareable buffer device 0 size 6291456 ptr 0x419200000
aig-a100:1622686:1622707 [0] NCCL INFO ProxyCall UDS comm 0x5cb1e5acbda0 rank 0 tpRank 1(ed7e57d67ac53c0f) reqSize 8 respSize 0 respFd 0x7091ae3c35b8 opId 0xa08a3ded0f776fa6
aig-a100:1622686:1622707 [0] NCCL INFO ProxyCall UDS comm 0x5cb1e5acbda0 rank 0 tpRank 1(ed7e57d67ac53c0f) reqSize 8 respSize 0 respFd 100 opId 0xa08a3ded0f776fa6 - DONE
aig-a100:1622686:1622707 [0] NCCL INFO UDS: ClientGetFd handle 0x7f929401d7f0 tpRank 1 returned fd 100 sameProcess 0
aig-a100:1622686:1622707 [0] NCCL INFO UDS converted handle 0x7f929401d7f0 to fd 100 on remote peer 1
aig-a100:1622686:1622704 [0] NCCL INFO proxyUDSRecvReq::ncclProxyMsgGetFd rank 1 opId 0x37799c2d9ab65939 handle=0x7091a8042ed0
aig-a100:1622686:1622704 [0] NCCL INFO UDS proxyGetFd received handle 0x7091a8042ed0 peer 1 opId 37799c2d9ab65939
aig-a100:1622686:1622707 [0] NCCL INFO Imported shareable buffer device 0 size 6291456 ptr 0x419800000
aig-a100:1622686:1622707 [0] NCCL INFO ProxyCall UDS comm 0x5cb1e5acImported shareable buffer device 1 size 6291456 ptr 0x419200000
aig-a100:1622687:1622706 [1] NCCL INFO ProxyCall UDS comm 0x5c5669ad4d60 rank 1 tpRank 0(8734e16d93ce2fa6) reqSize 8 respSize 0 respFd 0x7f929b78d5b8 opId 0x9dd975ec6c9e866d
aig-a100:1622687:1622706 [1] NCCL INFO ProxyCall UDS comm 0x5c5669ad4d60 rank 1 tpRank 0(8734e16d93ce2fa6) reqSize 8 respSize 0 respFd 95 opId 0x9dd975ec6c9e866d - DONE
aig-a100:1622687:1622706 [1] NCCL INFO UDS: ClientGetFd handle 0x7091a801d7f0 tpRank 0 returned fd 95 sameProcess 0
aig-a100:1622687:1622706 [1] NCCL INFO UDS converted handle 0x7091a801d7f0 to fd 95 on remote peer 0
aig-a100:1622687:1622705 [1] NCCL INFO proxyUDSRecvReq::ncclProxyMsgGetFd rank 0 opId 0xc49f100c0d4a268c handle=0x7f929401c0b0
aig-a100:1622687:1622705 [1] NCCL INFO UDS proxyGetFd received handle 0x7f929401c0b0 peer 0 opId c49f100c0d4a268c
aig-a100:1622687:1622706 [1] NCCL INFO Imported shareable buffer device 1 size 6291456 ptr 0x419800000
aig-a100:1622687:1622706 [1] NCCL INFO ProxyCall UDS comm 0x5c5669ad4d60 rank 1 tpRank 0(8734e16d93ce2fa6) reqSize 8 respSize 0 respFd 0x7f929b78d5a8 opId 0x3d50f2a8b92a4cd6
aig-a100:1622687:1622706 [1] NCCL INFO ProxyCall UDS comm 0x5c5669ad4d60 rank 1 tpRank 0(8734e16d93ce2fa6) reqSize 8 respSize 0 respFd 96 opId 0x3d50f2a8b92a4cd6 - DONE
aig-a100:1622687:1622706 [1] NCCL INFO UDS: ClientGetFd handle 0x7091a8041790 tpRank 0 returned fd 96 sameProcess 0
aig-a100:1622687:1622706 [1] NCCL INFO UDS converted handle 0x7091a8041790 to fd 96 on remote peer 0
aig-a100:1622687:1622705 [1] NCCL INFO proxyUDSRecvReq::ncclProxyMsgGetFd rank 0 opId 0x28c83ed15a334d16 handle=0x7f9294040050
aig-a100:1622687:1622705 [1] NCCL INFO UDS proxyGetFd received handle 0x7f9294040050 peer 0 opId 28c83ed15a334d16
aig-a100:1622687:1622706 [1] NCCL INFO Imported shareable buffer device 1 size 6291456 ptr 0x41a000000
aig-a100:1622687:1622706 [1] NCCL INFO ProxyCall UDS comm 0x5c5669ad4d60 rank 1 tpRank 0(8734e16d93ce2fa6) reqSize 8 respSize 0 respFd 0x7f929b78d5b8 opId 0xe4ffb9bad3669088
aig-a100:1622687:1622706 [1] NCCL INFO ProxyCall UDS comm 0x5c5669ad4d60 rank 1 tpRank 0(8734e16d93ce2fa6) reqSize 8 respSize 0 respFd 97 opId 0xe4ffb9bad3669088 - DONE
aig-a100:1622687:1622706 [1] NCCL INFO UDS: ClientGetFd handle 0x7091a801ef30 tpRank 0 returned fd 97 sameProcess 0
aig-a100:1622687:1622706 [1] NCCL INFO UDS converted handle 0x7091a801ef30 to fd 97 on remote peer 0
aig-a100:1622687:1622705 [1] NCCL INFO proxyUDSRecvReq::ncclProxyMsgGetFd rank 0 opId 0xa08a3ded0f776fa6 handle=0x7f929401d7f0
aig-a100:1622687:1622705 [1] NCCL INFO UDS proxyGetFd received handle 0x7f929401d7f0 peer 0 opId a08a3ded0f776fa6
aig-a100:1622687:1622706 [1] NCCL INFO Imported shareable buffer device 1 size 6291456 ptr 0x41a600000
aig-a100:1622687:1622706 [1] NCCL INFO ProxyCall UDS comm 0x5c5669ad4d60 rank 1 tpRank 0(8734e16d93ce2fa6) reqSize 8 respSize 0 respFd 0x7f929b78d5a8 opId 0x37799c2d9ab65939
aig-a100:1622687:1622706 [1] NCCL INFO ProxyCall UDS comm 0x5c5669ad4d60 rank 1 tpRank 0(8734e16d93ce2fa6) reqSize 8 respSize 0 respFd 98 opId 0x37799c2d9ab65939 - DONE
aig-a100:1622687:1622706 [1] NCCL INFO UDS: ClientGetFd handle 0x7091a8042ed0 tpRank 0 returned fd 98 sameProcess 0
aig-a100:1622687:1622706 [1] NCCL INFO UDS converted handle 0x7091a8042ed0 to fd 98 on remote peer 0
aig-a100:1622687:1622705 [1] NCCL INFO proxyUDSRecvReq::ncclProxyMsgGetFd rank 0 opId 0xbbf77275f46e4ab9 handle=0x7f9294041790
aig-a100:1622687:1622705 [1] NCCL INFO UDS proxyGetFd received handle 0x7f9294041790 peer 0 opId bbf77275f46e4ab9
aig-a100:1622687:1622706 [1] NCCL INFO Imported shareable buffer device 1 size 6291456 ptr 0x41ac00000
aig-a100:1622687:1622706 [1] NCCL INFO ProxyCall UDS comm 0x5c5669ad4d60 rank 1 tpRank 0(8734e16d93ce2fa6) reqSize 8 respSize 0 respFd 0x7f929b78d5b8 opId 0x67225f9baf7ec4e3
aig-a100:1622687:1622706 [1] NCCL INFO ProxyCall UDS comm 0x5c5669ad4d60 rank 1 tpRank 0(8734e16d93ce2fa6) reqSize 8 respSize 0 respFd 99 opId 0x67225f9baf7ec4e3 - DONE
aig-a100:1622687:1622706 [1] NCCL INFO UDS: ClientGetFd handle 0x7091a802bda0 rank 0 tpRank 1(ed7e57d67ac53c0f) reqSize 8 respSize 0 respFd 0x7091ae3c35a8 opId 0xbbf77275f46e4ab9
aig-a100:1622686:1622707 [0] NCCL INFO ProxyCall UDS comm 0x5cb1e5acbda0 rank 0 tpRank 1(ed7e57d67ac53c0f) reqSize 8 respSize 0 respFd 101 opId 0xbbf77275f46e4ab9 - DONE
aig-a100:1622686:1622707 [0] NCCL INFO UDS: ClientGetFd handle 0x7f9294041790 tpRank 1 returned fd 101 sameProcess 0
aig-a100:1622686:1622707 [0] NCCL INFO UDS converted handle 0x7f9294041790 to fd 101 on remote peer 1
aig-a100:1622686:1622704 [0] NCCL INFO proxyUDSRecvReq::ncclProxyMsgGetFd rank 1 opId 0x67225f9baf7ec4e3 handle=0x7091a8020670
aig-a100:1622686:1622704 [0] NCCL INFO UDS proxyGetFd received handle 0x7091a8020670 peer 1 opId 67225f9baf7ec4e3
aig-a100:1622686:1622707 [0] NCCL INFO Imported shareable buffer device 0 size 6291456 ptr 0x41a000000
aig-a100:1622686:1622707 [0] NCCL INFO ProxyCall UDS comm 0x5cb1e5acbda0 rank 0 tpRank 1(ed7e57d67ac53c0f) reqSize 8 respSize 0 respFd 0x7091ae3c35b8 opId 0x631ed965bf63a169
aig-a100:1622686:1622707 [0] NCCL INFO ProxyCall UDS comm 0x5cb1e5acbda0 rank 0 tpRank 1(ed7e57d67ac53c0f) reqSize 8 respSize 0 respFd 102 opId 0x631ed965bf63a169 - DONE
aig-a100:1622686:1622707 [0] NCCL INFO UDS: ClientGetFd handle 0x7f929401ef30 tpRank 1 returned fd 102 sameProcess 0
aig-a100:1622686:1622707 [0] NCCL INFO UDS converted handle 0x7f929401ef30 to fd 102 on remote peer 1
aig-a100:1622686:1622704 [0] NCCL INFO proxyUDSRecvReq::ncclProxyMsgGetFd rank 1 opId 0x7b716e095851c9e4 handle=0x7091a8044610
aig-a100:1622686:1622704 [0] NCCL INFO UDS proxyGetFd received handle 0x7091a8044610 peer 1 opId 7b716e095851c9e4
aig-a100:1622686:1622707 [0] NCCL INFO Imported shareable buffer device 0 size 6291456 ptr 0x41a600000
aig-a100:1622686:1622707 [0] NCCL INFO ProxyCall UDS comm 0x5cb1e5acbda0 rank 0 tpRank 1(ed7e57d67ac53c0f) reqSize 8 respSize 0 respFd 0x7091ae3c35a8 opId 0xe299c6d565b9baef
aig-a100:1622686:1622707 [0] NCCL INFO ProxyCall UDS comm 0x5cb1e5acbda0 rank 0 tpRank 1(ed7e57d67ac53c0f) reqSize 8 respSize 0 respFd 103 opId 0xe299c6d565b9baef - DONE
aig-a100:1622686:1622707 [0] NCCL INFO UDS: ClientGetFd handle 0x7f9294042ed0 tpRank 1 returned fd 103 sameProcess 0
aig-a100:1622686:1622707 [0] NCCL INFO UDS converted handle 0x7f9294042ed0 to fd 103 on remote peer 1
aig-a100:1622686:1622704 [0] NCCL INFO proxyUDSRecvReq::ncclProxyMsgGetFd rank 1 opId 0x92f00353e28f563a handle=0x7091a8021db0
aig-a100:1622686:1622704 [0] NCCL INFO UDS proxyGetFd received handle 0x7091a8021db0 peer 1 opId 92f00353e28f563a
aig-a100:1622686:1622707 [0] NCCL INFO Imported shareable buffer device 0 size 6291456 ptr 0x41ac00000
aig-a100:1622686:1622707 [0] NCCL INFO ProxyCall UDS comm 0x5cb1e5acbda0 rank 0 tpRank 1(ed7e57d67ac53c0f) reqSize 8 respSize 0 respFd 0x7091ae3c35b8 opId 0xc4ffa335ce78399a
aig-a100:1622686:1622707 [0] NCCL INFO ProxyCall UDS comm 0x5cb1e5acbda0 rank 0 tpRank 1(ed7e57d67ac53c0f) reqSize 8 respSize 0 respFd 104 opId 0xc4ffa335ce78399a - DONE
aig-a100:1622686:1622707 [0] NCCL INFO UDS: ClientGetFd handle 0x7f9294020670 tpRank 1 returned fd 104 sameProcess 0
aig-a100:1622686:1622707 [0] NCCL INFO UDS converted handle 0x7f9294020670 to fd 104 on remote peer 1
aig-a100:1622686:1622704 [0] NCCL INFO proxyUDSRecvReq::ncclProxyMsgGetFd rank 1 opId 0xc54ec33ca7f10915 handle=0x7091a80461a0
aig-a100:1622686:1622704 [0] NCCL INFO UDS proxyGetFd received handle 0x7091a80461a0 peer 1 opId c54ec33ca7f10915
aig-a100:1622686:1622707 [0] NCCL INFO Imported shareable buffer device 0 size 6291456 ptr 0x41b200000
aig-a100:1622686:1622707 [0] NCCL INFO ProxyCall UDS comm 0x5cb1e5acbda0 rank 0 tpRank 1(ed7e57d67ac53c0f) reqSize 8 respSize 0 respFd 0x7091ae3c35a8 opId 0xb9d43a82cd69ed5c
aig-a100:1622686:1622707 [0] NCCL INFO ProxyCall UDS comm 0x5cb1e5acbda0 rank 0 tpRank 1(ed7e57d67ac53c0f) reqSize 8 respSize 0 respFd 105 opId 0xb9d43a82cd69ed5c - DONE
aig-a100:1622686:1622707 [0] NCCL INFO UDS: ClientGetFd handle 0x7f9294044610 tpRank 1 returned fd 105 sameProcess 0
aig-a100:1622686:1622707 [0] NCCL INFO UDS converted handle 0x7f9294044610 0670 tpRank 0 returned fd 99 sameProcess 0
aig-a100:1622687:1622706 [1] NCCL INFO UDS converted handle 0x7091a8020670 to fd 99 on remote peer 0
aig-a100:1622687:1622705 [1] NCCL INFO proxyUDSRecvReq::ncclProxyMsgGetFd rank 0 opId 0x631ed965bf63a169 handle=0x7f929401ef30
aig-a100:1622687:1622705 [1] NCCL INFO UDS proxyGetFd received handle 0x7f929401ef30 peer 0 opId 631ed965bf63a169
aig-a100:1622687:1622706 [1] NCCL INFO Imported shareable buffer device 1 size 6291456 ptr 0x41b200000
aig-a100:1622687:1622706 [1] NCCL INFO ProxyCall UDS comm 0x5c5669ad4d60 rank 1 tpRank 0(8734e16d93ce2fa6) reqSize 8 respSize 0 respFd 0x7f929b78d5a8 opId 0x7b716e095851c9e4
aig-a100:1622687:1622706 [1] NCCL INFO ProxyCall UDS comm 0x5c5669ad4d60 rank 1 tpRank 0(8734e16d93ce2fa6) reqSize 8 respSize 0 respFd 100 opId 0x7b716e095851c9e4 - DONE
aig-a100:1622687:1622706 [1] NCCL INFO UDS: ClientGetFd handle 0x7091a8044610 tpRank 0 returned fd 100 sameProcess 0
aig-a100:1622687:1622706 [1] NCCL INFO UDS converted handle 0x7091a8044610 to fd 100 on remote peer 0
aig-a100:1622687:1622705 [1] NCCL INFO proxyUDSRecvReq::ncclProxyMsgGetFd rank 0 opId 0xe299c6d565b9baef handle=0x7f9294042ed0
aig-a100:1622687:1622705 [1] NCCL INFO UDS proxyGetFd received handle 0x7f9294042ed0 peer 0 opId e299c6d565b9baef
aig-a100:1622687:1622706 [1] NCCL INFO Imported shareable buffer device 1 size 6291456 ptr 0x41b800000
aig-a100:1622687:1622706 [1] NCCL INFO ProxyCall UDS comm 0x5c5669ad4d60 rank 1 tpRank 0(8734e16d93ce2fa6) reqSize 8 respSize 0 respFd 0x7f929b78d5b8 opId 0x92f00353e28f563a
aig-a100:1622687:1622706 [1] NCCL INFO ProxyCall UDS comm 0x5c5669ad4d60 rank 1 tpRank 0(8734e16d93ce2fa6) reqSize 8 respSize 0 respFd 101 opId 0x92f00353e28f563a - DONE
aig-a100:1622687:1622706 [1] NCCL INFO UDS: ClientGetFd handle 0x7091a8021db0 tpRank 0 returned fd 101 sameProcess 0
aig-a100:1622687:1622706 [1] NCCL INFO UDS converted handle 0x7091a8021db0 to fd 101 on remote peer 0
aig-a100:1622687:1622705 [1] NCCL INFO proxyUDSRecvReq::ncclProxyMsgGetFd rank 0 opId 0xc4ffa335ce78399a handle=0x7f9294020670
aig-a100:1622687:1622705 [1] NCCL INFO UDS proxyGetFd received handle 0x7f9294020670 peer 0 opId c4ffa335ce78399a
aig-a100:1622687:1622706 [1] NCCL INFO Imported shareable buffer device 1 size 6291456 ptr 0x41c000000
aig-a100:1622687:1622706 [1] NCCL INFO ProxyCall UDS comm 0x5c5669ad4d60 rank 1 tpRank 0(8734e16d93ce2fa6) reqSize 8 respSize 0 respFd 0x7f929b78d5a8 opId 0xc54ec33ca7f10915
aig-a100:1622687:1622706 [1] NCCL INFO ProxyCall UDS comm 0x5c5669ad4d60 rank 1 tpRank 0(8734e16d93ce2fa6) reqSize 8 respSize 0 respFd 102 opId 0xc54ec33ca7f10915 - DONE
aig-a100:1622687:1622706 [1] NCCL INFO UDS: ClientGetFd handle 0x7091a80461a0 tpRank 0 returned fd 102 sameProcess 0
aig-a100:1622687:1622706 [1] NCCL INFO UDS converted handle 0x7091a80461a0 to fd 102 on remote peer 0
aig-a100:1622687:1622705 [1] NCCL INFO proxyUDSRecvReq::ncclProxyMsgGetFd rank 0 opId 0xb9d43a82cd69ed5c handle=0x7f9294044610
aig-a100:1622687:1622705 [1] NCCL INFO UDS proxyGetFd received handle 0x7f9294044610 peer 0 opId b9d43a82cd69ed5c
aig-a100:1622687:1622706 [1] NCCL INFO Imported shareable buffer device 1 size 6291456 ptr 0x41c600000
aig-a100:1622687:1622706 [1] NCCL INFO ProxyCall UDS comm 0x5c5669ad4d60 rank 1 tpRank 0(8734e16d93ce2fa6) reqSize 8 respSize 0 respFd 0x7f929b78d5b8 opId 0xb3bbe3cca97d0bed
aig-a100:1622687:1622706 [1] NCCL INFO ProxyCall UDS comm 0x5c5669ad4d60 rank 1 tpRank 0(8734e16d93ce2fa6) reqSize 8 respSize 0 respFd 103 opId 0xb3bbe3cca97d0bed - DONE
aig-a100:1622687:1622706 [1] NCCL INFO UDS: ClientGetFd handle 0x7091a80234f0 tpRank 0 returned fd 103 sameProcess 0
aig-a100:1622687:1622706 [1] NCCL INFO UDS converted handle 0x7091a80234f0 to fd 103 on remote peer 0
aig-a100:1622687:1622705 [1] NCCL INFO proxyUDSRecvReq::ncclProxyMsgGetFd rank 0 opId 0x941fd2b6e57aa129 handle=0x7f9294021db0
aig-a100:1622687:1622705 [1] NCCL INFO UDS proxyGetFd received handle 0x7f9294021db0 peer 0 opId 941fd2b6e57aa129
aig-a100:1622687:1622706 [1] NCCL INFO Imported shareable buffer device 1 size 6291to fd 105 on remote peer 1
aig-a100:1622686:1622704 [0] NCCL INFO proxyUDSRecvReq::ncclProxyMsgGetFd rank 1 opId 0xb3bbe3cca97d0bed handle=0x7091a80234f0
aig-a100:1622686:1622704 [0] NCCL INFO UDS proxyGetFd received handle 0x7091a80234f0 peer 1 opId b3bbe3cca97d0bed
aig-a100:1622686:1622707 [0] NCCL INFO Imported shareable buffer device 0 size 6291456 ptr 0x41b800000
aig-a100:1622686:1622707 [0] NCCL INFO ProxyCall UDS comm 0x5cb1e5acbda0 rank 0 tpRank 1(ed7e57d67ac53c0f) reqSize 8 respSize 0 respFd 0x7091ae3c35b8 opId 0x941fd2b6e57aa129
aig-a100:1622686:1622707 [0] NCCL INFO ProxyCall UDS comm 0x5cb1e5acbda0 rank 0 tpRank 1(ed7e57d67ac53c0f) reqSize 8 respSize 0 respFd 106 opId 0x941fd2b6e57aa129 - DONE
aig-a100:1622686:1622707 [0] NCCL INFO UDS: ClientGetFd handle 0x7f9294021db0 tpRank 1 returned fd 106 sameProcess 0
aig-a100:1622686:1622707 [0] NCCL INFO UDS converted handle 0x7f9294021db0 to fd 106 on remote peer 1
aig-a100:1622686:1622704 [0] NCCL INFO proxyUDSRecvReq::ncclProxyMsgGetFd rank 1 opId 0xe0fffdef870489c2 handle=0x7091a80478e0
aig-a100:1622686:1622704 [0] NCCL INFO UDS proxyGetFd received handle 0x7091a80478e0 peer 1 opId e0fffdef870489c2
aig-a100:1622686:1622707 [0] NCCL INFO Imported shareable buffer device 0 size 6291456 ptr 0x41c000000
aig-a100:1622686:1622707 [0] NCCL INFO ProxyCall UDS comm 0x5cb1e5acbda0 rank 0 tpRank 1(ed7e57d67ac53c0f) reqSize 8 respSize 0 respFd 0x7091ae3c35a8 opId 0x862b64964fcf458a
aig-a100:1622686:1622707 [0] NCCL INFO ProxyCall UDS comm 0x5cb1e5acbda0 rank 0 tpRank 1(ed7e57d67ac53c0f) reqSize 8 respSize 0 respFd 107 opId 0x862b64964fcf458a - DONE
aig-a100:1622686:1622707 [0] NCCL INFO UDS: ClientGetFd handle 0x7f92940461a0 tpRank 1 returned fd 107 sameProcess 0
aig-a100:1622686:1622707 [0] NCCL INFO UDS converted handle 0x7f92940461a0 to fd 107 on remote peer 1
aig-a100:1622686:1622704 [0] NCCL INFO proxyUDSRecvReq::ncclProxyMsgGetFd rank 1 opId 0xd325b8402e6ee181 handle=0x7091a8024c30
aig-a100:1622686:1622704 [0] NCCL INFO UDS proxyGetFd received handle 0x7091a8024c30 peer 1 opId d325b8402e6ee181
aig-a100:1622686:1622707 [0] NCCL INFO Imported shareable buffer device 0 size 6291456 ptr 0x41c600000
aig-a100:1622686:1622707 [0] NCCL INFO ProxyCall UDS comm 0x5cb1e5acbda0 rank 0 tpRank 1(ed7e57d67ac53c0f) reqSize 8 respSize 0 respFd 0x7091ae3c35b8 opId 0xaaeefe60281998df
aig-a100:1622686:1622707 [0] NCCL INFO ProxyCall UDS comm 0x5cb1e5acbda0 rank 0 tpRank 1(ed7e57d67ac53c0f) reqSize 8 respSize 0 respFd 108 opId 0xaaeefe60281998df - DONE
aig-a100:1622686:1622707 [0] NCCL INFO UDS: ClientGetFd handle 0x7f92940234f0 tpRank 1 returned fd 108 sameProcess 0
aig-a100:1622686:1622707 [0] NCCL INFO UDS converted handle 0x7f92940234f0 to fd 108 on remote peer 1
aig-a100:1622686:1622704 [0] NCCL INFO proxyUDSRecvReq::ncclProxyMsgGetFd rank 1 opId 0x1c37b24f1751c666 handle=0x7091a8049020
aig-a100:1622686:1622704 [0] NCCL INFO UDS proxyGetFd received handle 0x7091a8049020 peer 1 opId 1c37b24f1751c666
aig-a100:1622686:1622707 [0] NCCL INFO Imported shareable buffer device 0 size 6291456 ptr 0x41cc00000
aig-a100:1622686:1622707 [0] NCCL INFO ProxyCall UDS comm 0x5cb1e5acbda0 rank 0 tpRank 1(ed7e57d67ac53c0f) reqSize 8 respSize 0 respFd 0x7091ae3c35a8 opId 0x9ccd78e8d827c6aa
aig-a100:1622686:1622707 [0] NCCL INFO ProxyCall UDS comm 0x5cb1e5acbda0 rank 0 tpRank 1(ed7e57d67ac53c0f) reqSize 8 respSize 0 respFd 109 opId 0x9ccd78e8d827c6aa - DONE
aig-a100:1622686:1622707 [0] NCCL INFO UDS: ClientGetFd handle 0x7f92940478e0 tpRank 1 returned fd 109 sameProcess 0
aig-a100:1622686:1622707 [0] NCCL INFO UDS converted handle 0x7f92940478e0 to fd 109 on remote peer 1
aig-a100:1622686:1622704 [0] NCCL INFO proxyUDSRecvReq::ncclProxyMsgGetFd rank 1 opId 0x2b47ba6a1bd9f29 handle=0x7091a8026370
aig-a100:1622686:1622704 [0] NCCL INFO UDS proxyGetFd received handle 0x7091a8026370 peer 1 opId 2b47ba6a1bd9f29
aig-a100:1622686:1622707 [0] NCCL INFO Imported shareable buffer device 0 size 6291456 ptr 0x41d200000
aig-a100:1622686:1622707 [0] NCCL INFO ProxyCall UDS comm 0x5cb1e5acbda0 rank 0 tpRank 1(ed7e57d67a456 ptr 0x41cc00000
aig-a100:1622687:1622706 [1] NCCL INFO ProxyCall UDS comm 0x5c5669ad4d60 rank 1 tpRank 0(8734e16d93ce2fa6) reqSize 8 respSize 0 respFd 0x7f929b78d5a8 opId 0xe0fffdef870489c2
aig-a100:1622687:1622706 [1] NCCL INFO ProxyCall UDS comm 0x5c5669ad4d60 rank 1 tpRank 0(8734e16d93ce2fa6) reqSize 8 respSize 0 respFd 104 opId 0xe0fffdef870489c2 - DONE
aig-a100:1622687:1622706 [1] NCCL INFO UDS: ClientGetFd handle 0x7091a80478e0 tpRank 0 returned fd 104 sameProcess 0
aig-a100:1622687:1622706 [1] NCCL INFO UDS converted handle 0x7091a80478e0 to fd 104 on remote peer 0
aig-a100:1622687:1622705 [1] NCCL INFO proxyUDSRecvReq::ncclProxyMsgGetFd rank 0 opId 0x862b64964fcf458a handle=0x7f92940461a0
aig-a100:1622687:1622705 [1] NCCL INFO UDS proxyGetFd received handle 0x7f92940461a0 peer 0 opId 862b64964fcf458a
aig-a100:1622687:1622706 [1] NCCL INFO Imported shareable buffer device 1 size 6291456 ptr 0x41d200000
aig-a100:1622687:1622706 [1] NCCL INFO ProxyCall UDS comm 0x5c5669ad4d60 rank 1 tpRank 0(8734e16d93ce2fa6) reqSize 8 respSize 0 respFd 0x7f929b78d5b8 opId 0xd325b8402e6ee181
aig-a100:1622687:1622706 [1] NCCL INFO ProxyCall UDS comm 0x5c5669ad4d60 rank 1 tpRank 0(8734e16d93ce2fa6) reqSize 8 respSize 0 respFd 105 opId 0xd325b8402e6ee181 - DONE
aig-a100:1622687:1622706 [1] NCCL INFO UDS: ClientGetFd handle 0x7091a8024c30 tpRank 0 returned fd 105 sameProcess 0
aig-a100:1622687:1622706 [1] NCCL INFO UDS converted handle 0x7091a8024c30 to fd 105 on remote peer 0
aig-a100:1622687:1622705 [1] NCCL INFO proxyUDSRecvReq::ncclProxyMsgGetFd rank 0 opId 0xaaeefe60281998df handle=0x7f92940234f0
aig-a100:1622687:1622705 [1] NCCL INFO UDS proxyGetFd received handle 0x7f92940234f0 peer 0 opId aaeefe60281998df
aig-a100:1622687:1622706 [1] NCCL INFO Imported shareable buffer device 1 size 6291456 ptr 0x41d800000
aig-a100:1622687:1622706 [1] NCCL INFO ProxyCall UDS comm 0x5c5669ad4d60 rank 1 tpRank 0(8734e16d93ce2fa6) reqSize 8 respSize 0 respFd 0x7f929b78d5a8 opId 0x1c37b24f1751c666
aig-a100:1622687:1622706 [1] NCCL INFO ProxyCall UDS comm 0x5c5669ad4d60 rank 1 tpRank 0(8734e16d93ce2fa6) reqSize 8 respSize 0 respFd 106 opId 0x1c37b24f1751c666 - DONE
aig-a100:1622687:1622706 [1] NCCL INFO UDS: ClientGetFd handle 0x7091a8049020 tpRank 0 returned fd 106 sameProcess 0
aig-a100:1622687:1622706 [1] NCCL INFO UDS converted handle 0x7091a8049020 to fd 106 on remote peer 0
aig-a100:1622687:1622705 [1] NCCL INFO proxyUDSRecvReq::ncclProxyMsgGetFd rank 0 opId 0x9ccd78e8d827c6aa handle=0x7f92940478e0
aig-a100:1622687:1622705 [1] NCCL INFO UDS proxyGetFd received handle 0x7f92940478e0 peer 0 opId 9ccd78e8d827c6aa
aig-a100:1622687:1622706 [1] NCCL INFO Imported shareable buffer device 1 size 6291456 ptr 0x41e000000
aig-a100:1622687:1622706 [1] NCCL INFO ProxyCall UDS comm 0x5c5669ad4d60 rank 1 tpRank 0(8734e16d93ce2fa6) reqSize 8 respSize 0 respFd 0x7f929b78d5b8 opId 0x2b47ba6a1bd9f29
aig-a100:1622687:1622706 [1] NCCL INFO ProxyCall UDS comm 0x5c5669ad4d60 rank 1 tpRank 0(8734e16d93ce2fa6) reqSize 8 respSize 0 respFd 107 opId 0x2b47ba6a1bd9f29 - DONE
aig-a100:1622687:1622706 [1] NCCL INFO UDS: ClientGetFd handle 0x7091a8026370 tpRank 0 returned fd 107 sameProcess 0
aig-a100:1622687:1622706 [1] NCCL INFO UDS converted handle 0x7091a8026370 to fd 107 on remote peer 0
aig-a100:1622687:1622705 [1] NCCL INFO proxyUDSRecvReq::ncclProxyMsgGetFd rank 0 opId 0x8f856804618b08c8 handle=0x7f9294024c30
aig-a100:1622687:1622705 [1] NCCL INFO UDS proxyGetFd received handle 0x7f9294024c30 peer 0 opId 8f856804618b08c8
aig-a100:1622687:1622706 [1] NCCL INFO Imported shareable buffer device 1 size 6291456 ptr 0x41e600000
aig-a100:1622687:1622706 [1] NCCL INFO ProxyCall UDS comm 0x5c5669ad4d60 rank 1 tpRank 0(8734e16d93ce2fa6) reqSize 8 respSize 0 respFd 0x7f929b78d5a8 opId 0xedc662e10106062c
aig-a100:1622687:1622706 [1] NCCL INFO ProxyCall UDS comm 0x5c5669ad4d60 rank 1 tpRank 0(8734e16d93ce2fa6) reqSize 8 respSize 0 respFd 108 opId 0xedc662e10106062c - DONE
aig-a100:1622687:1622706 [1] NCCL INFO UDS: ClientGetFd handle 0x7091a804a760 tpRank 0 returned fd 108 samc53c0f) reqSize 8 respSize 0 respFd 0x7091ae3c35b8 opId 0x8f856804618b08c8
aig-a100:1622686:1622707 [0] NCCL INFO ProxyCall UDS comm 0x5cb1e5acbda0 rank 0 tpRank 1(ed7e57d67ac53c0f) reqSize 8 respSize 0 respFd 110 opId 0x8f856804618b08c8 - DONE
aig-a100:1622686:1622707 [0] NCCL INFO UDS: ClientGetFd handle 0x7f9294024c30 tpRank 1 returned fd 110 sameProcess 0
aig-a100:1622686:1622707 [0] NCCL INFO UDS converted handle 0x7f9294024c30 to fd 110 on remote peer 1
aig-a100:1622686:1622704 [0] NCCL INFO proxyUDSRecvReq::ncclProxyMsgGetFd rank 1 opId 0xedc662e10106062c handle=0x7091a804a760
aig-a100:1622686:1622704 [0] NCCL INFO UDS proxyGetFd received handle 0x7091a804a760 peer 1 opId edc662e10106062c
aig-a100:1622686:1622707 [0] NCCL INFO Imported shareable buffer device 0 size 6291456 ptr 0x41d800000
aig-a100:1622686:1622707 [0] NCCL INFO ProxyCall UDS comm 0x5cb1e5acbda0 rank 0 tpRank 1(ed7e57d67ac53c0f) reqSize 8 respSize 0 respFd 0x7091ae3c35a8 opId 0x6b94311953752f81
aig-a100:1622686:1622707 [0] NCCL INFO ProxyCall UDS comm 0x5cb1e5acbda0 rank 0 tpRank 1(ed7e57d67ac53c0f) reqSize 8 respSize 0 respFd 111 opId 0x6b94311953752f81 - DONE
aig-a100:1622686:1622707 [0] NCCL INFO UDS: ClientGetFd handle 0x7f9294049020 tpRank 1 returned fd 111 sameProcess 0
aig-a100:1622686:1622707 [0] NCCL INFO UDS converted handle 0x7f9294049020 to fd 111 on remote peer 1
aig-a100:1622686:1622707 [0] NCCL INFO Imported shareable buffer device 0 size 6291456 ptr 0x41e000000
aig-a100:1622686:1622707 [0] NCCL INFO ProxyCall UDS comm 0x5cb1e5acbda0 rank 0 tpRank 1(ed7e57d67ac53c0f) reqSize 8 respSize 0 respFd 0x7091ae3c35b8 opId 0x48dd05b8a1a535c8
aig-a100:1622686:1622707 [0] NCCL INFO ProxyCall UDS comm 0x5cb1e5acbda0 rank 0 tpRank 1(ed7e57d67ac53c0f) reqSize 8 respSize 0 respFd 111 opId 0x48dd05b8a1a535c8 - DONE
aig-a100:1622686:1622707 [0] NCCL INFO UDS: ClientGetFd handle 0x7f9294026370 tpRank 1 returned fd 111 sameProcess 0
aig-a100:1622686:1622707 [0] NCCL INFO UDS converted handle 0x7f9294026370 to fd 111 on remote peer 1
aig-a100:1622686:1622707 [0] NCCL INFO Imported shareable buffer device 0 size 6291456 ptr 0x41e600000
aig-a100:1622686:1622707 [0] NCCL INFO ProxyCall UDS comm 0x5cb1e5acbda0 rank 0 tpRank 1(ed7e57d67ac53c0f) reqSize 8 respSize 0 respFd 0x7091ae3c35a8 opId 0xfa84061e25a67857
aig-a100:1622686:1622707 [0] NCCL INFO ProxyCall UDS comm 0x5cb1e5acbda0 rank 0 tpRank 1(ed7e57d67ac53c0f) reqSize 8 respSize 0 respFd 111 opId 0xfa84061e25a67857 - DONE
aig-a100:1622686:1622707 [0] NCCL INFO UDS: ClientGetFd handle 0x7f929404a760 tpRank 1 returned fd 111 sameProcess 0
aig-a100:1622686:1622707 [0] NCCL INFO UDS converted handle 0x7f929404a760 to fd 111 on remote peer 1
aig-a100:1622686:1622707 [0] NCCL INFO Imported shareable buffer device 0 size 6291456 ptr 0x41ec00000
aig-a100:1622686:1622707 [0] NCCL INFO Connected all rings
[rank 0] recvbuf[0] = 3.0  (expected 3.0)
aig-a100:1622686:1622702 [0] NCCL INFO Received and initiated operation=Stop res=0
aig-a100:1622686:1622702 [0] NCCL INFO Received and initiated operation=Close res=0
aig-a100:1622686:1622702 [0] NCCL INFO Received and initiated operation=Close res=0
aig-a100:1622686:1622704 [0] NCCL INFO [Proxy Service UDS] exit: stop 1 abortFlag 0
aig-a100:1622686:1622686 [0] NCCL INFO comm 0x5cb1e5acbda0 rank 0 nranks 2 cudaDev 0 busId 8000 - Destroy COMPLETE
[rank 0] OK
eProcess 0
aig-a100:1622687:1622706 [1] NCCL INFO UDS converted handle 0x7091a804a760 to fd 108 on remote peer 0
aig-a100:1622687:1622705 [1] NCCL INFO proxyUDSRecvReq::ncclProxyMsgGetFd rank 0 opId 0x6b94311953752f81 handle=0x7f9294049020
aig-a100:1622687:1622705 [1] NCCL INFO UDS proxyGetFd received handle 0x7f9294049020 peer 0 opId 6b94311953752f81
aig-a100:1622687:1622706 [1] NCCL INFO Imported shareable buffer device 1 size 6291456 ptr 0x41ec00000
aig-a100:1622687:1622705 [1] NCCL INFO proxyUDSRecvReq::ncclProxyMsgGetFd rank 0 opId 0x48dd05b8a1a535c8 handle=0x7f9294026370
aig-a100:1622687:1622705 [1] NCCL INFO UDS proxyGetFd received handle 0x7f9294026370 peer 0 opId 48dd05b8a1a535c8
aig-a100:1622687:1622705 [1] NCCL INFO proxyUDSRecvReq::ncclProxyMsgGetFd rank 0 opId 0xfa84061e25a67857 handle=0x7f929404a760
aig-a100:1622687:1622705 [1] NCCL INFO UDS proxyGetFd received handle 0x7f929404a760 peer 0 opId fa84061e25a67857
aig-a100:1622687:1622706 [1] NCCL INFO Connected all rings
[rank 1] recvbuf[0] = 3.0  (expected 3.0)
aig-a100:1622687:1622703 [1] NCCL INFO Received and initiated operation=Stop res=0
aig-a100:1622687:1622703 [1] NCCL INFO Received and initiated operation=Close res=0
aig-a100:1622687:1622703 [1] NCCL INFO Received and initiated operation=Close res=0
aig-a100:1622687:1622705 [1] NCCL INFO [Proxy Service UDS] exit: stop 1 abortFlag 0
aig-a100:1622687:1622687 [1] NCCL INFO comm 0x5c5669ad4d60 rank 1 nranks 2 cudaDev 1 busId 9000 - Destroy COMPLETE
[rank 1] OK
ALL RANKS OK
