aig-a100:1622687:1622706 [1] NCCL INFO Channel 00/0 : 1[1] -> 0[0] via P2P/CUMEM/read
aig-a100:1622687:1622703 [1] NCCL INFO New proxy send connection 24 from local rank 1, transport 0
aig-a100:1622687:1622703 [1] NCCL INFO proxyProgressAsync opId=0x7f9290005b70 op.type=1 op.reqBuff=0x7f92940262f0 op.respSize=16 done
aig-a100:1622687:1622706 [1] NCCL INFO ncclPollProxyResponse Received new opId=0x7f9290005b70
aig-a100:1622687:1622703 [1] NCCL INFO Received and initiated operation=Init res=0
aig-a100:1622687:1622706 [1] NCCL INFO resp.opId=0x7f9290005b70 matches expected opId=0x7f9290005b70
aig-a100:1622687:1622706 [1] NCCL INFO Connected to proxy localRank 1 -> connection 0x7f9294001860
aig-a100:1622687:1622703 [1] NCCL INFO Allocated shareable buffer 0x402600000 size 6291456 ipcDesc 0x7f9294027f10
aig-a100:1622687:1622703 [1] NCCL INFO proxyProgressAsync opId=0x7f9290005b70 op.type=3 op.reqBuff=0x7f9294027ee0 op.respSize=88 done
aig-a100:1622687:1622706 [1] NCCL INFO ncclPollProxyResponse Received new opId=0x7f9290005b70
aig-a100:1622687:1622703 [1] NCCL INFO Received and initiated operation=Setup res=0
aig-a100:1622687:1622706 [1] NCCL INFO resp.opId=0x7f9290005b70 matches expected opId=0x7f9290005b70
aig-a100:1622687:1622706 [1] NCCL INFO Channel 01/0 : 1[1] -> 0[0] via P2P/CUMEM/read
aig-a100:1622687:1622703 [1] NCCL INFO New proxy send connection 25 from local rank 1, transport 0
aig-a100:1622687:1622703 [1] NCCL INFO proxyProgressAsync opId=0x7f9290005b70 op.type=1 op.reqBuff=0x7f9294027ee0 op.respSize=16 done
aig-a100:1622687:1622706 [1] NCCL INFO ncclPollProxyResponse Received new opId=0x7f9290005b70
aig-a100:1622687:1622703 [1] NCCL INFO Received and initiated operation=Init res=0
aig-a100:1622687:1622706 [1] NCCL INFO resp.opId=0x7f9290005b70 matches expected opId=0x7f9290005b70
aig-a100:1622687:1622706 [1] NCCL INFO Connected to proxy localRank 1 -> connection 0x7f92940018d8
aig-a100:1622687:1622703 [1] NCCL INFO Allocated shareable buffer 0x402c00000 size 6291456 ipcDesc 0x7f9294029650
aig-a100:1622687:1622703 [1] NCCL INFO proxyProgressAsync opId=0x7f9290005b70 op.type=3 op.reqBuff=0x7f9294029620 op.respSize=88 done
aig-a100:1622687:1622706 [1] NCCL INFO ncclPollProxyResponse Received new opId=0x7f9290005b70
aig-a100:1622687:1622703 [1] NCCL INFO Received and initiated operation=Setup res=0
aig-a100:1622687:1622706 [1] NCCL INFO resp.opId=0x7f9290005b70 matches expected opId=0x7f9290005b70
aig-a100:1622687:1622706 [1] NCCL INFO Channel 02/0 : 1[1] -> 0[0] via P2P/CUMEM/read
aig-a100:1622687:1622703 [1] NCCL INFO New proxy send connection 26 from local rank 1, transport 0
aig-a100:1622687:1622703 [1] NCCL INFO proxyProgressAsync opId=0x7f9290005b70 op.type=1 op.reqBuff=0x7f9294029620 op.respSize=16 done
aig-a100:1622687:1622706 [1] NCaig-a100:1622686:1622707 [0] NCCL INFO ncclPollProxyResponse Received new opId=0x7091a4005b70
aig-a100:1622686:1622702 [0] NCCL INFO Received and initiated operation=Setup res=0
aig-a100:1622686:1622707 [0] NCCL INFO resp.opId=0x7091a4005b70 matches expected opId=0x7091a4005b70
aig-a100:1622686:1622707 [0] NCCL INFO Channel 01/0 : 0[0] -> 1[1] via P2P/CUMEM/read
aig-a100:1622686:1622702 [0] NCCL INFO New proxy send connection 25 from local rank 0, transport 0
aig-a100:1622686:1622702 [0] NCCL INFO proxyProgressAsync opId=0x7091a4005b70 op.type=1 op.reqBuff=0x7091a8027ee0 op.respSize=16 done
aig-a100:1622686:1622707 [0] NCCL INFO ncclPollProxyResponse Received new opId=0x7091a4005b70
aig-a100:1622686:1622702 [0] NCCL INFO Received and initiated operation=Init res=0
aig-a100:1622686:1622707 [0] NCCL INFO resp.opId=0x7091a4005b70 matches expected opId=0x7091a4005b70
aig-a100:1622686:1622707 [0] NCCL INFO Connected to proxy localRank 0 -> connection 0x7091a8001898
aig-a100:1622686:1622702 [0] NCCL INFO Allocated shareable buffer 0x402c00000 size 6291456 ipcDesc 0x7091a8029650
aig-a100:1622686:1622702 [0] NCCL INFO proxyProgressAsync opId=0x7091a4005b70 op.type=3 op.reqBuff=0x7091a8029620 op.respSize=88 done
aig-a100:1622686:1622707 [0] NCCL INFO ncclPollProxyResponse Received new opId=0x7091a4005b70
aig-a100:1622686:1622702 [0] NCCL INFO Received and initiated operation=Setup res=0
aig-a100:1622686:1622707 [0] NCCL INFO resp.opId=0x7091a4005b70 matches expected opId=0x7091a4005b70
aig-a100:1622686:1622707 [0] NCCL INFO Channel 02/0 : 0[0] -> 1[1] via P2P/CUMEM/read
aig-a100:1622686:1622702 [0] NCCL INFO New proxy send connection 26 from local rank 0, transport 0
aig-a100:1622686:1622702 [0] NCCL INFO proxyProgressAsync opId=0x7091a4005b70 op.type=1 op.reqBuff=0x7091a8029620 op.respSize=16 done
aig-a100:1622686:1622707 [0] NCCL INFO ncclPollProxyResponse Received new opId=0x7091a4005b70
aig-a100:1622686:1622702 [0] NCCL INFO Received and initiated operation=Init res=0
aig-a100:1622686:1622707 [0] NCCL INFO resp.opId=0x7091a4005b70 matches expected opId=0x7091a4005b70
aig-a100:1622686:1622707 [0] NCCL INFO Connected to proxy localRank 0 -> connection 0x7091a8001910
aig-a100:1622686:1622702 [0] NCCL INFO Allocated shareable buffer 0x403200000 size 6291456 ipcDesc 0x7091a802ad90
aig-a100:1622686:1622702 [0] NCCL INFO proxyProgressAsync opId=0x7091a4005b70 op.type=3 op.reqBuff=0x7091a802ad60 op.respSize=88 done
aig-a100:1622686:1622707 [0] NCCL INFO ncclPollProxyResponse Received new opId=0x7091a4005b70
aig-a100:1622686:1622702 [0] NCCL INFO Received and initiated operation=Setup res=0
aig-a100:1622686:1622707 [0] NCCL INFO resp.opId=0x7091a4005b70 matches expected opId=0x7091a4005b70
aig-a100:1622686:1622707 [0] NCCL INFO Channel 03/0 : 0[0] -> 1[1] via P2P/CUMEM/read
aig-a100:1622686:1622702 [0] NCCL INFO New proxy send connection 27 from local rank 0, transport 0
aig-a100:1622686:1622702 [0] NCCL INFO proxyProgressAsync opId=0x7091a4005b70 op.type=1 op.reqBuff=0x7091a802ad60 op.respSize=16 done
aig-a100:1622686:1622707 [0] NCCL INFO ncclPollProxyResponse Received new opId=0x7091a4005b70
aig-a100:1622686:1622702 [0] NCCL INFO Received and initiated operation=Init res=0
aig-a100:1622686:1622707 [0] NCCL INFO resp.opId=0x7091a4005b70 matches expected opId=0x7091a4005b70
aig-a100:1622686:1622707 [0] NCCL INFO Connected to proxy localRank 0 -> connection 0x7091a8001988
aig-a100:1622686:1622702 [0] NCCL INFO Allocated shareable buffer 0x403800000 size 6291456 ipcDesc 0x7091a802c4d0
aig-a100:1622686:1622702 [0] NCCL INFO proxyProgressAsync opId=0x7091a4005b70 op.type=3 op.reqBuff=0x7091a802c4a0 op.respSize=88 done
aig-a100:1622686:1622707 [0] NCCL INFO ncclPollProxyResponse Received new opId=0x7091a4005b70
aig-a100:1622686:1622702 [0] NCCL INFO Received and initiated operation=Setup res=0
aig-a100:1622686:1622707 [0] NCCL INFO resp.opId=0x7091a4005b70 matches expected opId=0x7091a4005b70
aig-a100:1622686:1622707 [0] NCCL INFO Channel 04/0 : 0[0] -> 1[1] via P2P/CUMEM/read
aig-a100:1622686:1622702 [0] NCCL INFO New proxy send connectiCL INFO ncclPollProxyResponse Received new opId=0x7f9290005b70
aig-a100:1622687:1622703 [1] NCCL INFO Received and initiated operation=Init res=0
aig-a100:1622687:1622706 [1] NCCL INFO resp.opId=0x7f9290005b70 matches expected opId=0x7f9290005b70
aig-a100:1622687:1622706 [1] NCCL INFO Connected to proxy localRank 1 -> connection 0x7f9294001950
aig-a100:1622687:1622703 [1] NCCL INFO Allocated shareable buffer 0x403200000 size 6291456 ipcDesc 0x7f929402ad90
aig-a100:1622687:1622703 [1] NCCL INFO proxyProgressAsync opId=0x7f9290005b70 op.type=3 op.reqBuff=0x7f929402ad60 op.respSize=88 done
aig-a100:1622687:1622706 [1] NCCL INFO ncclPollProxyResponse Received new opId=0x7f9290005b70
aig-a100:1622687:1622703 [1] NCCL INFO Received and initiated operation=Setup res=0
aig-a100:1622687:1622706 [1] NCCL INFO resp.opId=0x7f9290005b70 matches expected opId=0x7f9290005b70
aig-a100:1622687:1622706 [1] NCCL INFO Channel 03/0 : 1[1] -> 0[0] via P2P/CUMEM/read
aig-a100:1622687:1622703 [1] NCCL INFO New proxy send connection 27 from local rank 1, transport 0
aig-a100:1622687:1622703 [1] NCCL INFO proxyProgressAsync opId=0x7f9290005b70 op.type=1 op.reqBuff=0x7f929402ad60 op.respSize=16 done
aig-a100:1622687:1622706 [1] NCCL INFO ncclPollProxyResponse Received new opId=0x7f9290005b70
aig-a100:1622687:1622703 [1] NCCL INFO Received and initiated operation=Init res=0
aig-a100:1622687:1622706 [1] NCCL INFO resp.opId=0x7f9290005b70 matches expected opId=0x7f9290005b70
aig-a100:1622687:1622706 [1] NCCL INFO Connected to proxy localRank 1 -> connection 0x7f92940019c8
aig-a100:1622687:1622703 [1] NCCL INFO Allocated shareable buffer 0x403800000 size 6291456 ipcDesc 0x7f929402c4d0
aig-a100:1622687:1622703 [1] NCCL INFO proxyProgressAsync opId=0x7f9290005b70 op.type=3 op.reqBuff=0x7f929402c4a0 op.respSize=88 done
aig-a100:1622687:1622706 [1] NCCL INFO ncclPollProxyResponse Received new opId=0x7f9290005b70
aig-a100:1622687:1622703 [1] NCCL INFO Received and initiated operation=Setup res=0
aig-a100:1622687:1622706 [1] NCCL INFO resp.opId=0x7f9290005b70 matches expected opId=0x7f9290005b70
aig-a100:1622687:1622706 [1] NCCL INFO Channel 04/0 : 1[1] -> 0[0] via P2P/CUMEM/read
aig-a100:1622687:1622703 [1] NCCL INFO New proxy send connection 28 from local rank 1, transport 0
aig-a100:1622687:1622703 [1] NCCL INFO proxyProgressAsync opId=0x7f9290005b70 op.type=1 op.reqBuff=0x7f929402c4a0 op.respSize=16 done
aig-a100:1622687:1622706 [1] NCCL INFO ncclPollProxyResponse Received new opId=0x7f9290005b70
aig-a100:1622687:1622703 [1] NCCL INFO Received and initiated operation=Init res=0
aig-a100:1622687:1622706 [1] NCCL INFO resp.opId=0x7f9290005b70 matches expected opId=0x7f9290005b70
aig-a100:1622687:1622706 [1] NCCL INFO Connected to proxy localRank 1 -> connection 0x7f9294001a40
aig-a100:1622687:1622703 [1] NCCL INFO Allocated shareable buffer 0x404000000 size 6291456 ipcDesc 0x7f929402dc10
aig-a100:1622687:1622703 [1] NCCL INFO proxyProgressAsync opId=0x7f9290005b70 op.type=3 op.reqBuff=0x7f929402dbe0 op.respSize=88 done
aig-a100:1622687:1622706 [1] NCCL INFO ncclPollProxyResponse Received new opId=0x7f9290005b70
aig-a100:1622687:1622703 [1] NCCL INFO Received and initiated operation=Setup res=0
aig-a100:1622687:1622706 [1] NCCL INFO resp.opId=0x7f9290005b70 matches expected opId=0x7f9290005b70
aig-a100:1622687:1622706 [1] NCCL INFO Channel 05/0 : 1[1] -> 0[0] via P2P/CUMEM/read
aig-a100:1622687:1622703 [1] NCCL INFO New proxy send connection 29 from local rank 1, transport 0
aig-a100:1622687:1622703 [1] NCCL INFO proxyProgressAsync opId=0x7f9290005b70 op.type=1 op.reqBuff=0x7f929402dbe0 op.respSize=16 done
aig-a100:1622687:1622706 [1] NCCL INFO ncclPollProxyResponse Received new opId=0x7f9290005b70
aig-a100:1622687:1622703 [1] NCCL INFO Received and initiated operation=Init res=0
aig-a100:1622687:1622706 [1] NCCL INFO resp.opId=0x7f9290005b70 matches expected opId=0x7f9290005b70
aig-a100:1622687:1622706 [1] NCCL INFO Connected to proxy localRank 1 -> connection 0x7f9294001ab8
aig-a100:1622687:1622703 [1] NCCL INFO Allocated shareable buffer 0x404600000 sizon 28 from local rank 0, transport 0
aig-a100:1622686:1622702 [0] NCCL INFO proxyProgressAsync opId=0x7091a4005b70 op.type=1 op.reqBuff=0x7091a802c4a0 op.respSize=16 done
aig-a100:1622686:1622707 [0] NCCL INFO ncclPollProxyResponse Received new opId=0x7091a4005b70
aig-a100:1622686:1622702 [0] NCCL INFO Received and initiated operation=Init res=0
aig-a100:1622686:1622707 [0] NCCL INFO resp.opId=0x7091a4005b70 matches expected opId=0x7091a4005b70
aig-a100:1622686:1622707 [0] NCCL INFO Connected to proxy localRank 0 -> connection 0x7091a8001a00
aig-a100:1622686:1622702 [0] NCCL INFO Allocated shareable buffer 0x404000000 size 6291456 ipcDesc 0x7091a802dc10
aig-a100:1622686:1622702 [0] NCCL INFO proxyProgressAsync opId=0x7091a4005b70 op.type=3 op.reqBuff=0x7091a802dbe0 op.respSize=88 done
aig-a100:1622686:1622707 [0] NCCL INFO ncclPollProxyResponse Received new opId=0x7091a4005b70
aig-a100:1622686:1622702 [0] NCCL INFO Received and initiated operation=Setup res=0
aig-a100:1622686:1622707 [0] NCCL INFO resp.opId=0x7091a4005b70 matches expected opId=0x7091a4005b70
aig-a100:1622686:1622707 [0] NCCL INFO Channel 05/0 : 0[0] -> 1[1] via P2P/CUMEM/read
aig-a100:1622686:1622702 [0] NCCL INFO New proxy send connection 29 from local rank 0, transport 0
aig-a100:1622686:1622702 [0] NCCL INFO proxyProgressAsync opId=0x7091a4005b70 op.type=1 op.reqBuff=0x7091a802dbe0 op.respSize=16 done
aig-a100:1622686:1622707 [0] NCCL INFO ncclPollProxyResponse Received new opId=0x7091a4005b70
aig-a100:1622686:1622702 [0] NCCL INFO Received and initiated operation=Init res=0
aig-a100:1622686:1622707 [0] NCCL INFO resp.opId=0x7091a4005b70 matches expected opId=0x7091a4005b70
aig-a100:1622686:1622707 [0] NCCL INFO Connected to proxy localRank 0 -> connection 0x7091a8001a78
aig-a100:1622686:1622702 [0] NCCL INFO Allocated shareable buffer 0x404600000 size 6291456 ipcDesc 0x7091a802f7a0
aig-a100:1622686:1622702 [0] NCCL INFO proxyProgressAsync opId=0x7091a4005b70 op.type=3 op.reqBuff=0x7091a802f770 op.respSize=88 done
aig-a100:1622686:1622707 [0] NCCL INFO ncclPollProxyResponse Received new opId=0x7091a4005b70
aig-a100:1622686:1622702 [0] NCCL INFO Received and initiated operation=Setup res=0
aig-a100:1622686:1622707 [0] NCCL INFO resp.opId=0x7091a4005b70 matches expected opId=0x7091a4005b70
aig-a100:1622686:1622707 [0] NCCL INFO Channel 06/0 : 0[0] -> 1[1] via P2P/CUMEM/read
aig-a100:1622686:1622702 [0] NCCL INFO New proxy send connection 30 from local rank 0, transport 0
aig-a100:1622686:1622702 [0] NCCL INFO proxyProgressAsync opId=0x7091a4005b70 op.type=1 op.reqBuff=0x7091a802f770 op.respSize=16 done
aig-a100:1622686:1622707 [0] NCCL INFO ncclPollProxyResponse Received new opId=0x7091a4005b70
aig-a100:1622686:1622702 [0] NCCL INFO Received and initiated operation=Init res=0
aig-a100:1622686:1622707 [0] NCCL INFO resp.opId=0x7091a4005b70 matches expected opId=0x7091a4005b70
aig-a100:1622686:1622707 [0] NCCL INFO Connected to proxy localRank 0 -> connection 0x7091a8001af0
aig-a100:1622686:1622702 [0] NCCL INFO Allocated shareable buffer 0x404c00000 size 6291456 ipcDesc 0x7091a8030ee0
aig-a100:1622686:1622702 [0] NCCL INFO proxyProgressAsync opId=0x7091a4005b70 op.type=3 op.reqBuff=0x7091a8030eb0 op.respSize=88 done
aig-a100:1622686:1622707 [0] NCCL INFO ncclPollProxyResponse Received new opId=0x7091a4005b70
aig-a100:1622686:1622702 [0] NCCL INFO Received and initiated operation=Setup res=0
aig-a100:1622686:1622707 [0] NCCL INFO resp.opId=0x7091a4005b70 matches expected opId=0x7091a4005b70
aig-a100:1622686:1622707 [0] NCCL INFO Channel 07/0 : 0[0] -> 1[1] via P2P/CUMEM/read
aig-a100:1622686:1622702 [0] NCCL INFO New proxy send connection 31 from local rank 0, transport 0
aig-a100:1622686:1622702 [0] NCCL INFO proxyProgressAsync opId=0x7091a4005b70 op.type=1 op.reqBuff=0x7091a8030eb0 op.respSize=16 done
aig-a100:1622686:1622707 [0] NCCL INFO ncclPollProxyResponse Received new opId=0x7091a4005b70
aig-a100:1622686:1622702 [0] NCCL INFO Received and initiated operation=Init res=0
aig-a100:1622686:1622707 [0] NCCL INFO resp.opId=0x7091a4005b70 matches expectee 6291456 ipcDesc 0x7f929402f7a0
aig-a100:1622687:1622703 [1] NCCL INFO proxyProgressAsync opId=0x7f9290005b70 op.type=3 op.reqBuff=0x7f929402f770 op.respSize=88 done
aig-a100:1622687:1622706 [1] NCCL INFO ncclPollProxyResponse Received new opId=0x7f9290005b70
aig-a100:1622687:1622703 [1] NCCL INFO Received and initiated operation=Setup res=0
aig-a100:1622687:1622706 [1] NCCL INFO resp.opId=0x7f9290005b70 matches expected opId=0x7f9290005b70
aig-a100:1622687:1622706 [1] NCCL INFO Channel 06/0 : 1[1] -> 0[0] via P2P/CUMEM/read
aig-a100:1622687:1622703 [1] NCCL INFO New proxy send connection 30 from local rank 1, transport 0
aig-a100:1622687:1622703 [1] NCCL INFO proxyProgressAsync opId=0x7f9290005b70 op.type=1 op.reqBuff=0x7f929402f770 op.respSize=16 done
aig-a100:1622687:1622706 [1] NCCL INFO ncclPollProxyResponse Received new opId=0x7f9290005b70
aig-a100:1622687:1622703 [1] NCCL INFO Received and initiated operation=Init res=0
aig-a100:1622687:1622706 [1] NCCL INFO resp.opId=0x7f9290005b70 matches expected opId=0x7f9290005b70
aig-a100:1622687:1622706 [1] NCCL INFO Connected to proxy localRank 1 -> connection 0x7f9294001b30
aig-a100:1622687:1622703 [1] NCCL INFO Allocated shareable buffer 0x404c00000 size 6291456 ipcDesc 0x7f9294030ee0
aig-a100:1622687:1622703 [1] NCCL INFO proxyProgressAsync opId=0x7f9290005b70 op.type=3 op.reqBuff=0x7f9294030eb0 op.respSize=88 done
aig-a100:1622687:1622706 [1] NCCL INFO ncclPollProxyResponse Received new opId=0x7f9290005b70
aig-a100:1622687:1622703 [1] NCCL INFO Received and initiated operation=Setup res=0
aig-a100:1622687:1622706 [1] NCCL INFO resp.opId=0x7f9290005b70 matches expected opId=0x7f9290005b70
aig-a100:1622687:1622706 [1] NCCL INFO Channel 07/0 : 1[1] -> 0[0] via P2P/CUMEM/read
aig-a100:1622687:1622703 [1] NCCL INFO New proxy send connection 31 from local rank 1, transport 0
aig-a100:1622687:1622703 [1] NCCL INFO proxyProgressAsync opId=0x7f9290005b70 op.type=1 op.reqBuff=0x7f9294030eb0 op.respSize=16 done
aig-a100:1622687:1622706 [1] NCCL INFO ncclPollProxyResponse Received new opId=0x7f9290005b70
aig-a100:1622687:1622703 [1] NCCL INFO Received and initiated operation=Init res=0
aig-a100:1622687:1622706 [1] NCCL INFO resp.opId=0x7f9290005b70 matches expected opId=0x7f9290005b70
aig-a100:1622687:1622706 [1] NCCL INFO Connected to proxy localRank 1 -> connection 0x7f9294001ba8
aig-a100:1622687:1622703 [1] NCCL INFO Allocated shareable buffer 0x405200000 size 6291456 ipcDesc 0x7f9294032620
aig-a100:1622687:1622703 [1] NCCL INFO proxyProgressAsync opId=0x7f9290005b70 op.type=3 op.reqBuff=0x7f92940325f0 op.respSize=88 done
aig-a100:1622687:1622706 [1] NCCL INFO ncclPollProxyResponse Received new opId=0x7f9290005b70
aig-a100:1622687:1622703 [1] NCCL INFO Received and initiated operation=Setup res=0
aig-a100:1622687:1622706 [1] NCCL INFO resp.opId=0x7f9290005b70 matches expected opId=0x7f9290005b70
aig-a100:1622687:1622706 [1] NCCL INFO Channel 08/0 : 1[1] -> 0[0] via P2P/CUMEM/read
aig-a100:1622687:1622703 [1] NCCL INFO New proxy send connection 32 from local rank 1, transport 0
aig-a100:1622687:1622703 [1] NCCL INFO proxyProgressAsync opId=0x7f9290005b70 op.type=1 op.reqBuff=0x7f92940325f0 op.respSize=16 done
aig-a100:1622687:1622706 [1] NCCL INFO ncclPollProxyResponse Received new opId=0x7f9290005b70
aig-a100:1622687:1622703 [1] NCCL INFO Received and initiated operation=Init res=0
aig-a100:1622687:1622706 [1] NCCL INFO resp.opId=0x7f9290005b70 matches expected opId=0x7f9290005b70
aig-a100:1622687:1622706 [1] NCCL INFO Connected to proxy localRank 1 -> connection 0x7f9294001c20
aig-a100:1622687:1622703 [1] NCCL INFO Allocated shareable buffer 0x405800000 size 6291456 ipcDesc 0x7f9294033d60
aig-a100:1622687:1622703 [1] NCCL INFO proxyProgressAsync opId=0x7f9290005b70 op.type=3 op.reqBuff=0x7f9294033d30 op.respSize=88 done
aig-a100:1622687:1622706 [1] NCCL INFO ncclPollProxyResponse Received new opId=0x7f9290005b70
aig-a100:1622687:1622703 [1] NCCL INFO Received and initiated operation=Setup res=0
aig-a100:1622687:1622706 [1] NCCL INFO resp.opId=0x7f9290005b70 matches expected od opId=0x7091a4005b70
aig-a100:1622686:1622707 [0] NCCL INFO Connected to proxy localRank 0 -> connection 0x7091a8001b68
aig-a100:1622686:1622702 [0] NCCL INFO Allocated shareable buffer 0x405200000 size 6291456 ipcDesc 0x7091a8032620
aig-a100:1622686:1622702 [0] NCCL INFO proxyProgressAsync opId=0x7091a4005b70 op.type=3 op.reqBuff=0x7091a80325f0 op.respSize=88 done
aig-a100:1622686:1622707 [0] NCCL INFO ncclPollProxyResponse Received new opId=0x7091a4005b70
aig-a100:1622686:1622702 [0] NCCL INFO Received and initiated operation=Setup res=0
aig-a100:1622686:1622707 [0] NCCL INFO resp.opId=0x7091a4005b70 matches expected opId=0x7091a4005b70
aig-a100:1622686:1622707 [0] NCCL INFO Channel 08/0 : 0[0] -> 1[1] via P2P/CUMEM/read
aig-a100:1622686:1622702 [0] NCCL INFO New proxy send connection 32 from local rank 0, transport 0
aig-a100:1622686:1622702 [0] NCCL INFO proxyProgressAsync opId=0x7091a4005b70 op.type=1 op.reqBuff=0x7091a80325f0 op.respSize=16 done
aig-a100:1622686:1622707 [0] NCCL INFO ncclPollProxyResponse Received new opId=0x7091a4005b70
aig-a100:1622686:1622702 [0] NCCL INFO Received and initiated operation=Init res=0
aig-a100:1622686:1622707 [0] NCCL INFO resp.opId=0x7091a4005b70 matches expected opId=0x7091a4005b70
aig-a100:1622686:1622707 [0] NCCL INFO Connected to proxy localRank 0 -> connection 0x7091a8001be0
aig-a100:1622686:1622702 [0] NCCL INFO Allocated shareable buffer 0x405800000 size 6291456 ipcDesc 0x7091a8033d60
aig-a100:1622686:1622702 [0] NCCL INFO proxyProgressAsync opId=0x7091a4005b70 op.type=3 op.reqBuff=0x7091a8033d30 op.respSize=88 done
aig-a100:1622686:1622707 [0] NCCL INFO ncclPollProxyResponse Received new opId=0x7091a4005b70
aig-a100:1622686:1622702 [0] NCCL INFO Received and initiated operation=Setup res=0
aig-a100:1622686:1622707 [0] NCCL INFO resp.opId=0x7091a4005b70 matches expected opId=0x7091a4005b70
aig-a100:1622686:1622707 [0] NCCL INFO Channel 09/0 : 0[0] -> 1[1] via P2P/CUMEM/read
aig-a100:1622686:1622702 [0] NCCL INFO New proxy send connection 33 from local rank 0, transport 0
aig-a100:1622686:1622702 [0] NCCL INFO proxyProgressAsync opId=0x7091a4005b70 op.type=1 op.reqBuff=0x7091a8033d30 op.respSize=16 done
aig-a100:1622686:1622707 [0] NCCL INFO ncclPollProxyResponse Received new opId=0x7091a4005b70
aig-a100:1622686:1622702 [0] NCCL INFO Received and initiated operation=Init res=0
aig-a100:1622686:1622707 [0] NCCL INFO resp.opId=0x7091a4005b70 matches expected opId=0x7091a4005b70
aig-a100:1622686:1622707 [0] NCCL INFO Connected to proxy localRank 0 -> connection 0x7091a8001c58
aig-a100:1622686:1622702 [0] NCCL INFO Allocated shareable buffer 0x406000000 size 6291456 ipcDesc 0x7091a80354a0
aig-a100:1622686:1622702 [0] NCCL INFO proxyProgressAsync opId=0x7091a4005b70 op.type=3 op.reqBuff=0x7091a8035470 op.respSize=88 done
aig-a100:1622686:1622707 [0] NCCL INFO ncclPollProxyResponse Received new opId=0x7091a4005b70
aig-a100:1622686:1622702 [0] NCCL INFO Received and initiated operation=Setup res=0
aig-a100:1622686:1622707 [0] NCCL INFO resp.opId=0x7091a4005b70 matches expected opId=0x7091a4005b70
aig-a100:1622686:1622707 [0] NCCL INFO Channel 10/0 : 0[0] -> 1[1] via P2P/CUMEM/read
aig-a100:1622686:1622702 [0] NCCL INFO New proxy send connection 34 from local rank 0, transport 0
aig-a100:1622686:1622702 [0] NCCL INFO proxyProgressAsync opId=0x7091a4005b70 op.type=1 op.reqBuff=0x7091a8035470 op.respSize=16 done
aig-a100:1622686:1622707 [0] NCCL INFO ncclPollProxyResponse Received new opId=0x7091a4005b70
aig-a100:1622686:1622702 [0] NCCL INFO Received and initiated operation=Init res=0
aig-a100:1622686:1622707 [0] NCCL INFO resp.opId=0x7091a4005b70 matches expected opId=0x7091a4005b70
aig-a100:1622686:1622707 [0] NCCL INFO Connected to proxy localRank 0 -> connection 0x7091a8001cd0
aig-a100:1622686:1622702 [0] NCCL INFO Allocated shareable buffer 0x406600000 size 6291456 ipcDesc 0x7091a8037030
aig-a100:1622686:1622702 [0] NCCL INFO proxyProgressAsync opId=0x7091a4005b70 op.type=3 op.reqBuff=0x7091a8037000 op.respSize=88 done
aig-a100:1622686:1622707 [0] NCCL INFO ncclPollProxyResponpId=0x7f9290005b70
aig-a100:1622687:1622706 [1] NCCL INFO Channel 09/0 : 1[1] -> 0[0] via P2P/CUMEM/read
aig-a100:1622687:1622703 [1] NCCL INFO New proxy send connection 33 from local rank 1, transport 0
aig-a100:1622687:1622703 [1] NCCL INFO proxyProgressAsync opId=0x7f9290005b70 op.type=1 op.reqBuff=0x7f9294033d30 op.respSize=16 done
aig-a100:1622687:1622706 [1] NCCL INFO ncclPollProxyResponse Received new opId=0x7f9290005b70
aig-a100:1622687:1622703 [1] NCCL INFO Received and initiated operation=Init res=0
aig-a100:1622687:1622706 [1] NCCL INFO resp.opId=0x7f9290005b70 matches expected opId=0x7f9290005b70
aig-a100:1622687:1622706 [1] NCCL INFO Connected to proxy localRank 1 -> connection 0x7f9294001c98
aig-a100:1622687:1622703 [1] NCCL INFO Allocated shareable buffer 0x406000000 size 6291456 ipcDesc 0x7f92940354a0
aig-a100:1622687:1622703 [1] NCCL INFO proxyProgressAsync opId=0x7f9290005b70 op.type=3 op.reqBuff=0x7f9294035470 op.respSize=88 done
aig-a100:1622687:1622706 [1] NCCL INFO ncclPollProxyResponse Received new opId=0x7f9290005b70
aig-a100:1622687:1622703 [1] NCCL INFO Received and initiated operation=Setup res=0
aig-a100:1622687:1622706 [1] NCCL INFO resp.opId=0x7f9290005b70 matches expected opId=0x7f9290005b70
aig-a100:1622687:1622706 [1] NCCL INFO Channel 10/0 : 1[1] -> 0[0] via P2P/CUMEM/read
aig-a100:1622687:1622703 [1] NCCL INFO New proxy send connection 34 from local rank 1, transport 0
aig-a100:1622687:1622703 [1] NCCL INFO proxyProgressAsync opId=0x7f9290005b70 op.type=1 op.reqBuff=0x7f9294035470 op.respSize=16 done
aig-a100:1622687:1622706 [1] NCCL INFO ncclPollProxyResponse Received new opId=0x7f9290005b70
aig-a100:1622687:1622703 [1] NCCL INFO Received and initiated operation=Init res=0
aig-a100:1622687:1622706 [1] NCCL INFO resp.opId=0x7f9290005b70 matches expected opId=0x7f9290005b70
aig-a100:1622687:1622706 [1] NCCL INFO Connected to proxy localRank 1 -> connection 0x7f9294001d10
aig-a100:1622687:1622703 [1] NCCL INFO Allocated shareable buffer 0x406600000 size 6291456 ipcDesc 0x7f9294037030
aig-a100:1622687:1622703 [1] NCCL INFO proxyProgressAsync opId=0x7f9290005b70 op.type=3 op.reqBuff=0x7f9294037000 op.respSize=88 done
aig-a100:1622687:1622706 [1] NCCL INFO ncclPollProxyResponse Received new opId=0x7f9290005b70
aig-a100:1622687:1622703 [1] NCCL INFO Received and initiated operation=Setup res=0
aig-a100:1622687:1622706 [1] NCCL INFO resp.opId=0x7f9290005b70 matches expected opId=0x7f9290005b70
aig-a100:1622687:1622706 [1] NCCL INFO Channel 11/0 : 1[1] -> 0[0] via P2P/CUMEM/read
aig-a100:1622687:1622703 [1] NCCL INFO New proxy send connection 35 from local rank 1, transport 0
aig-a100:1622687:1622703 [1] NCCL INFO proxyProgressAsync opId=0x7f9290005b70 op.type=1 op.reqBuff=0x7f9294037000 op.respSize=16 done
aig-a100:1622687:1622706 [1] NCCL INFO ncclPollProxyResponse Received new opId=0x7f9290005b70
aig-a100:1622687:1622703 [1] NCCL INFO Received and initiated operation=Init res=0
aig-a100:1622687:1622706 [1] NCCL INFO resp.opId=0x7f9290005b70 matches expected opId=0x7f9290005b70
aig-a100:1622687:1622706 [1] NCCL INFO Connected to proxy localRank 1 -> connection 0x7f9294001d88
aig-a100:1622687:1622703 [1] NCCL INFO Allocated shareable buffer 0x406c00000 size 6291456 ipcDesc 0x7f9294038770
aig-a100:1622687:1622703 [1] NCCL INFO proxyProgressAsync opId=0x7f9290005b70 op.type=3 op.reqBuff=0x7f9294038740 op.respSize=88 done
aig-a100:1622687:1622706 [1] NCCL INFO ncclPollProxyResponse Received new opId=0x7f9290005b70
aig-a100:1622687:1622703 [1] NCCL INFO Received and initiated operation=Setup res=0
aig-a100:1622687:1622706 [1] NCCL INFO resp.opId=0x7f9290005b70 matches expected opId=0x7f9290005b70
aig-a100:1622687:1622706 [1] NCCL INFO Channel 12/0 : 1[1] -> 0[0] via P2P/CUMEM/read
aig-a100:1622687:1622703 [1] NCCL INFO New proxy send connection 36 from local rank 1, transport 0
aig-a100:1622687:1622703 [1] NCCL INFO proxyProgressAsync opId=0x7f9290005b70 op.type=1 op.reqBuff=0x7f9294038740 op.respSize=16 done
aig-a100:1622687:1622706 [1] NCCL INFO ncclPollProxyResponse Received new opId=0x7f929000se Received new opId=0x7091a4005b70
aig-a100:1622686:1622702 [0] NCCL INFO Received and initiated operation=Setup res=0
aig-a100:1622686:1622707 [0] NCCL INFO resp.opId=0x7091a4005b70 matches expected opId=0x7091a4005b70
aig-a100:1622686:1622707 [0] NCCL INFO Channel 11/0 : 0[0] -> 1[1] via P2P/CUMEM/read
aig-a100:1622686:1622702 [0] NCCL INFO New proxy send connection 35 from local rank 0, transport 0
aig-a100:1622686:1622702 [0] NCCL INFO proxyProgressAsync opId=0x7091a4005b70 op.type=1 op.reqBuff=0x7091a8037000 op.respSize=16 done
aig-a100:1622686:1622707 [0] NCCL INFO ncclPollProxyResponse Received new opId=0x7091a4005b70
aig-a100:1622686:1622702 [0] NCCL INFO Received and initiated operation=Init res=0
aig-a100:1622686:1622707 [0] NCCL INFO resp.opId=0x7091a4005b70 matches expected opId=0x7091a4005b70
aig-a100:1622686:1622707 [0] NCCL INFO Connected to proxy localRank 0 -> connection 0x7091a8001d48
aig-a100:1622686:1622702 [0] NCCL INFO Allocated shareable buffer 0x406c00000 size 6291456 ipcDesc 0x7091a8038770
aig-a100:1622686:1622702 [0] NCCL INFO proxyProgressAsync opId=0x7091a4005b70 op.type=3 op.reqBuff=0x7091a8038740 op.respSize=88 done
aig-a100:1622686:1622707 [0] NCCL INFO ncclPollProxyResponse Received new opId=0x7091a4005b70
aig-a100:1622686:1622702 [0] NCCL INFO Received and initiated operation=Setup res=0
aig-a100:1622686:1622707 [0] NCCL INFO resp.opId=0x7091a4005b70 matches expected opId=0x7091a4005b70
aig-a100:1622686:1622707 [0] NCCL INFO Channel 12/0 : 0[0] -> 1[1] via P2P/CUMEM/read
aig-a100:1622686:1622702 [0] NCCL INFO New proxy send connection 36 from local rank 0, transport 0
aig-a100:1622686:1622702 [0] NCCL INFO proxyProgressAsync opId=0x7091a4005b70 op.type=1 op.reqBuff=0x7091a8038740 op.respSize=16 done
aig-a100:1622686:1622707 [0] NCCL INFO ncclPollProxyResponse Received new opId=0x7091a4005b70
aig-a100:1622686:1622702 [0] NCCL INFO Received and initiated operation=Init res=0
aig-a100:1622686:1622707 [0] NCCL INFO resp.opId=0x7091a4005b70 matches expected opId=0x7091a4005b70
aig-a100:1622686:1622707 [0] NCCL INFO Connected to proxy localRank 0 -> connection 0x7091a8001dc0
aig-a100:1622686:1622702 [0] NCCL INFO Allocated shareable buffer 0x407200000 size 6291456 ipcDesc 0x7091a8039eb0
aig-a100:1622686:1622702 [0] NCCL INFO proxyProgressAsync opId=0x7091a4005b70 op.type=3 op.reqBuff=0x7091a8039e80 op.respSize=88 done
aig-a100:1622686:1622707 [0] NCCL INFO ncclPollProxyResponse Received new opId=0x7091a4005b70
aig-a100:1622686:1622702 [0] NCCL INFO Received and initiated operation=Setup res=0
aig-a100:1622686:1622707 [0] NCCL INFO resp.opId=0x7091a4005b70 matches expected opId=0x7091a4005b70
aig-a100:1622686:1622707 [0] NCCL INFO Channel 13/0 : 0[0] -> 1[1] via P2P/CUMEM/read
aig-a100:1622686:1622702 [0] NCCL INFO New proxy send connection 37 from local rank 0, transport 0
aig-a100:1622686:1622702 [0] NCCL INFO proxyProgressAsync opId=0x7091a4005b70 op.type=1 op.reqBuff=0x7091a8039e80 op.respSize=16 done
aig-a100:1622686:1622707 [0] NCCL INFO ncclPollProxyResponse Received new opId=0x7091a4005b70
aig-a100:1622686:1622702 [0] NCCL INFO Received and initiated operation=Init res=0
aig-a100:1622686:1622707 [0] NCCL INFO resp.opId=0x7091a4005b70 matches expected opId=0x7091a4005b70
aig-a100:1622686:1622707 [0] NCCL INFO Connected to proxy localRank 0 -> connection 0x7091a8001e38
aig-a100:1622686:1622702 [0] NCCL INFO Allocated shareable buffer 0x407800000 size 6291456 ipcDesc 0x7091a803b5f0
aig-a100:1622686:1622702 [0] NCCL INFO proxyProgressAsync opId=0x7091a4005b70 op.type=3 op.reqBuff=0x7091a803b5c0 op.respSize=88 done
aig-a100:1622686:1622707 [0] NCCL INFO ncclPollProxyResponse Received new opId=0x7091a4005b70
aig-a100:1622686:1622702 [0] NCCL INFO Received and initiated operation=Setup res=0
aig-a100:1622686:1622707 [0] NCCL INFO resp.opId=0x7091a4005b70 matches expected opId=0x7091a4005b70
aig-a100:1622686:1622707 [0] NCCL INFO Channel 14/0 : 0[0] -> 1[1] via P2P/CUMEM/read
aig-a100:1622686:1622702 [0] NCCL INFO New proxy send connection 38 from local rank 0, transport 0
aig-a100:1622686:16225b70
aig-a100:1622687:1622703 [1] NCCL INFO Received and initiated operation=Init res=0
aig-a100:1622687:1622706 [1] NCCL INFO resp.opId=0x7f9290005b70 matches expected opId=0x7f9290005b70
aig-a100:1622687:1622706 [1] NCCL INFO Connected to proxy localRank 1 -> connection 0x7f9294001e00
aig-a100:1622687:1622703 [1] NCCL INFO Allocated shareable buffer 0x407200000 size 6291456 ipcDesc 0x7f9294039eb0
aig-a100:1622687:1622703 [1] NCCL INFO proxyProgressAsync opId=0x7f9290005b70 op.type=3 op.reqBuff=0x7f9294039e80 op.respSize=88 done
aig-a100:1622687:1622706 [1] NCCL INFO ncclPollProxyResponse Received new opId=0x7f9290005b70
aig-a100:1622687:1622703 [1] NCCL INFO Received and initiated operation=Setup res=0
aig-a100:1622687:1622706 [1] NCCL INFO resp.opId=0x7f9290005b70 matches expected opId=0x7f9290005b70
aig-a100:1622687:1622706 [1] NCCL INFO Channel 13/0 : 1[1] -> 0[0] via P2P/CUMEM/read
aig-a100:1622687:1622703 [1] NCCL INFO New proxy send connection 37 from local rank 1, transport 0
aig-a100:1622687:1622703 [1] NCCL INFO proxyProgressAsync opId=0x7f9290005b70 op.type=1 op.reqBuff=0x7f9294039e80 op.respSize=16 done
aig-a100:1622687:1622706 [1] NCCL INFO ncclPollProxyResponse Received new opId=0x7f9290005b70
aig-a100:1622687:1622703 [1] NCCL INFO Received and initiated operation=Init res=0
aig-a100:1622687:1622706 [1] NCCL INFO resp.opId=0x7f9290005b70 matches expected opId=0x7f9290005b70
aig-a100:1622687:1622706 [1] NCCL INFO Connected to proxy localRank 1 -> connection 0x7f9294001e78
aig-a100:1622687:1622703 [1] NCCL INFO Allocated shareable buffer 0x407800000 size 6291456 ipcDesc 0x7f929403b5f0
aig-a100:1622687:1622703 [1] NCCL INFO proxyProgressAsync opId=0x7f9290005b70 op.type=3 op.reqBuff=0x7f929403b5c0 op.respSize=88 done
aig-a100:1622687:1622706 [1] NCCL INFO ncclPollProxyResponse Received new opId=0x7f9290005b70
aig-a100:1622687:1622703 [1] NCCL INFO Received and initiated operation=Setup res=0
aig-a100:1622687:1622706 [1] NCCL INFO resp.opId=0x7f9290005b70 matches expected opId=0x7f9290005b70
aig-a100:1622687:1622706 [1] NCCL INFO Channel 14/0 : 1[1] -> 0[0] via P2P/CUMEM/read
aig-a100:1622687:1622703 [1] NCCL INFO New proxy send connection 38 from local rank 1, transport 0
aig-a100:1622687:1622703 [1] NCCL INFO proxyProgressAsync opId=0x7f9290005b70 op.type=1 op.reqBuff=0x7f929403b5c0 op.respSize=16 done
aig-a100:1622687:1622706 [1] NCCL INFO ncclPollProxyResponse Received new opId=0x7f9290005b70
aig-a100:1622687:1622703 [1] NCCL INFO Received and initiated operation=Init res=0
aig-a100:1622687:1622706 [1] NCCL INFO resp.opId=0x7f9290005b70 matches expected opId=0x7f9290005b70
aig-a100:1622687:1622706 [1] NCCL INFO Connected to proxy localRank 1 -> connection 0x7f9294001ef0
aig-a100:1622687:1622703 [1] NCCL INFO Allocated shareable buffer 0x408000000 size 6291456 ipcDesc 0x7f929403cd30
aig-a100:1622687:1622703 [1] NCCL INFO proxyProgressAsync opId=0x7f9290005b70 op.type=3 op.reqBuff=0x7f929403cd00 op.respSize=88 done
aig-a100:1622687:1622706 [1] NCCL INFO ncclPollProxyResponse Received new opId=0x7f9290005b70
aig-a100:1622687:1622703 [1] NCCL INFO Received and initiated operation=Setup res=0
aig-a100:1622687:1622706 [1] NCCL INFO resp.opId=0x7f9290005b70 matches expected opId=0x7f9290005b70
aig-a100:1622687:1622706 [1] NCCL INFO Channel 15/0 : 1[1] -> 0[0] via P2P/CUMEM/read
aig-a100:1622687:1622703 [1] NCCL INFO New proxy send connection 39 from local rank 1, transport 0
aig-a100:1622687:1622703 [1] NCCL INFO proxyProgressAsync opId=0x7f9290005b70 op.type=1 op.reqBuff=0x7f929403cd00 op.respSize=16 done
aig-a100:1622687:1622706 [1] NCCL INFO ncclPollProxyResponse Received new opId=0x7f9290005b70
aig-a100:1622687:1622703 [1] NCCL INFO Received and initiated operation=Init res=0
aig-a100:1622687:1622706 [1] NCCL INFO resp.opId=0x7f9290005b70 matches expected opId=0x7f9290005b70
aig-a100:1622687:1622706 [1] NCCL INFO Connected to proxy localRank 1 -> connection 0x7f9294001f68
aig-a100:1622687:1622703 [1] NCCL INFO Allocated shareable buffer 0x408600000 size 6291456 ipcDesc 0x7f929403e8c0
aig-a100:1622687:1622703 702 [0] NCCL INFO proxyProgressAsync opId=0x7091a4005b70 op.type=1 op.reqBuff=0x7091a803b5c0 op.respSize=16 done
aig-a100:1622686:1622707 [0] NCCL INFO ncclPollProxyResponse Received new opId=0x7091a4005b70
aig-a100:1622686:1622702 [0] NCCL INFO Received and initiated operation=Init res=0
aig-a100:1622686:1622707 [0] NCCL INFO resp.opId=0x7091a4005b70 matches expected opId=0x7091a4005b70
aig-a100:1622686:1622707 [0] NCCL INFO Connected to proxy localRank 0 -> connection 0x7091a8001eb0
aig-a100:1622686:1622702 [0] NCCL INFO Allocated shareable buffer 0x408000000 size 6291456 ipcDesc 0x7091a803cd30
aig-a100:1622686:1622702 [0] NCCL INFO proxyProgressAsync opId=0x7091a4005b70 op.type=3 op.reqBuff=0x7091a803cd00 op.respSize=88 done
aig-a100:1622686:1622707 [0] NCCL INFO ncclPollProxyResponse Received new opId=0x7091a4005b70
aig-a100:1622686:1622702 [0] NCCL INFO Received and initiated operation=Setup res=0
aig-a100:1622686:1622707 [0] NCCL INFO resp.opId=0x7091a4005b70 matches expected opId=0x7091a4005b70
aig-a100:1622686:1622707 [0] NCCL INFO Channel 15/0 : 0[0] -> 1[1] via P2P/CUMEM/read
aig-a100:1622686:1622702 [0] NCCL INFO New proxy send connection 39 from local rank 0, transport 0
aig-a100:1622686:1622702 [0] NCCL INFO proxyProgressAsync opId=0x7091a4005b70 op.type=1 op.reqBuff=0x7091a803cd00 op.respSize=16 done
aig-a100:1622686:1622707 [0] NCCL INFO ncclPollProxyResponse Received new opId=0x7091a4005b70
aig-a100:1622686:1622702 [0] NCCL INFO Received and initiated operation=Init res=0
aig-a100:1622686:1622707 [0] NCCL INFO resp.opId=0x7091a4005b70 matches expected opId=0x7091a4005b70
aig-a100:1622686:1622707 [0] NCCL INFO Connected to proxy localRank 0 -> connection 0x7091a8001f28
aig-a100:1622686:1622702 [0] NCCL INFO Allocated shareable buffer 0x408600000 size 6291456 ipcDesc 0x7091a803e8c0
aig-a100:1622686:1622702 [0] NCCL INFO proxyProgressAsync opId=0x7091a4005b70 op.type=3 op.reqBuff=0x7091a803e890 op.respSize=88 done
aig-a100:1622686:1622707 [0] NCCL INFO ncclPollProxyResponse Received new opId=0x7091a4005b70
aig-a100:1622686:1622702 [0] NCCL INFO Received and initiated operation=Setup res=0
aig-a100:1622686:1622707 [0] NCCL INFO resp.opId=0x7091a4005b70 matches expected opId=0x7091a4005b70
aig-a100:1622686:1622707 [0] NCCL INFO Channel 16/0 : 0[0] -> 1[1] via P2P/CUMEM/read
aig-a100:1622686:1622702 [0] NCCL INFO New proxy send connection 40 from local rank 0, transport 0
aig-a100:1622686:1622702 [0] NCCL INFO proxyProgressAsync opId=0x7091a4005b70 op.type=1 op.reqBuff=0x7091a803e890 op.respSize=16 done
aig-a100:1622686:1622707 [0] NCCL INFO ncclPollProxyResponse Received new opId=0x7091a4005b70
aig-a100:1622686:1622702 [0] NCCL INFO Received and initiated operation=Init res=0
aig-a100:1622686:1622707 [0] NCCL INFO resp.opId=0x7091a4005b70 matches expected opId=0x7091a4005b70
aig-a100:1622686:1622707 [0] NCCL INFO Connected to proxy localRank 0 -> connection 0x7091a8001fa0
aig-a100:1622686:1622702 [0] NCCL INFO Allocated shareable buffer 0x408c00000 size 6291456 ipcDesc 0x7091a8040000
aig-a100:1622686:1622702 [0] NCCL INFO proxyProgressAsync opId=0x7091a4005b70 op.type=3 op.reqBuff=0x7091a803ffd0 op.respSize=88 done
aig-a100:1622686:1622707 [0] NCCL INFO ncclPollProxyResponse Received new opId=0x7091a4005b70
aig-a100:1622686:1622702 [0] NCCL INFO Received and initiated operation=Setup res=0
aig-a100:1622686:1622707 [0] NCCL INFO resp.opId=0x7091a4005b70 matches expected opId=0x7091a4005b70
aig-a100:1622686:1622707 [0] NCCL INFO Channel 17/0 : 0[0] -> 1[1] via P2P/CUMEM/read
aig-a100:1622686:1622702 [0] NCCL INFO New proxy send connection 41 from local rank 0, transport 0
aig-a100:1622686:1622702 [0] NCCL INFO proxyProgressAsync opId=0x7091a4005b70 op.type=1 op.reqBuff=0x7091a803ffd0 op.respSize=16 done
aig-a100:1622686:1622707 [0] NCCL INFO ncclPollProxyResponse Received new opId=0x7091a4005b70
aig-a100:1622686:1622702 [0] NCCL INFO Received and initiated operation=Init res=0
aig-a100:1622686:1622707 [0] NCCL INFO resp.opId=0x7091a4005b70 matches expected opId=0x7091a4005b70
aig-a100:1622686:1622707 [0] NCCL IN[1] NCCL INFO proxyProgressAsync opId=0x7f9290005b70 op.type=3 op.reqBuff=0x7f929403e890 op.respSize=88 done
aig-a100:1622687:1622706 [1] NCCL INFO ncclPollProxyResponse Received new opId=0x7f9290005b70
aig-a100:1622687:1622703 [1] NCCL INFO Received and initiated operation=Setup res=0
aig-a100:1622687:1622706 [1] NCCL INFO resp.opId=0x7f9290005b70 matches expected opId=0x7f9290005b70
aig-a100:1622687:1622706 [1] NCCL INFO Channel 16/0 : 1[1] -> 0[0] via P2P/CUMEM/read
aig-a100:1622687:1622703 [1] NCCL INFO New proxy send connection 40 from local rank 1, transport 0
aig-a100:1622687:1622703 [1] NCCL INFO proxyProgressAsync opId=0x7f9290005b70 op.type=1 op.reqBuff=0x7f929403e890 op.respSize=16 done
aig-a100:1622687:1622706 [1] NCCL INFO ncclPollProxyResponse Received new opId=0x7f9290005b70
aig-a100:1622687:1622703 [1] NCCL INFO Received and initiated operation=Init res=0
aig-a100:1622687:1622706 [1] NCCL INFO resp.opId=0x7f9290005b70 matches expected opId=0x7f9290005b70
aig-a100:1622687:1622706 [1] NCCL INFO Connected to proxy localRank 1 -> connection 0x7f9294001fe0
aig-a100:1622687:1622703 [1] NCCL INFO Allocated shareable buffer 0x408c00000 size 6291456 ipcDesc 0x7f9294040000
aig-a100:1622687:1622703 [1] NCCL INFO proxyProgressAsync opId=0x7f9290005b70 op.type=3 op.reqBuff=0x7f929403ffd0 op.respSize=88 done
aig-a100:1622687:1622706 [1] NCCL INFO ncclPollProxyResponse Received new opId=0x7f9290005b70
aig-a100:1622687:1622703 [1] NCCL INFO Received and initiated operation=Setup res=0
aig-a100:1622687:1622706 [1] NCCL INFO resp.opId=0x7f9290005b70 matches expected opId=0x7f9290005b70
aig-a100:1622687:1622706 [1] NCCL INFO Channel 17/0 : 1[1] -> 0[0] via P2P/CUMEM/read
aig-a100:1622687:1622703 [1] NCCL INFO New proxy send connection 41 from local rank 1, transport 0
aig-a100:1622687:1622703 [1] NCCL INFO proxyProgressAsync opId=0x7f9290005b70 op.type=1 op.reqBuff=0x7f929403ffd0 op.respSize=16 done
aig-a100:1622687:1622706 [1] NCCL INFO ncclPollProxyResponse Received new opId=0x7f9290005b70
aig-a100:1622687:1622703 [1] NCCL INFO Received and initiated operation=Init res=0
aig-a100:1622687:1622706 [1] NCCL INFO resp.opId=0x7f9290005b70 matches expected opId=0x7f9290005b70
aig-a100:1622687:1622706 [1] NCCL INFO Connected to proxy localRank 1 -> connection 0x7f9294002058
aig-a100:1622687:1622703 [1] NCCL INFO Allocated shareable buffer 0x409200000 size 6291456 ipcDesc 0x7f9294041740
aig-a100:1622687:1622703 [1] NCCL INFO proxyProgressAsync opId=0x7f9290005b70 op.type=3 op.reqBuff=0x7f9294041710 op.respSize=88 done
aig-a100:1622687:1622706 [1] NCCL INFO ncclPollProxyResponse Received new opId=0x7f9290005b70
aig-a100:1622687:1622703 [1] NCCL INFO Received and initiated operation=Setup res=0
aig-a100:1622687:1622706 [1] NCCL INFO resp.opId=0x7f9290005b70 matches expected opId=0x7f9290005b70
aig-a100:1622687:1622706 [1] NCCL INFO Channel 18/0 : 1[1] -> 0[0] via P2P/CUMEM/read
aig-a100:1622687:1622703 [1] NCCL INFO New proxy send connection 42 from local rank 1, transport 0
aig-a100:1622687:1622703 [1] NCCL INFO proxyProgressAsync opId=0x7f9290005b70 op.type=1 op.reqBuff=0x7f9294041710 op.respSize=16 done
aig-a100:1622687:1622706 [1] NCCL INFO ncclPollProxyResponse Received new opId=0x7f9290005b70
aig-a100:1622687:1622703 [1] NCCL INFO Received and initiated operation=Init res=0
aig-a100:1622687:1622706 [1] NCCL INFO resp.opId=0x7f9290005b70 matches expected opId=0x7f9290005b70
aig-a100:1622687:1622706 [1] NCCL INFO Connected to proxy localRank 1 -> connection 0x7f92940020d0
aig-a100:1622687:1622703 [1] NCCL INFO Allocated shareable buffer 0x409800000 size 6291456 ipcDesc 0x7f9294042e80
aig-a100:1622687:1622703 [1] NCCL INFO proxyProgressAsync opId=0x7f9290005b70 op.type=3 op.reqBuff=0x7f9294042e50 op.respSize=88 done
aig-a100:1622687:1622706 [1] NCCL INFO ncclPollProxyResponse Received new opId=0x7f9290005b70
aig-a100:1622687:1622703 [1] NCCL INFO Received and initiated operation=Setup res=0
aig-a100:1622687:1622706 [1] NCCL INFO resp.opId=0x7f9290005b70 matches expected opId=0x7f9290005b70
aig-a100:1622687:1622706 [1] NCCL INFO FO Connected to proxy localRank 0 -> connection 0x7091a8002018
aig-a100:1622686:1622702 [0] NCCL INFO Allocated shareable buffer 0x409200000 size 6291456 ipcDesc 0x7091a8041740
aig-a100:1622686:1622702 [0] NCCL INFO proxyProgressAsync opId=0x7091a4005b70 op.type=3 op.reqBuff=0x7091a8041710 op.respSize=88 done
aig-a100:1622686:1622707 [0] NCCL INFO ncclPollProxyResponse Received new opId=0x7091a4005b70
aig-a100:1622686:1622702 [0] NCCL INFO Received and initiated operation=Setup res=0
aig-a100:1622686:1622707 [0] NCCL INFO resp.opId=0x7091a4005b70 matches expected opId=0x7091a4005b70
aig-a100:1622686:1622707 [0] NCCL INFO Channel 18/0 : 0[0] -> 1[1] via P2P/CUMEM/read
aig-a100:1622686:1622702 [0] NCCL INFO New proxy send connection 42 from local rank 0, transport 0
aig-a100:1622686:1622702 [0] NCCL INFO proxyProgressAsync opId=0x7091a4005b70 op.type=1 op.reqBuff=0x7091a8041710 op.respSize=16 done
aig-a100:1622686:1622707 [0] NCCL INFO ncclPollProxyResponse Received new opId=0x7091a4005b70
aig-a100:1622686:1622702 [0] NCCL INFO Received and initiated operation=Init res=0
aig-a100:1622686:1622707 [0] NCCL INFO resp.opId=0x7091a4005b70 matches expected opId=0x7091a4005b70
aig-a100:1622686:1622707 [0] NCCL INFO Connected to proxy localRank 0 -> connection 0x7091a8002090
aig-a100:1622686:1622702 [0] NCCL INFO Allocated shareable buffer 0x409800000 size 6291456 ipcDesc 0x7091a8042e80
aig-a100:1622686:1622702 [0] NCCL INFO proxyProgressAsync opId=0x7091a4005b70 op.type=3 op.reqBuff=0x7091a8042e50 op.respSize=88 done
aig-a100:1622686:1622707 [0] NCCL INFO ncclPollProxyResponse Received new opId=0x7091a4005b70
aig-a100:1622686:1622702 [0] NCCL INFO Received and initiated operation=Setup res=0
aig-a100:1622686:1622707 [0] NCCL INFO resp.opId=0x7091a4005b70 matches expected opId=0x7091a4005b70
aig-a100:1622686:1622707 [0] NCCL INFO Channel 19/0 : 0[0] -> 1[1] via P2P/CUMEM/read
aig-a100:1622686:1622702 [0] NCCL INFO New proxy send connection 43 from local rank 0, transport 0
aig-a100:1622686:1622702 [0] NCCL INFO proxyProgressAsync opId=0x7091a4005b70 op.type=1 op.reqBuff=0x7091a8042e50 op.respSize=16 done
aig-a100:1622686:1622707 [0] NCCL INFO ncclPollProxyResponse Received new opId=0x7091a4005b70
aig-a100:1622686:1622702 [0] NCCL INFO Received and initiated operation=Init res=0
aig-a100:1622686:1622707 [0] NCCL INFO resp.opId=0x7091a4005b70 matches expected opId=0x7091a4005b70
aig-a100:1622686:1622707 [0] NCCL INFO Connected to proxy localRank 0 -> connection 0x7091a8002108
aig-a100:1622686:1622702 [0] NCCL INFO Allocated shareable buffer 0x40a000000 size 6291456 ipcDesc 0x7091a80445c0
aig-a100:1622686:1622702 [0] NCCL INFO proxyProgressAsync opId=0x7091a4005b70 op.type=3 op.reqBuff=0x7091a8044590 op.respSize=88 done
aig-a100:1622686:1622707 [0] NCCL INFO ncclPollProxyResponse Received new opId=0x7091a4005b70
aig-a100:1622686:1622702 [0] NCCL INFO Received and initiated operation=Setup res=0
aig-a100:1622686:1622707 [0] NCCL INFO resp.opId=0x7091a4005b70 matches expected opId=0x7091a4005b70
aig-a100:1622686:1622707 [0] NCCL INFO Channel 20/0 : 0[0] -> 1[1] via P2P/CUMEM/read
aig-a100:1622686:1622702 [0] NCCL INFO New proxy send connection 44 from local rank 0, transport 0
aig-a100:1622686:1622702 [0] NCCL INFO proxyProgressAsync opId=0x7091a4005b70 op.type=1 op.reqBuff=0x7091a8044590 op.respSize=16 done
aig-a100:1622686:1622707 [0] NCCL INFO ncclPollProxyResponse Received new opId=0x7091a4005b70
aig-a100:1622686:1622702 [0] NCCL INFO Received and initiated operation=Init res=0
aig-a100:1622686:1622707 [0] NCCL INFO resp.opId=0x7091a4005b70 matches expected opId=0x7091a4005b70
aig-a100:1622686:1622707 [0] NCCL INFO Connected to proxy localRank 0 -> connection 0x7091a8002180
aig-a100:1622686:1622702 [0] NCCL INFO Allocated shareable buffer 0x40a600000 size 6291456 ipcDesc 0x7091a8046150
aig-a100:1622686:1622702 [0] NCCL INFO proxyProgressAsync opId=0x7091a4005b70 op.type=3 op.reqBuff=0x7091a8046120 op.respSize=88 done
aig-a100:1622686:1622707 [0] NCCL INFO ncclPollProxyResponse Received new opId=0x7091a4005b70
aig-a100:1622686:16227Channel 19/0 : 1[1] -> 0[0] via P2P/CUMEM/read
aig-a100:1622687:1622703 [1] NCCL INFO New proxy send connection 43 from local rank 1, transport 0
aig-a100:1622687:1622703 [1] NCCL INFO proxyProgressAsync opId=0x7f9290005b70 op.type=1 op.reqBuff=0x7f9294042e50 op.respSize=16 done
aig-a100:1622687:1622706 [1] NCCL INFO ncclPollProxyResponse Received new opId=0x7f9290005b70
aig-a100:1622687:1622703 [1] NCCL INFO Received and initiated operation=Init res=0
aig-a100:1622687:1622706 [1] NCCL INFO resp.opId=0x7f9290005b70 matches expected opId=0x7f9290005b70
aig-a100:1622687:1622706 [1] NCCL INFO Connected to proxy localRank 1 -> connection 0x7f9294002148
aig-a100:1622687:1622703 [1] NCCL INFO Allocated shareable buffer 0x40a000000 size 6291456 ipcDesc 0x7f92940445c0
aig-a100:1622687:1622703 [1] NCCL INFO proxyProgressAsync opId=0x7f9290005b70 op.type=3 op.reqBuff=0x7f9294044590 op.respSize=88 done
aig-a100:1622687:1622706 [1] NCCL INFO ncclPollProxyResponse Received new opId=0x7f9290005b70
aig-a100:1622687:1622703 [1] NCCL INFO Received and initiated operation=Setup res=0
aig-a100:1622687:1622706 [1] NCCL INFO resp.opId=0x7f9290005b70 matches expected opId=0x7f9290005b70
aig-a100:1622687:1622706 [1] NCCL INFO Channel 20/0 : 1[1] -> 0[0] via P2P/CUMEM/read
aig-a100:1622687:1622703 [1] NCCL INFO New proxy send connection 44 from local rank 1, transport 0
aig-a100:1622687:1622703 [1] NCCL INFO proxyProgressAsync opId=0x7f9290005b70 op.type=1 op.reqBuff=0x7f9294044590 op.respSize=16 done
aig-a100:1622687:1622706 [1] NCCL INFO ncclPollProxyResponse Received new opId=0x7f9290005b70
aig-a100:1622687:1622703 [1] NCCL INFO Received and initiated operation=Init res=0
aig-a100:1622687:1622706 [1] NCCL INFO resp.opId=0x7f9290005b70 matches expected opId=0x7f9290005b70
aig-a100:1622687:1622706 [1] NCCL INFO Connected to proxy localRank 1 -> connection 0x7f92940021c0
aig-a100:1622687:1622703 [1] NCCL INFO Allocated shareable buffer 0x40a600000 size 6291456 ipcDesc 0x7f9294046150
aig-a100:1622687:1622703 [1] NCCL INFO proxyProgressAsync opId=0x7f9290005b70 op.type=3 op.reqBuff=0x7f9294046120 op.respSize=88 done
