aig-a100:1622687:1622706 [1] NCCL INFO ncclPollProxyResponse Received new opId=0x7f9290005b70
aig-a100:1622687:1622703 [1] NCCL INFO Received and initiated operation=Setup res=0
aig-a100:1622687:1622706 [1] NCCL INFO resp.opId=0x7f9290005b70 matches expected opId=0x7f9290005b70
aig-a100:1622687:1622703 [1] NCCL INFO New proxy recv connection 2 from local rank 1, transport 0
aig-a100:1622687:1622703 [1] NCCL INFO proxyProgressAsync opId=0x7f9290005b70 op.type=1 op.reqBuff=0x7f9294007a70 op.respSize=16 done
aig-a100:1622687:1622706 [1] NCCL INFO ncclPollProxyResponse Received new opId=0x7f9290005b70
aig-a100:1622687:1622703 [1] NCCL INFO Received and initiated operation=Init res=0
aig-a100:1622687:1622706 [1] NCCL INFO resp.opId=0x7f9290005b70 matches expected opId=0x7f9290005b70
aig-a100:1622687:1622706 [1] NCCL INFO Connected to proxy localRank 1 -> connection 0x7f9294000e10
aig-a100:1622687:1622703 [1] NCCL INFO Allocated shareable buffer 0x7f92cf000000 size 6291456 ipcDesc 0x7f9294007ac0
aig-a100:1622687:1622703 [1] NCCL INFO proxyProgressAsync opId=0x7f9290005b70 op.type=3 op.reqBuff=0x7f9294007a90 op.respSize=88 done
aig-a100:1622687:1622706 [1] NCCL INFO ncclPollProxyResponse Received new opId=0x7f9290005b70
aig-a100:1622687:1622703 [1] NCCL INFO Received and initiated operation=Setup res=0
aig-a100:1622687:1622706 [1] NCCL INFO resp.opId=0x7f9290005b70 matches expected opId=0x7f9290005b70
aig-a100:1622687:1622703 [1] NCCL INFO New proxy recv connection 3 from local rank 1, transport 0
aig-a100:1622687:1622703 [1] NCCL INFO proxyProgressAsync opId=0x7f9290005b70 op.type=1 op.reqBuff=0x7f9294007a90 op.respSize=16 done
aig-a100:1622687:1622706 [1] NCCL INFO ncclPollProxyResponse Received new opId=0x7f9290005b70
aig-a100:1622687:1622703 [1] NCCL INFO Received and initiated operation=Init res=0
aig-a100:1622687:1622706 [1] NCCL INFO resp.opId=0x7f9290005b70 matches expected opId=0x7f9290005b70
aig-a100:1622687:1622706 [1] NCCL INFO Connected to proxy localRank 1 -> connection 0x7f9294000e88
aig-a100:1622687:1622703 [1] NCCL INFO Allocated shareable buffer 0x7f92cf600000 size 6291456 ipcDesc 0x7f9294009220
aig-a100:1622687:1622703 [1] NCCL INFO proxyProgressAsync opId=0x7f9290005b70 op.type=3 op.reqBuff=0x7f92940091f0 op.respSize=88 done
aig-a100:1622687:1622706 [1] NCCL INFO ncclPollProxyResponse Received new opId=0x7f9290005b70
aig-a100:1622687:1622703 [1] NCCL INFO Received and initiated operation=Setup res=0
aig-a100:1622687:1622706 [1] NCCL INFO resp.opId=0x7f9290005b70 matches expected opId=0x7f9290005b70
aig-a100:1622687:1622703 [1] NCCL INFO New proxy recv connection 4 from local rank 1, transport 0
aig-a100:1622687:1622703 [1] NCCL INFO proxyProgressAsync opId=0x7f9290005b70 op.type=1 op.reqBuff=0x7f92940091f0 op.respSize=16 done
aig-a100:1622687:1622706 [1] NCCL INFO ncclPollProxyResponse Received new opId=0x7f9290005b70
aig-a100:1622687:1622703 [1] NCCL INFO Received and initiated operation=Init res=0
aig-a100:1622687:1622706 [1] NCCL INFO resp.opId=0x7f9290005b70 matches expected opId=0x7f9290005b70
aig-a100:1622687:1622706 [1] NCCL INFO Connected to proxy localRank 1 -> connection 0x7f9294000f00
aig-a100:1622687:1622703 [1] NCCL INFO Allocated shareable buffer 0x7f92cfc00000 size 6291456 ipcDesc 0x7f929400a960
aig-a100:1622687:1622703 [1] NCCL INFO proxyProgressAsync opId=0x7f9290005b70 op.type=3 op.reqBuff=0x7f929400a930 op.respSize=88 done
aig-a100:1622687:1622706 [1] NCCL INFO ncclPollProxyResponse Received new opId=0x7f9290005b70
aig-a100:1622687:1622703 [1] NCCL INFO Received and initived new opId=0x7091a4005b70
aig-a100:1622686:1622707 [0] NCCL INFO resp.opId=0x7091a4005b70 matches expected opId=0x7091a4005b70
aig-a100:1622686:1622707 [0] NCCL INFO Connected to proxy localRank 0 -> connection 0x7091a8000e48
aig-a100:1622686:1622702 [0] NCCL INFO Received and initiated operation=Init res=0
aig-a100:1622686:1622702 [0] NCCL INFO Allocated shareable buffer 0x7091e1600000 size 6291456 ipcDesc 0x7091a8009220
aig-a100:1622686:1622702 [0] NCCL INFO proxyProgressAsync opId=0x7091a4005b70 op.type=3 op.reqBuff=0x7091a80091f0 op.respSize=88 done
aig-a100:1622686:1622707 [0] NCCL INFO ncclPollProxyResponse Received new opId=0x7091a4005b70
aig-a100:1622686:1622702 [0] NCCL INFO Received and initiated operation=Setup res=0
aig-a100:1622686:1622707 [0] NCCL INFO resp.opId=0x7091a4005b70 matches expected opId=0x7091a4005b70
aig-a100:1622686:1622702 [0] NCCL INFO New proxy recv connection 4 from local rank 0, transport 0
aig-a100:1622686:1622702 [0] NCCL INFO proxyProgressAsync opId=0x7091a4005b70 op.type=1 op.reqBuff=0x7091a80091f0 op.respSize=16 done
aig-a100:1622686:1622707 [0] NCCL INFO ncclPollProxyResponse Received new opId=0x7091a4005b70
aig-a100:1622686:1622702 [0] NCCL INFO Received and initiated operation=Init res=0
aig-a100:1622686:1622707 [0] NCCL INFO resp.opId=0x7091a4005b70 matches expected opId=0x7091a4005b70
aig-a100:1622686:1622707 [0] NCCL INFO Connected to proxy localRank 0 -> connection 0x7091a8000ec0
aig-a100:1622686:1622702 [0] NCCL INFO Allocated shareable buffer 0x7091e1c00000 size 6291456 ipcDesc 0x7091a800a960
aig-a100:1622686:1622702 [0] NCCL INFO proxyProgressAsync opId=0x7091a4005b70 op.type=3 op.reqBuff=0x7091a800a930 op.respSize=88 done
aig-a100:1622686:1622707 [0] NCCL INFO ncclPollProxyResponse Received new opId=0x7091a4005b70
aig-a100:1622686:1622702 [0] NCCL INFO Received and initiated operation=Setup res=0
aig-a100:1622686:1622707 [0] NCCL INFO resp.opId=0x7091a4005b70 matches expected opId=0x7091a4005b70
aig-a100:1622686:1622702 [0] NCCL INFO New proxy recv connection 5 from local rank 0, transport 0
aig-a100:1622686:1622702 [0] NCCL INFO proxyProgressAsync opId=0x7091a4005b70 op.type=1 op.reqBuff=0x7091a800a930 op.respSize=16 done
aig-a100:1622686:1622707 [0] NCCL INFO ncclPollProxyResponse Received new opId=0x7091a4005b70
aig-a100:1622686:1622702 [0] NCCL INFO Received and initiated operation=Init res=0
aig-a100:1622686:1622707 [0] NCCL INFO resp.opId=0x7091a4005b70 matches expected opId=0x7091a4005b70
aig-a100:1622686:1622707 [0] NCCL INFO Connected to proxy localRank 0 -> connection 0x7091a8000f38
aig-a100:1622686:1622702 [0] NCCL INFO Allocated shareable buffer 0x7091e2200000 size 6291456 ipcDesc 0x7091a800c0a0
aig-a100:1622686:1622702 [0] NCCL INFO proxyProgressAsync opId=0x7091a4005b70 op.type=3 op.reqBuff=0x7091a800c070 op.respSize=88 done
aig-a100:1622686:1622707 [0] NCCL INFO ncclPollProxyResponse Received new opId=0x7091a4005b70
aig-a100:1622686:1622702 [0] NCCL INFO Received and initiated operation=Setup res=0
aig-a100:1622686:1622707 [0] NCCL INFO resp.opId=0x7091a4005b70 matches expected opId=0x7091a4005b70
aig-a100:1622686:1622702 [0] NCCL INFO New proxy recv connection 6 from local rank 0, transport 0
aig-a100:1622686:1622702 [0] NCCL INFO proxyProgressAsync opId=0x7091a4005b70 op.type=1 op.reqBuff=0x7091a800c070 op.respSize=16 done
aig-a100:1622686:1622707 [0] NCCL INFO ncclPollProxyResponse Received new opId=0x7091a4005b70
aig-a100:1622686:1622702 [0] NCCL INFO Received and initiated operation=Init res=0
aig-a100:1622686:1622707 [0] NCCL INFO resp.opId=0x7091a4005b70 matches expected opId=0x7091a4005b70
aig-a100:1622686:1622707 [0] NCCL INFO Connected to proxy localRank 0 -> connection 0x7091a8000fb0
aig-a100:1622686:1622702 [0] NCCL INFO Allocated shareable buffer 0x7091e2800000 size 6291456 ipcDesc 0x7091a800d7e0
aig-a100:1622686:1622702 [0] NCCL INFO proxyProgressAsync opId=0x7091a4005b70 op.type=3 op.reqBuff=0x7091a800d7b0 op.respSize=88 done
aig-a100:1622686:1622707 [0] NCCL INFO ncclPollProxyResponse Received new opId=0x7091a4005b70
aig-a100:1622686:162270ated operation=Setup res=0
aig-a100:1622687:1622706 [1] NCCL INFO resp.opId=0x7f9290005b70 matches expected opId=0x7f9290005b70
aig-a100:1622687:1622703 [1] NCCL INFO New proxy recv connection 5 from local rank 1, transport 0
aig-a100:1622687:1622703 [1] NCCL INFO proxyProgressAsync opId=0x7f9290005b70 op.type=1 op.reqBuff=0x7f929400a930 op.respSize=16 done
aig-a100:1622687:1622706 [1] NCCL INFO ncclPollProxyResponse Received new opId=0x7f9290005b70
aig-a100:1622687:1622703 [1] NCCL INFO Received and initiated operation=Init res=0
aig-a100:1622687:1622706 [1] NCCL INFO resp.opId=0x7f9290005b70 matches expected opId=0x7f9290005b70
aig-a100:1622687:1622706 [1] NCCL INFO Connected to proxy localRank 1 -> connection 0x7f9294000f78
aig-a100:1622687:1622703 [1] NCCL INFO Allocated shareable buffer 0x7f92d0200000 size 6291456 ipcDesc 0x7f929400c0a0
aig-a100:1622687:1622703 [1] NCCL INFO proxyProgressAsync opId=0x7f9290005b70 op.type=3 op.reqBuff=0x7f929400c070 op.respSize=88 done
aig-a100:1622687:1622706 [1] NCCL INFO ncclPollProxyResponse Received new opId=0x7f9290005b70
aig-a100:1622687:1622703 [1] NCCL INFO Received and initiated operation=Setup res=0
aig-a100:1622687:1622706 [1] NCCL INFO resp.opId=0x7f9290005b70 matches expected opId=0x7f9290005b70
aig-a100:1622687:1622703 [1] NCCL INFO New proxy recv connection 6 from local rank 1, transport 0
aig-a100:1622687:1622703 [1] NCCL INFO proxyProgressAsync opId=0x7f9290005b70 op.type=1 op.reqBuff=0x7f929400c070 op.respSize=16 done
aig-a100:1622687:1622706 [1] NCCL INFO ncclPollProxyResponse Received new opId=0x7f9290005b70
aig-a100:1622687:1622703 [1] NCCL INFO Received and initiated operation=Init res=0
aig-a100:1622687:1622706 [1] NCCL INFO resp.opId=0x7f9290005b70 matches expected opId=0x7f9290005b70
aig-a100:1622687:1622706 [1] NCCL INFO Connected to proxy localRank 1 -> connection 0x7f9294000ff0
aig-a100:1622687:1622703 [1] NCCL INFO Allocated shareable buffer 0x7f92d0800000 size 6291456 ipcDesc 0x7f929400d7e0
aig-a100:1622687:1622703 [1] NCCL INFO proxyProgressAsync opId=0x7f9290005b70 op.type=3 op.reqBuff=0x7f929400d7b0 op.respSize=88 done
aig-a100:1622687:1622706 [1] NCCL INFO ncclPollProxyResponse Received new opId=0x7f9290005b70
aig-a100:1622687:1622703 [1] NCCL INFO Received and initiated operation=Setup res=0
aig-a100:1622687:1622706 [1] NCCL INFO resp.opId=0x7f9290005b70 matches expected opId=0x7f9290005b70
aig-a100:1622687:1622703 [1] NCCL INFO New proxy recv connection 7 from local rank 1, transport 0
aig-a100:1622687:1622703 [1] NCCL INFO proxyProgressAsync opId=0x7f9290005b70 op.type=1 op.reqBuff=0x7f929400d7b0 op.respSize=16 done
aig-a100:1622687:1622706 [1] NCCL INFO ncclPollProxyResponse Received new opId=0x7f9290005b70
aig-a100:1622687:1622703 [1] NCCL INFO Received and initiated operation=Init res=0
aig-a100:1622687:1622706 [1] NCCL INFO resp.opId=0x7f9290005b70 matches expected opId=0x7f9290005b70
aig-a100:1622687:1622706 [1] NCCL INFO Connected to proxy localRank 1 -> connection 0x7f9294001068
aig-a100:1622687:1622703 [1] NCCL INFO Allocated shareable buffer 0x7f92d0e00000 size 6291456 ipcDesc 0x7f929400ef20
aig-a100:1622687:1622703 [1] NCCL INFO proxyProgressAsync opId=0x7f9290005b70 op.type=3 op.reqBuff=0x7f929400eef0 op.respSize=88 done
aig-a100:1622687:1622706 [1] NCCL INFO ncclPollProxyResponse Received new opId=0x7f9290005b70
aig-a100:1622687:1622703 [1] NCCL INFO Received and initiated operation=Setup res=0
aig-a100:1622687:1622706 [1] NCCL INFO resp.opId=0x7f9290005b70 matches expected opId=0x7f9290005b70
aig-a100:1622687:1622703 [1] NCCL INFO New proxy recv connection 8 from local rank 1, transport 0
aig-a100:1622687:1622703 [1] NCCL INFO proxyProgressAsync opId=0x7f9290005b70 op.type=1 op.reqBuff=0x7f929400eef0 op.respSize=16 done
aig-a100:1622687:1622706 [1] NCCL INFO ncclPollProxyResponse Received new opId=0x7f9290005b70
aig-a100:1622687:1622703 [1] NCCL INFO Received and initiated operation=Init res=0
aig-a100:1622687:1622706 [1] NCCL INFO resp.opId=0x7f9290005b70 matches expected opId=0x7f9290005b70
aig-a100:1622687:1622706 [1] NCCL INFO Co2 [0] NCCL INFO Received and initiated operation=Setup res=0
aig-a100:1622686:1622707 [0] NCCL INFO resp.opId=0x7091a4005b70 matches expected opId=0x7091a4005b70
aig-a100:1622686:1622702 [0] NCCL INFO New proxy recv connection 7 from local rank 0, transport 0
aig-a100:1622686:1622702 [0] NCCL INFO proxyProgressAsync opId=0x7091a4005b70 op.type=1 op.reqBuff=0x7091a800d7b0 op.respSize=16 done
aig-a100:1622686:1622707 [0] NCCL INFO ncclPollProxyResponse Received new opId=0x7091a4005b70
aig-a100:1622686:1622702 [0] NCCL INFO Received and initiated operation=Init res=0
aig-a100:1622686:1622707 [0] NCCL INFO resp.opId=0x7091a4005b70 matches expected opId=0x7091a4005b70
aig-a100:1622686:1622707 [0] NCCL INFO Connected to proxy localRank 0 -> connection 0x7091a8001028
aig-a100:1622686:1622702 [0] NCCL INFO Allocated shareable buffer 0x7091e2e00000 size 6291456 ipcDesc 0x7091a800ef20
aig-a100:1622686:1622702 [0] NCCL INFO proxyProgressAsync opId=0x7091a4005b70 op.type=3 op.reqBuff=0x7091a800eef0 op.respSize=88 done
aig-a100:1622686:1622707 [0] NCCL INFO ncclPollProxyResponse Received new opId=0x7091a4005b70
aig-a100:1622686:1622702 [0] NCCL INFO Received and initiated operation=Setup res=0
aig-a100:1622686:1622707 [0] NCCL INFO resp.opId=0x7091a4005b70 matches expected opId=0x7091a4005b70
aig-a100:1622686:1622702 [0] NCCL INFO New proxy recv connection 8 from local rank 0, transport 0
aig-a100:1622686:1622702 [0] NCCL INFO proxyProgressAsync opId=0x7091a4005b70 op.type=1 op.reqBuff=0x7091a800eef0 op.respSize=16 done
aig-a100:1622686:1622707 [0] NCCL INFO ncclPollProxyResponse Received new opId=0x7091a4005b70
aig-a100:1622686:1622702 [0] NCCL INFO Received and initiated operation=Init res=0
aig-a100:1622686:1622707 [0] NCCL INFO resp.opId=0x7091a4005b70 matches expected opId=0x7091a4005b70
aig-a100:1622686:1622707 [0] NCCL INFO Connected to proxy localRank 0 -> connection 0x7091a80010a0
aig-a100:1622686:1622702 [0] NCCL INFO Allocated shareable buffer 0x7091e3400000 size 6291456 ipcDesc 0x7091a8010660
aig-a100:1622686:1622702 [0] NCCL INFO proxyProgressAsync opId=0x7091a4005b70 op.type=3 op.reqBuff=0x7091a8010630 op.respSize=88 done
aig-a100:1622686:1622707 [0] NCCL INFO ncclPollProxyResponse Received new opId=0x7091a4005b70
aig-a100:1622686:1622702 [0] NCCL INFO Received and initiated operation=Setup res=0
aig-a100:1622686:1622707 [0] NCCL INFO resp.opId=0x7091a4005b70 matches expected opId=0x7091a4005b70
aig-a100:1622686:1622702 [0] NCCL INFO New proxy recv connection 9 from local rank 0, transport 0
aig-a100:1622686:1622702 [0] NCCL INFO proxyProgressAsync opId=0x7091a4005b70 op.type=1 op.reqBuff=0x7091a8010630 op.respSize=16 done
aig-a100:1622686:1622707 [0] NCCL INFO ncclPollProxyResponse Received new opId=0x7091a4005b70
aig-a100:1622686:1622702 [0] NCCL INFO Received and initiated operation=Init res=0
aig-a100:1622686:1622707 [0] NCCL INFO resp.opId=0x7091a4005b70 matches expected opId=0x7091a4005b70
aig-a100:1622686:1622707 [0] NCCL INFO Connected to proxy localRank 0 -> connection 0x7091a8001118
aig-a100:1622686:1622702 [0] NCCL INFO Allocated shareable buffer 0x7091e3a00000 size 6291456 ipcDesc 0x7091a8011da0
aig-a100:1622686:1622702 [0] NCCL INFO proxyProgressAsync opId=0x7091a4005b70 op.type=3 op.reqBuff=0x7091a8011d70 op.respSize=88 done
aig-a100:1622686:1622707 [0] NCCL INFO ncclPollProxyResponse Received new opId=0x7091a4005b70
aig-a100:1622686:1622702 [0] NCCL INFO Received and initiated operation=Setup res=0
aig-a100:1622686:1622707 [0] NCCL INFO resp.opId=0x7091a4005b70 matches expected opId=0x7091a4005b70
aig-a100:1622686:1622702 [0] NCCL INFO New proxy recv connection 10 from local rank 0, transport 0
aig-a100:1622686:1622702 [0] NCCL INFO proxyProgressAsync opId=0x7091a4005b70 op.type=1 op.reqBuff=0x7091a8011d70 op.respSize=16 done
aig-a100:1622686:1622707 [0] NCCL INFO ncclPollProxyResponse Received new opId=0x7091a4005b70
aig-a100:1622686:1622702 [0] NCCL INFO Received and initiated operation=Init res=0
aig-a100:1622686:1622707 [0] NCCL INFO resp.opId=0x7091a4005b70 matches expected opId=0x7091a4005b70
aig-a1nnected to proxy localRank 1 -> connection 0x7f92940010e0
aig-a100:1622687:1622703 [1] NCCL INFO Allocated shareable buffer 0x7f92d1400000 size 6291456 ipcDesc 0x7f9294010660
aig-a100:1622687:1622703 [1] NCCL INFO proxyProgressAsync opId=0x7f9290005b70 op.type=3 op.reqBuff=0x7f9294010630 op.respSize=88 done
aig-a100:1622687:1622706 [1] NCCL INFO ncclPollProxyResponse Received new opId=0x7f9290005b70
aig-a100:1622687:1622703 [1] NCCL INFO Received and initiated operation=Setup res=0
aig-a100:1622687:1622706 [1] NCCL INFO resp.opId=0x7f9290005b70 matches expected opId=0x7f9290005b70
aig-a100:1622687:1622703 [1] NCCL INFO New proxy recv connection 9 from local rank 1, transport 0
aig-a100:1622687:1622703 [1] NCCL INFO proxyProgressAsync opId=0x7f9290005b70 op.type=1 op.reqBuff=0x7f9294010630 op.respSize=16 done
aig-a100:1622687:1622706 [1] NCCL INFO ncclPollProxyResponse Received new opId=0x7f9290005b70
aig-a100:1622687:1622703 [1] NCCL INFO Received and initiated operation=Init res=0
aig-a100:1622687:1622706 [1] NCCL INFO resp.opId=0x7f9290005b70 matches expected opId=0x7f9290005b70
aig-a100:1622687:1622706 [1] NCCL INFO Connected to proxy localRank 1 -> connection 0x7f9294001158
aig-a100:1622687:1622703 [1] NCCL INFO Allocated shareable buffer 0x7f92d1a00000 size 6291456 ipcDesc 0x7f9294011da0
aig-a100:1622687:1622703 [1] NCCL INFO proxyProgressAsync opId=0x7f9290005b70 op.type=3 op.reqBuff=0x7f9294011d70 op.respSize=88 done
aig-a100:1622687:1622706 [1] NCCL INFO ncclPollProxyResponse Received new opId=0x7f9290005b70
aig-a100:1622687:1622703 [1] NCCL INFO Received and initiated operation=Setup res=0
aig-a100:1622687:1622706 [1] NCCL INFO resp.opId=0x7f9290005b70 matches expected opId=0x7f9290005b70
aig-a100:1622687:1622703 [1] NCCL INFO New proxy recv connection 10 from local rank 1, transport 0
aig-a100:1622687:1622703 [1] NCCL INFO proxyProgressAsync opId=0x7f9290005b70 op.type=1 op.reqBuff=0x7f9294011d70 op.respSize=16 done
aig-a100:1622687:1622706 [1] NCCL INFO ncclPollProxyResponse Received new opId=0x7f9290005b70
aig-a100:1622687:1622703 [1] NCCL INFO Received and initiated operation=Init res=0
aig-a100:1622687:1622706 [1] NCCL INFO resp.opId=0x7f9290005b70 matches expected opId=0x7f9290005b70
aig-a100:1622687:1622706 [1] NCCL INFO Connected to proxy localRank 1 -> connection 0x7f92940011d0
aig-a100:1622687:1622703 [1] NCCL INFO Allocated shareable buffer 0x7f92d2000000 size 6291456 ipcDesc 0x7f92940134e0
aig-a100:1622687:1622703 [1] NCCL INFO proxyProgressAsync opId=0x7f9290005b70 op.type=3 op.reqBuff=0x7f92940134b0 op.respSize=88 done
aig-a100:1622687:1622706 [1] NCCL INFO ncclPollProxyResponse Received new opId=0x7f9290005b70
aig-a100:1622687:1622703 [1] NCCL INFO Received and initiated operation=Setup res=0
aig-a100:1622687:1622706 [1] NCCL INFO resp.opId=0x7f9290005b70 matches expected opId=0x7f9290005b70
aig-a100:1622687:1622703 [1] NCCL INFO New proxy recv connection 11 from local rank 1, transport 0
aig-a100:1622687:1622703 [1] NCCL INFO proxyProgressAsync opId=0x7f9290005b70 op.type=1 op.reqBuff=0x7f92940134b0 op.respSize=16 done
aig-a100:1622687:1622706 [1] NCCL INFO ncclPollProxyResponse Received new opId=0x7f9290005b70
aig-a100:1622687:1622703 [1] NCCL INFO Received and initiated operation=Init res=0
aig-a100:1622687:1622706 [1] NCCL INFO resp.opId=0x7f9290005b70 matches expected opId=0x7f9290005b70
aig-a100:1622687:1622706 [1] NCCL INFO Connected to proxy localRank 1 -> connection 0x7f9294001248
aig-a100:1622687:1622703 [1] NCCL INFO Allocated shareable buffer 0x7f92d2600000 size 6291456 ipcDesc 0x7f9294014c20
aig-a100:1622687:1622703 [1] NCCL INFO proxyProgressAsync opId=0x7f9290005b70 op.type=3 op.reqBuff=0x7f9294014bf0 op.respSize=88 done
aig-a100:1622687:1622706 [1] NCCL INFO ncclPollProxyResponse Received new opId=0x7f9290005b70
aig-a100:1622687:1622703 [1] NCCL INFO Received and initiated operation=Setup res=0
aig-a100:1622687:1622706 [1] NCCL INFO resp.opId=0x7f9290005b70 matches expected opId=0x7f9290005b70
aig-a100:1622687:1622703 [1] NCCL INFO New proxy recv connection 12 from local rank 1, tr00:1622686:1622707 [0] NCCL INFO Connected to proxy localRank 0 -> connection 0x7091a8001190
aig-a100:1622686:1622702 [0] NCCL INFO Allocated shareable buffer 0x7091e4000000 size 6291456 ipcDesc 0x7091a80134e0
aig-a100:1622686:1622702 [0] NCCL INFO proxyProgressAsync opId=0x7091a4005b70 op.type=3 op.reqBuff=0x7091a80134b0 op.respSize=88 done
aig-a100:1622686:1622707 [0] NCCL INFO ncclPollProxyResponse Received new opId=0x7091a4005b70
aig-a100:1622686:1622702 [0] NCCL INFO Received and initiated operation=Setup res=0
aig-a100:1622686:1622707 [0] NCCL INFO resp.opId=0x7091a4005b70 matches expected opId=0x7091a4005b70
aig-a100:1622686:1622702 [0] NCCL INFO New proxy recv connection 11 from local rank 0, transport 0
aig-a100:1622686:1622702 [0] NCCL INFO proxyProgressAsync opId=0x7091a4005b70 op.type=1 op.reqBuff=0x7091a80134b0 op.respSize=16 done
aig-a100:1622686:1622707 [0] NCCL INFO ncclPollProxyResponse Received new opId=0x7091a4005b70
aig-a100:1622686:1622702 [0] NCCL INFO Received and initiated operation=Init res=0
aig-a100:1622686:1622707 [0] NCCL INFO resp.opId=0x7091a4005b70 matches expected opId=0x7091a4005b70
aig-a100:1622686:1622707 [0] NCCL INFO Connected to proxy localRank 0 -> connection 0x7091a8001208
aig-a100:1622686:1622702 [0] NCCL INFO Allocated shareable buffer 0x7091e4600000 size 6291456 ipcDesc 0x7091a8014c20
aig-a100:1622686:1622702 [0] NCCL INFO proxyProgressAsync opId=0x7091a4005b70 op.type=3 op.reqBuff=0x7091a8014bf0 op.respSize=88 done
aig-a100:1622686:1622707 [0] NCCL INFO ncclPollProxyResponse Received new opId=0x7091a4005b70
aig-a100:1622686:1622702 [0] NCCL INFO Received and initiated operation=Setup res=0
aig-a100:1622686:1622707 [0] NCCL INFO resp.opId=0x7091a4005b70 matches expected opId=0x7091a4005b70
aig-a100:1622686:1622702 [0] NCCL INFO New proxy recv connection 12 from local rank 0, transport 0
aig-a100:1622686:1622702 [0] NCCL INFO proxyProgressAsync opId=0x7091a4005b70 op.type=1 op.reqBuff=0x7091a8014bf0 op.respSize=16 done
aig-a100:1622686:1622707 [0] NCCL INFO ncclPollProxyResponse Received new opId=0x7091a4005b70
aig-a100:1622686:1622702 [0] NCCL INFO Received and initiated operation=Init res=0
aig-a100:1622686:1622707 [0] NCCL INFO resp.opId=0x7091a4005b70 matches expected opId=0x7091a4005b70
aig-a100:1622686:1622707 [0] NCCL INFO Connected to proxy localRank 0 -> connection 0x7091a8001280
aig-a100:1622686:1622702 [0] NCCL INFO Allocated shareable buffer 0x7091e4c00000 size 6291456 ipcDesc 0x7091a8016360
aig-a100:1622686:1622702 [0] NCCL INFO proxyProgressAsync opId=0x7091a4005b70 op.type=3 op.reqBuff=0x7091a8016330 op.respSize=88 done
aig-a100:1622686:1622707 [0] NCCL INFO ncclPollProxyResponse Received new opId=0x7091a4005b70
aig-a100:1622686:1622702 [0] NCCL INFO Received and initiated operation=Setup res=0
aig-a100:1622686:1622707 [0] NCCL INFO resp.opId=0x7091a4005b70 matches expected opId=0x7091a4005b70
aig-a100:1622686:1622702 [0] NCCL INFO New proxy recv connection 13 from local rank 0, transport 0
aig-a100:1622686:1622702 [0] NCCL INFO proxyProgressAsync opId=0x7091a4005b70 op.type=1 op.reqBuff=0x7091a8016330 op.respSize=16 done
aig-a100:1622686:1622707 [0] NCCL INFO ncclPollProxyResponse Received new opId=0x7091a4005b70
aig-a100:1622686:1622702 [0] NCCL INFO Received and initiated operation=Init res=0
aig-a100:1622686:1622707 [0] NCCL INFO resp.opId=0x7091a4005b70 matches expected opId=0x7091a4005b70
aig-a100:1622686:1622707 [0] NCCL INFO Connected to proxy localRank 0 -> connection 0x7091a80012f8
aig-a100:1622686:1622702 [0] NCCL INFO Allocated shareable buffer 0x7091e5200000 size 6291456 ipcDesc 0x7091a8017aa0
aig-a100:1622686:1622702 [0] NCCL INFO proxyProgressAsync opId=0x7091a4005b70 op.type=3 op.reqBuff=0x7091a8017a70 op.respSize=88 done
aig-a100:1622686:1622707 [0] NCCL INFO ncclPollProxyResponse Received new opId=0x7091a4005b70
aig-a100:1622686:1622702 [0] NCCL INFO Received and initiated operation=Setup res=0
aig-a100:1622686:1622707 [0] NCCL INFO resp.opId=0x7091a4005b70 matches expected opId=0x7091a4005b70
aig-a100:1622686:1622702 [0] NCCL INFO New proxy recvansport 0
aig-a100:1622687:1622703 [1] NCCL INFO proxyProgressAsync opId=0x7f9290005b70 op.type=1 op.reqBuff=0x7f9294014bf0 op.respSize=16 done
aig-a100:1622687:1622706 [1] NCCL INFO ncclPollProxyResponse Received new opId=0x7f9290005b70
aig-a100:1622687:1622703 [1] NCCL INFO Received and initiated operation=Init res=0
aig-a100:1622687:1622706 [1] NCCL INFO resp.opId=0x7f9290005b70 matches expected opId=0x7f9290005b70
aig-a100:1622687:1622706 [1] NCCL INFO Connected to proxy localRank 1 -> connection 0x7f92940012c0
aig-a100:1622687:1622703 [1] NCCL INFO Allocated shareable buffer 0x7f92d2c00000 size 6291456 ipcDesc 0x7f9294016360
aig-a100:1622687:1622703 [1] NCCL INFO proxyProgressAsync opId=0x7f9290005b70 op.type=3 op.reqBuff=0x7f9294016330 op.respSize=88 done
aig-a100:1622687:1622706 [1] NCCL INFO ncclPollProxyResponse Received new opId=0x7f9290005b70
aig-a100:1622687:1622703 [1] NCCL INFO Received and initiated operation=Setup res=0
aig-a100:1622687:1622706 [1] NCCL INFO resp.opId=0x7f9290005b70 matches expected opId=0x7f9290005b70
aig-a100:1622687:1622703 [1] NCCL INFO New proxy recv connection 13 from local rank 1, transport 0
aig-a100:1622687:1622703 [1] NCCL INFO proxyProgressAsync opId=0x7f9290005b70 op.type=1 op.reqBuff=0x7f9294016330 op.respSize=16 done
aig-a100:1622687:1622706 [1] NCCL INFO ncclPollProxyResponse Received new opId=0x7f9290005b70
aig-a100:1622687:1622703 [1] NCCL INFO Received and initiated operation=Init res=0
aig-a100:1622687:1622706 [1] NCCL INFO resp.opId=0x7f9290005b70 matches expected opId=0x7f9290005b70
aig-a100:1622687:1622706 [1] NCCL INFO Connected to proxy localRank 1 -> connection 0x7f9294001338
aig-a100:1622687:1622703 [1] NCCL INFO Allocated shareable buffer 0x7f92d3200000 size 6291456 ipcDesc 0x7f9294017aa0
aig-a100:1622687:1622703 [1] NCCL INFO proxyProgressAsync opId=0x7f9290005b70 op.type=3 op.reqBuff=0x7f9294017a70 op.respSize=88 done
aig-a100:1622687:1622706 [1] NCCL INFO ncclPollProxyResponse Received new opId=0x7f9290005b70
aig-a100:1622687:1622703 [1] NCCL INFO Received and initiated operation=Setup res=0
aig-a100:1622687:1622706 [1] NCCL INFO resp.opId=0x7f9290005b70 matches expected opId=0x7f9290005b70
aig-a100:1622687:1622703 [1] NCCL INFO New proxy recv connection 14 from local rank 1, transport 0
aig-a100:1622687:1622703 [1] NCCL INFO proxyProgressAsync opId=0x7f9290005b70 op.type=1 op.reqBuff=0x7f9294017a70 op.respSize=16 done
aig-a100:1622687:1622706 [1] NCCL INFO ncclPollProxyResponse Received new opId=0x7f9290005b70
aig-a100:1622687:1622703 [1] NCCL INFO Received and initiated operation=Init res=0
aig-a100:1622687:1622706 [1] NCCL INFO resp.opId=0x7f9290005b70 matches expected opId=0x7f9290005b70
aig-a100:1622687:1622706 [1] NCCL INFO Connected to proxy localRank 1 -> connection 0x7f92940013b0
aig-a100:1622687:1622703 [1] NCCL INFO Allocated shareable buffer 0x7f92d3800000 size 6291456 ipcDesc 0x7f92940191e0
aig-a100:1622687:1622703 [1] NCCL INFO proxyProgressAsync opId=0x7f9290005b70 op.type=3 op.reqBuff=0x7f92940191b0 op.respSize=88 done
aig-a100:1622687:1622706 [1] NCCL INFO ncclPollProxyResponse Received new opId=0x7f9290005b70
aig-a100:1622687:1622703 [1] NCCL INFO Received and initiated operation=Setup res=0
aig-a100:1622687:1622706 [1] NCCL INFO resp.opId=0x7f9290005b70 matches expected opId=0x7f9290005b70
aig-a100:1622687:1622703 [1] NCCL INFO New proxy recv connection 15 from local rank 1, transport 0
aig-a100:1622687:1622703 [1] NCCL INFO proxyProgressAsync opId=0x7f9290005b70 op.type=1 op.reqBuff=0x7f92940191b0 op.respSize=16 done
aig-a100:1622687:1622706 [1] NCCL INFO ncclPollProxyResponse Received new opId=0x7f9290005b70
aig-a100:1622687:1622703 [1] NCCL INFO Received and initiated operation=Init res=0
aig-a100:1622687:1622706 [1] NCCL INFO resp.opId=0x7f9290005b70 matches expected opId=0x7f9290005b70
aig-a100:1622687:1622706 [1] NCCL INFO Connected to proxy localRank 1 -> connection 0x7f9294001428
aig-a100:1622687:1622703 [1] NCCL INFO Allocated shareable buffer 0x7f92d3e00000 size 6291456 ipcDesc 0x7f929401a920
aig-a100:1622687:1622703 [1] NCCL INFO connection 14 from local rank 0, transport 0
aig-a100:1622686:1622702 [0] NCCL INFO proxyProgressAsync opId=0x7091a4005b70 op.type=1 op.reqBuff=0x7091a8017a70 op.respSize=16 done
aig-a100:1622686:1622707 [0] NCCL INFO ncclPollProxyResponse Received new opId=0x7091a4005b70
aig-a100:1622686:1622702 [0] NCCL INFO Received and initiated operation=Init res=0
aig-a100:1622686:1622707 [0] NCCL INFO resp.opId=0x7091a4005b70 matches expected opId=0x7091a4005b70
aig-a100:1622686:1622707 [0] NCCL INFO Connected to proxy localRank 0 -> connection 0x7091a8001370
aig-a100:1622686:1622702 [0] NCCL INFO Allocated shareable buffer 0x7091e5800000 size 6291456 ipcDesc 0x7091a80191e0
aig-a100:1622686:1622702 [0] NCCL INFO proxyProgressAsync opId=0x7091a4005b70 op.type=3 op.reqBuff=0x7091a80191b0 op.respSize=88 done
aig-a100:1622686:1622707 [0] NCCL INFO ncclPollProxyResponse Received new opId=0x7091a4005b70
aig-a100:1622686:1622702 [0] NCCL INFO Received and initiated operation=Setup res=0
aig-a100:1622686:1622707 [0] NCCL INFO resp.opId=0x7091a4005b70 matches expected opId=0x7091a4005b70
aig-a100:1622686:1622702 [0] NCCL INFO New proxy recv connection 15 from local rank 0, transport 0
aig-a100:1622686:1622702 [0] NCCL INFO proxyProgressAsync opId=0x7091a4005b70 op.type=1 op.reqBuff=0x7091a80191b0 op.respSize=16 done
aig-a100:1622686:1622707 [0] NCCL INFO ncclPollProxyResponse Received new opId=0x7091a4005b70
aig-a100:1622686:1622702 [0] NCCL INFO Received and initiated operation=Init res=0
aig-a100:1622686:1622707 [0] NCCL INFO resp.opId=0x7091a4005b70 matches expected opId=0x7091a4005b70
aig-a100:1622686:1622707 [0] NCCL INFO Connected to proxy localRank 0 -> connection 0x7091a80013e8
aig-a100:1622686:1622702 [0] NCCL INFO Allocated shareable buffer 0x7091e5e00000 size 6291456 ipcDesc 0x7091a801a920
aig-a100:1622686:1622702 [0] NCCL INFO proxyProgressAsync opId=0x7091a4005b70 op.type=3 op.reqBuff=0x7091a801a8f0 op.respSize=88 done
aig-a100:1622686:1622707 [0] NCCL INFO ncclPollProxyResponse Received new opId=0x7091a4005b70
aig-a100:1622686:1622702 [0] NCCL INFO Received and initiated operation=Setup res=0
aig-a100:1622686:1622707 [0] NCCL INFO resp.opId=0x7091a4005b70 matches expected opId=0x7091a4005b70
aig-a100:1622686:1622702 [0] NCCL INFO New proxy recv connection 16 from local rank 0, transport 0
aig-a100:1622686:1622702 [0] NCCL INFO proxyProgressAsync opId=0x7091a4005b70 op.type=1 op.reqBuff=0x7091a801a8f0 op.respSize=16 done
aig-a100:1622686:1622707 [0] NCCL INFO ncclPollProxyResponse Received new opId=0x7091a4005b70
aig-a100:1622686:1622702 [0] NCCL INFO Received and initiated operation=Init res=0
aig-a100:1622686:1622707 [0] NCCL INFO resp.opId=0x7091a4005b70 matches expected opId=0x7091a4005b70
aig-a100:1622686:1622707 [0] NCCL INFO Connected to proxy localRank 0 -> connection 0x7091a8001460
aig-a100:1622686:1622702 [0] NCCL INFO Allocated shareable buffer 0x7091e6400000 size 6291456 ipcDesc 0x7091a801c060
aig-a100:1622686:1622702 [0] NCCL INFO proxyProgressAsync opId=0x7091a4005b70 op.type=3 op.reqBuff=0x7091a801c030 op.respSize=88 done
aig-a100:1622686:1622707 [0] NCCL INFO ncclPollProxyResponse Received new opId=0x7091a4005b70
aig-a100:1622686:1622702 [0] NCCL INFO Received and initiated operation=Setup res=0
aig-a100:1622686:1622707 [0] NCCL INFO resp.opId=0x7091a4005b70 matches expected opId=0x7091a4005b70
aig-a100:1622686:1622702 [0] NCCL INFO New proxy recv connection 17 from local rank 0, transport 0
aig-a100:1622686:1622702 [0] NCCL INFO proxyProgressAsync opId=0x7091a4005b70 op.type=1 op.reqBuff=0x7091a801c030 op.respSize=16 done
aig-a100:1622686:1622707 [0] NCCL INFO ncclPollProxyResponse Received new opId=0x7091a4005b70
aig-a100:1622686:1622702 [0] NCCL INFO Received and initiated operation=Init res=0
aig-a100:1622686:1622707 [0] NCCL INFO resp.opId=0x7091a4005b70 matches expected opId=0x7091a4005b70
aig-a100:1622686:1622707 [0] NCCL INFO Connected to proxy localRank 0 -> connection 0x7091a80014d8
aig-a100:1622686:1622702 [0] NCCL INFO Allocated shareable buffer 0x7091e6a00000 size 6291456 ipcDesc 0x7091a801d7a0
ai proxyProgressAsync opId=0x7f9290005b70 op.type=3 op.reqBuff=0x7f929401a8f0 op.respSize=88 done
aig-a100:1622687:1622706 [1] NCCL INFO ncclPollProxyResponse Received new opId=0x7f9290005b70
aig-a100:1622687:1622703 [1] NCCL INFO Received and initiated operation=Setup res=0
aig-a100:1622687:1622706 [1] NCCL INFO resp.opId=0x7f9290005b70 matches expected opId=0x7f9290005b70
aig-a100:1622687:1622703 [1] NCCL INFO New proxy recv connection 16 from local rank 1, transport 0
aig-a100:1622687:1622703 [1] NCCL INFO proxyProgressAsync opId=0x7f9290005b70 op.type=1 op.reqBuff=0x7f929401a8f0 op.respSize=16 done
aig-a100:1622687:1622706 [1] NCCL INFO ncclPollProxyResponse Received new opId=0x7f9290005b70
aig-a100:1622687:1622703 [1] NCCL INFO Received and initiated operation=Init res=0
aig-a100:1622687:1622706 [1] NCCL INFO resp.opId=0x7f9290005b70 matches expected opId=0x7f9290005b70
aig-a100:1622687:1622706 [1] NCCL INFO Connected to proxy localRank 1 -> connection 0x7f92940014a0
aig-a100:1622687:1622703 [1] NCCL INFO Allocated shareable buffer 0x7f92d4400000 size 6291456 ipcDesc 0x7f929401c060
aig-a100:1622687:1622703 [1] NCCL INFO proxyProgressAsync opId=0x7f9290005b70 op.type=3 op.reqBuff=0x7f929401c030 op.respSize=88 done
aig-a100:1622687:1622706 [1] NCCL INFO ncclPollProxyResponse Received new opId=0x7f9290005b70
aig-a100:1622687:1622703 [1] NCCL INFO Received and initiated operation=Setup res=0
aig-a100:1622687:1622706 [1] NCCL INFO resp.opId=0x7f9290005b70 matches expected opId=0x7f9290005b70
aig-a100:1622687:1622703 [1] NCCL INFO New proxy recv connection 17 from local rank 1, transport 0
aig-a100:1622687:1622703 [1] NCCL INFO proxyProgressAsync opId=0x7f9290005b70 op.type=1 op.reqBuff=0x7f929401c030 op.respSize=16 done
aig-a100:1622687:1622706 [1] NCCL INFO ncclPollProxyResponse Received new opId=0x7f9290005b70
aig-a100:1622687:1622703 [1] NCCL INFO Received and initiated operation=Init res=0
aig-a100:1622687:1622706 [1] NCCL INFO resp.opId=0x7f9290005b70 matches expected opId=0x7f9290005b70
aig-a100:1622687:1622706 [1] NCCL INFO Connected to proxy localRank 1 -> connection 0x7f9294001518
aig-a100:1622687:1622703 [1] NCCL INFO Allocated shareable buffer 0x7f92d4a00000 size 6291456 ipcDesc 0x7f929401d7a0
aig-a100:1622687:1622703 [1] NCCL INFO proxyProgressAsync opId=0x7f9290005b70 op.type=3 op.reqBuff=0x7f929401d770 op.respSize=88 done
aig-a100:1622687:1622706 [1] NCCL INFO ncclPollProxyResponse Received new opId=0x7f9290005b70
aig-a100:1622687:1622703 [1] NCCL INFO Received and initiated operation=Setup res=0
aig-a100:1622687:1622706 [1] NCCL INFO resp.opId=0x7f9290005b70 matches expected opId=0x7f9290005b70
aig-a100:1622687:1622703 [1] NCCL INFO New proxy recv connection 18 from local rank 1, transport 0
aig-a100:1622687:1622703 [1] NCCL INFO proxyProgressAsync opId=0x7f9290005b70 op.type=1 op.reqBuff=0x7f929401d770 op.respSize=16 done
aig-a100:1622687:1622706 [1] NCCL INFO ncclPollProxyResponse Received new opId=0x7f9290005b70
aig-a100:1622687:1622703 [1] NCCL INFO Received and initiated operation=Init res=0
aig-a100:1622687:1622706 [1] NCCL INFO resp.opId=0x7f9290005b70 matches expected opId=0x7f9290005b70
aig-a100:1622687:1622706 [1] NCCL INFO Connected to proxy localRank 1 -> connection 0x7f9294001590
aig-a100:1622687:1622703 [1] NCCL INFO Allocated shareable buffer 0x7f92d5000000 size 6291456 ipcDesc 0x7f929401eee0
aig-a100:1622687:1622703 [1] NCCL INFO proxyProgressAsync opId=0x7f9290005b70 op.type=3 op.reqBuff=0x7f929401eeb0 op.respSize=88 done
aig-a100:1622687:1622706 [1] NCCL INFO ncclPollProxyResponse Received new opId=0x7f9290005b70
aig-a100:1622687:1622703 [1] NCCL INFO Received and initiated operation=Setup res=0
aig-a100:1622687:1622706 [1] NCCL INFO resp.opId=0x7f9290005b70 matches expected opId=0x7f9290005b70
aig-a100:1622687:1622703 [1] NCCL INFO New proxy recv connection 19 from local rank 1, transport 0
aig-a100:1622687:1622703 [1] NCCL INFO proxyProgressAsync opId=0x7f9290005b70 op.type=1 op.reqBuff=0x7f929401eeb0 op.respSize=16 done
aig-a100:1622687:1622706 [1] NCCL INFO ncclPollProxyResponse Receiveg-a100:1622686:1622702 [0] NCCL INFO proxyProgressAsync opId=0x7091a4005b70 op.type=3 op.reqBuff=0x7091a801d770 op.respSize=88 done
aig-a100:1622686:1622707 [0] NCCL INFO ncclPollProxyResponse Received new opId=0x7091a4005b70
aig-a100:1622686:1622702 [0] NCCL INFO Received and initiated operation=Setup res=0
aig-a100:1622686:1622707 [0] NCCL INFO resp.opId=0x7091a4005b70 matches expected opId=0x7091a4005b70
aig-a100:1622686:1622702 [0] NCCL INFO New proxy recv connection 18 from local rank 0, transport 0
aig-a100:1622686:1622702 [0] NCCL INFO proxyProgressAsync opId=0x7091a4005b70 op.type=1 op.reqBuff=0x7091a801d770 op.respSize=16 done
aig-a100:1622686:1622707 [0] NCCL INFO ncclPollProxyResponse Received new opId=0x7091a4005b70
aig-a100:1622686:1622702 [0] NCCL INFO Received and initiated operation=Init res=0
aig-a100:1622686:1622707 [0] NCCL INFO resp.opId=0x7091a4005b70 matches expected opId=0x7091a4005b70
aig-a100:1622686:1622707 [0] NCCL INFO Connected to proxy localRank 0 -> connection 0x7091a8001550
aig-a100:1622686:1622702 [0] NCCL INFO Allocated shareable buffer 0x7091e7000000 size 6291456 ipcDesc 0x7091a801eee0
aig-a100:1622686:1622702 [0] NCCL INFO proxyProgressAsync opId=0x7091a4005b70 op.type=3 op.reqBuff=0x7091a801eeb0 op.respSize=88 done
aig-a100:1622686:1622707 [0] NCCL INFO ncclPollProxyResponse Received new opId=0x7091a4005b70
aig-a100:1622686:1622702 [0] NCCL INFO Received and initiated operation=Setup res=0
aig-a100:1622686:1622707 [0] NCCL INFO resp.opId=0x7091a4005b70 matches expected opId=0x7091a4005b70
aig-a100:1622686:1622702 [0] NCCL INFO New proxy recv connection 19 from local rank 0, transport 0
aig-a100:1622686:1622702 [0] NCCL INFO proxyProgressAsync opId=0x7091a4005b70 op.type=1 op.reqBuff=0x7091a801eeb0 op.respSize=16 done
aig-a100:1622686:1622707 [0] NCCL INFO ncclPollProxyResponse Received new opId=0x7091a4005b70
aig-a100:1622686:1622702 [0] NCCL INFO Received and initiated operation=Init res=0
aig-a100:1622686:1622707 [0] NCCL INFO resp.opId=0x7091a4005b70 matches expected opId=0x7091a4005b70
aig-a100:1622686:1622707 [0] NCCL INFO Connected to proxy localRank 0 -> connection 0x7091a80015c8
aig-a100:1622686:1622702 [0] NCCL INFO Allocated shareable buffer 0x7091e7600000 size 6291456 ipcDesc 0x7091a8020620
aig-a100:1622686:1622702 [0] NCCL INFO proxyProgressAsync opId=0x7091a4005b70 op.type=3 op.reqBuff=0x7091a80205f0 op.respSize=88 done
aig-a100:1622686:1622707 [0] NCCL INFO ncclPollProxyResponse Received new opId=0x7091a4005b70
aig-a100:1622686:1622702 [0] NCCL INFO Received and initiated operation=Setup res=0
aig-a100:1622686:1622707 [0] NCCL INFO resp.opId=0x7091a4005b70 matches expected opId=0x7091a4005b70
aig-a100:1622686:1622702 [0] NCCL INFO New proxy recv connection 20 from local rank 0, transport 0
aig-a100:1622686:1622702 [0] NCCL INFO proxyProgressAsync opId=0x7091a4005b70 op.type=1 op.reqBuff=0x7091a80205f0 op.respSize=16 done
aig-a100:1622686:1622707 [0] NCCL INFO ncclPollProxyResponse Received new opId=0x7091a4005b70
aig-a100:1622686:1622702 [0] NCCL INFO Received and initiated operation=Init res=0
aig-a100:1622686:1622707 [0] NCCL INFO resp.opId=0x7091a4005b70 matches expected opId=0x7091a4005b70
aig-a100:1622686:1622707 [0] NCCL INFO Connected to proxy localRank 0 -> connection 0x7091a8001640
aig-a100:1622686:1622702 [0] NCCL INFO Allocated shareable buffer 0x7091e7c00000 size 6291456 ipcDesc 0x7091a8021d60
aig-a100:1622686:1622702 [0] NCCL INFO proxyProgressAsync opId=0x7091a4005b70 op.type=3 op.reqBuff=0x7091a8021d30 op.respSize=88 done
aig-a100:1622686:1622707 [0] NCCL INFO ncclPollProxyResponse Received new opId=0x7091a4005b70
aig-a100:1622686:1622702 [0] NCCL INFO Received and initiated operation=Setup res=0
aig-a100:1622686:1622707 [0] NCCL INFO resp.opId=0x7091a4005b70 matches expected opId=0x7091a4005b70
aig-a100:1622686:1622702 [0] NCCL INFO New proxy recv connection 21 from local rank 0, transport 0
aig-a100:1622686:1622702 [0] NCCL INFO proxyProgressAsync opId=0x7091a4005b70 op.type=1 op.reqBuff=0x7091a8021d30 op.respSize=16 done
aig-a100:1622686:1622707 [0] NCCd new opId=0x7f9290005b70
aig-a100:1622687:1622703 [1] NCCL INFO Received and initiated operation=Init res=0
aig-a100:1622687:1622706 [1] NCCL INFO resp.opId=0x7f9290005b70 matches expected opId=0x7f9290005b70
aig-a100:1622687:1622706 [1] NCCL INFO Connected to proxy localRank 1 -> connection 0x7f9294001608
aig-a100:1622687:1622703 [1] NCCL INFO Allocated shareable buffer 0x7f92d5600000 size 6291456 ipcDesc 0x7f9294020620
aig-a100:1622687:1622703 [1] NCCL INFO proxyProgressAsync opId=0x7f9290005b70 op.type=3 op.reqBuff=0x7f92940205f0 op.respSize=88 done
aig-a100:1622687:1622706 [1] NCCL INFO ncclPollProxyResponse Received new opId=0x7f9290005b70
aig-a100:1622687:1622703 [1] NCCL INFO Received and initiated operation=Setup res=0
aig-a100:1622687:1622706 [1] NCCL INFO resp.opId=0x7f9290005b70 matches expected opId=0x7f9290005b70
aig-a100:1622687:1622703 [1] NCCL INFO New proxy recv connection 20 from local rank 1, transport 0
aig-a100:1622687:1622703 [1] NCCL INFO proxyProgressAsync opId=0x7f9290005b70 op.type=1 op.reqBuff=0x7f92940205f0 op.respSize=16 done
aig-a100:1622687:1622706 [1] NCCL INFO ncclPollProxyResponse Received new opId=0x7f9290005b70
aig-a100:1622687:1622703 [1] NCCL INFO Received and initiated operation=Init res=0
aig-a100:1622687:1622706 [1] NCCL INFO resp.opId=0x7f9290005b70 matches expected opId=0x7f9290005b70
aig-a100:1622687:1622706 [1] NCCL INFO Connected to proxy localRank 1 -> connection 0x7f9294001680
aig-a100:1622687:1622703 [1] NCCL INFO Allocated shareable buffer 0x7f92d5c00000 size 6291456 ipcDesc 0x7f9294021d60
aig-a100:1622687:1622703 [1] NCCL INFO proxyProgressAsync opId=0x7f9290005b70 op.type=3 op.reqBuff=0x7f9294021d30 op.respSize=88 done
aig-a100:1622687:1622706 [1] NCCL INFO ncclPollProxyResponse Received new opId=0x7f9290005b70
aig-a100:1622687:1622703 [1] NCCL INFO Received and initiated operation=Setup res=0
aig-a100:1622687:1622706 [1] NCCL INFO resp.opId=0x7f9290005b70 matches expected opId=0x7f9290005b70
aig-a100:1622687:1622703 [1] NCCL INFO New proxy recv connection 21 from local rank 1, transport 0
aig-a100:1622687:1622703 [1] NCCL INFO proxyProgressAsync opId=0x7f9290005b70 op.type=1 op.reqBuff=0x7f9294021d30 op.respSize=16 done
aig-a100:1622687:1622706 [1] NCCL INFO ncclPollProxyResponse Received new opId=0x7f9290005b70
aig-a100:1622687:1622703 [1] NCCL INFO Received and initiated operation=Init res=0
aig-a100:1622687:1622706 [1] NCCL INFO resp.opId=0x7f9290005b70 matches expected opId=0x7f9290005b70
aig-a100:1622687:1622706 [1] NCCL INFO Connected to proxy localRank 1 -> connection 0x7f92940016f8
aig-a100:1622687:1622703 [1] NCCL INFO Allocated shareable buffer 0x7f92d6200000 size 6291456 ipcDesc 0x7f92940234a0
aig-a100:1622687:1622703 [1] NCCL INFO proxyProgressAsync opId=0x7f9290005b70 op.type=3 op.reqBuff=0x7f9294023470 op.respSize=88 done
aig-a100:1622687:1622706 [1] NCCL INFO ncclPollProxyResponse Received new opId=0x7f9290005b70
aig-a100:1622687:1622703 [1] NCCL INFO Received and initiated operation=Setup res=0
aig-a100:1622687:1622706 [1] NCCL INFO resp.opId=0x7f9290005b70 matches expected opId=0x7f9290005b70
aig-a100:1622687:1622703 [1] NCCL INFO New proxy recv connection 22 from local rank 1, transport 0
aig-a100:1622687:1622703 [1] NCCL INFO proxyProgressAsync opId=0x7f9290005b70 op.type=1 op.reqBuff=0x7f9294023470 op.respSize=16 done
aig-a100:1622687:1622706 [1] NCCL INFO ncclPollProxyResponse Received new opId=0x7f9290005b70
aig-a100:1622687:1622703 [1] NCCL INFO Received and initiated operation=Init res=0
aig-a100:1622687:1622706 [1] NCCL INFO resp.opId=0x7f9290005b70 matches expected opId=0x7f9290005b70
aig-a100:1622687:1622706 [1] NCCL INFO Connected to proxy localRank 1 -> connection 0x7f9294001770
aig-a100:1622687:1622703 [1] NCCL INFO Allocated shareable buffer 0x7f92d6800000 size 6291456 ipcDesc 0x7f9294024be0
aig-a100:1622687:1622703 [1] NCCL INFO proxyProgressAsync opId=0x7f9290005b70 op.type=3 op.reqBuff=0x7f9294024bb0 op.respSize=88 done
aig-a100:1622687:1622706 [1] NCCL INFO ncclPollProxyResponse Received new opId=0x7f9290005b70
aig-a100:1622687:16227L INFO ncclPollProxyResponse Received new opId=0x7091a4005b70
aig-a100:1622686:1622702 [0] NCCL INFO Received and initiated operation=Init res=0
aig-a100:1622686:1622707 [0] NCCL INFO resp.opId=0x7091a4005b70 matches expected opId=0x7091a4005b70
aig-a100:1622686:1622707 [0] NCCL INFO Connected to proxy localRank 0 -> connection 0x7091a80016b8
aig-a100:1622686:1622702 [0] NCCL INFO Allocated shareable buffer 0x7091e8200000 size 6291456 ipcDesc 0x7091a80234a0
aig-a100:1622686:1622702 [0] NCCL INFO proxyProgressAsync opId=0x7091a4005b70 op.type=3 op.reqBuff=0x7091a8023470 op.respSize=88 done
aig-a100:1622686:1622707 [0] NCCL INFO ncclPollProxyResponse Received new opId=0x7091a4005b70
aig-a100:1622686:1622702 [0] NCCL INFO Received and initiated operation=Setup res=0
aig-a100:1622686:1622707 [0] NCCL INFO resp.opId=0x7091a4005b70 matches expected opId=0x7091a4005b70
aig-a100:1622686:1622702 [0] NCCL INFO New proxy recv connection 22 from local rank 0, transport 0
aig-a100:1622686:1622702 [0] NCCL INFO proxyProgressAsync opId=0x7091a4005b70 op.type=1 op.reqBuff=0x7091a8023470 op.respSize=16 done
aig-a100:1622686:1622707 [0] NCCL INFO ncclPollProxyResponse Received new opId=0x7091a4005b70
aig-a100:1622686:1622702 [0] NCCL INFO Received and initiated operation=Init res=0
aig-a100:1622686:1622707 [0] NCCL INFO resp.opId=0x7091a4005b70 matches expected opId=0x7091a4005b70
aig-a100:1622686:1622707 [0] NCCL INFO Connected to proxy localRank 0 -> connection 0x7091a8001730
aig-a100:1622686:1622702 [0] NCCL INFO Allocated shareable buffer 0x7091e8800000 size 6291456 ipcDesc 0x7091a8024be0
aig-a100:1622686:1622702 [0] NCCL INFO proxyProgressAsync opId=0x7091a4005b70 op.type=3 op.reqBuff=0x7091a8024bb0 op.respSize=88 done
aig-a100:1622686:1622707 [0] NCCL INFO ncclPollProxyResponse Received new opId=0x7091a4005b70
aig-a100:1622686:1622702 [0] NCCL INFO Received and initiated operation=Setup res=0
aig-a100:1622686:1622707 [0] NCCL INFO resp.opId=0x7091a4005b70 matches expected opId=0x7091a4005b70
aig-a100:1622686:1622702 [0] NCCL INFO New proxy recv connection 23 from local rank 0, transport 0
aig-a100:1622686:1622702 [0] NCCL INFO proxyProgressAsync opId=0x7091a4005b70 op.type=1 op.reqBuff=0x7091a8024bb0 op.respSize=16 done
aig-a100:1622686:1622707 [0] NCCL INFO ncclPollProxyResponse Received new opId=0x7091a4005b70
aig-a100:1622686:1622702 [0] NCCL INFO Received and initiated operation=Init res=0
aig-a100:1622686:1622707 [0] NCCL INFO resp.opId=0x7091a4005b70 matches expected opId=0x7091a4005b70
aig-a100:1622686:1622707 [0] NCCL INFO Connected to proxy localRank 0 -> connection 0x7091a80017a8
aig-a100:1622686:1622702 [0] NCCL INFO Allocated shareable buffer 0x402000000 size 6291456 ipcDesc 0x7091a8026320
aig-a100:1622686:1622702 [0] NCCL INFO proxyProgressAsync opId=0x7091a4005b70 op.type=3 op.reqBuff=0x7091a80262f0 op.respSize=88 done
aig-a100:1622686:1622707 [0] NCCL INFO ncclPollProxyResponse Received new opId=0x7091a4005b70
aig-a100:1622686:1622702 [0] NCCL INFO Received and initiated operation=Setup res=0
aig-a100:1622686:1622707 [0] NCCL INFO resp.opId=0x7091a4005b70 matches expected opId=0x7091a4005b70
aig-a100:1622686:1622707 [0] NCCL INFO Channel 00/0 : 0[0] -> 1[1] via P2P/CUMEM/read
aig-a100:1622686:1622702 [0] NCCL INFO New proxy send connection 24 from local rank 0, transport 0
aig-a100:1622686:1622702 [0] NCCL INFO proxyProgressAsync opId=0x7091a4005b70 op.type=1 op.reqBuff=0x7091a80262f0 op.respSize=16 done
aig-a100:1622686:1622707 [0] NCCL INFO ncclPollProxyResponse Received new opId=0x7091a4005b70
aig-a100:1622686:1622702 [0] NCCL INFO Received and initiated operation=Init res=0
aig-a100:1622686:1622707 [0] NCCL INFO resp.opId=0x7091a4005b70 matches expected opId=0x7091a4005b70
aig-a100:1622686:1622707 [0] NCCL INFO Connected to proxy localRank 0 -> connection 0x7091a8001820
aig-a100:1622686:1622702 [0] NCCL INFO Allocated shareable buffer 0x402600000 size 6291456 ipcDesc 0x7091a8027f10
aig-a100:1622686:1622702 [0] NCCL INFO proxyProgressAsync opId=0x7091a4005b70 op.type=3 op.reqBuff=0x7091a8027ee0 op.respSize=88 done
03 [1] NCCL INFO Received and initiated operation=Setup res=0
aig-a100:1622687:1622706 [1] NCCL INFO resp.opId=0x7f9290005b70 matches expected opId=0x7f9290005b70
aig-a100:1622687:1622703 [1] NCCL INFO New proxy recv connection 23 from local rank 1, transport 0
aig-a100:1622687:1622703 [1] NCCL INFO proxyProgressAsync opId=0x7f9290005b70 op.type=1 op.reqBuff=0x7f9294024bb0 op.respSize=16 done
aig-a100:1622687:1622706 [1] NCCL INFO ncclPollProxyResponse Received new opId=0x7f9290005b70
aig-a100:1622687:1622703 [1] NCCL INFO Received and initiated operation=Init res=0
aig-a100:1622687:1622706 [1] NCCL INFO resp.opId=0x7f9290005b70 matches expected opId=0x7f9290005b70
aig-a100:1622687:1622706 [1] NCCL INFO Connected to proxy localRank 1 -> connection 0x7f92940017e8
aig-a100:1622687:1622703 [1] NCCL INFO Allocated shareable buffer 0x402000000 size 6291456 ipcDesc 0x7f9294026320
aig-a100:1622687:1622703 [1] NCCL INFO proxyProgressAsync opId=0x7f9290005b70 op.type=3 op.reqBuff=0x7f92940262f0 op.respSize=88 done
aig-a100:1622687:1622706 [1] NCCL INFO ncclPollProxyResponse Received new opId=0x7f9290005b70
aig-a100:1622687:1622703 [1] NCCL INFO Received and initiated operation=Setup res=0
aig-a100:1622687:1622706 [1] NCCL INFO resp.opId=0x7f9290005b70 matches expected opId=0x7f9290005b70
