aig-a100:1622687:1622706 [1] NCCL INFO ncclPollProxyResponse Received new opId=0x7f9290005b70
aig-a100:1622687:1622703 [1] NCCL INFO Received and initiated operation=Setup res=0
aig-a100:1622687:1622706 [1] NCCL INFO resp.opId=0x7f9290005b70 matches expected opId=0x7f9290005b70
aig-a100:1622687:1622706 [1] NCCL INFO Channel 21/0 : 1[1] -> 0[0] via P2P/CUMEM/read
aig-a100:1622687:1622703 [1] NCCL INFO New proxy send connection 45 from local rank 1, transport 0
aig-a100:1622687:1622703 [1] NCCL INFO proxyProgressAsync opId=0x7f9290005b70 op.type=1 op.reqBuff=0x7f9294046120 op.respSize=16 done
aig-a100:1622687:1622706 [1] NCCL INFO ncclPollProxyResponse Received new opId=0x7f9290005b70
aig-a100:1622687:1622703 [1] NCCL INFO Received and initiated operation=Init res=0
aig-a100:1622687:1622706 [1] NCCL INFO resp.opId=0x7f9290005b70 matches expected opId=0x7f9290005b70
aig-a100:1622687:1622706 [1] NCCL INFO Connected to proxy localRank 1 -> connection 0x7f9294002238
aig-a100:1622687:1622703 [1] NCCL INFO Allocated shareable buffer 0x40ac00000 size 6291456 ipcDesc 0x7f9294047890
aig-a100:1622687:1622703 [1] NCCL INFO proxyProgressAsync opId=0x7f9290005b70 op.type=3 op.reqBuff=0x7f9294047860 op.respSize=88 done
aig-a100:1622687:1622706 [1] NCCL INFO ncclPollProxyResponse Received new opId=0x7f9290005b70
aig-a100:1622687:1622703 [1] NCCL INFO Received and initiated operation=Setup res=0
aig-a100:1622687:1622706 [1] NCCL INFO resp.opId=0x7f9290005b70 matches expected opId=0x7f9290005b70
aig-a100:1622687:1622706 [1] NCCL INFO Channel 22/0 : 1[1] -> 0[0] via P2P/CUMEM/read
aig-a100:1622687:1622703 [1] NCCL INFO New proxy send connection 46 from local rank 1, transport 0
aig-a100:1622687:1622703 [1] NCCL INFO proxyProgressAsync opId=0x7f9290005b70 op.type=1 op.reqBuff=0x7f9294047860 op.respSize=16 done
aig-a100:1622687:1622706 [1] NCCL INFO ncclPollProxyResponse Received new opId=0x7f9290005b70
aig-a100:1622687:1622703 [1] NCCL INFO Received and i02 [0] NCCL INFO Received and initiated operation=Setup res=0
aig-a100:1622686:1622707 [0] NCCL INFO resp.opId=0x7091a4005b70 matches expected opId=0x7091a4005b70
aig-a100:1622686:1622707 [0] NCCL INFO Channel 21/0 : 0[0] -> 1[1] via P2P/CUMEM/read
aig-a100:1622686:1622702 [0] NCCL INFO New proxy send connection 45 from local rank 0, transport 0
aig-a100:1622686:1622702 [0] NCCL INFO proxyProgressAsync opId=0x7091a4005b70 op.type=1 op.reqBuff=0x7091a8046120 op.respSize=16 done
aig-a100:1622686:1622707 [0] NCCL INFO ncclPollProxyResponse Received new opId=0x7091a4005b70
aig-a100:1622686:1622702 [0] NCCL INFO Received and initiated operation=Init res=0
aig-a100:1622686:1622707 [0] NCCL INFO resp.opId=0x7091a4005b70 matches expected opId=0x7091a4005b70
aig-a100:1622686:1622707 [0] NCCL INFO Connected to proxy localRank 0 -> connection 0x7091a80021f8
aig-a100:1622686:1622702 [0] NCCL INFO Allocated shareable buffer 0x40ac00000 size 6291456 ipcDesc 0x7091a8047890
aig-a100:1622686:1622702 [0] NCCL INFO proxyProgressAsync opId=0x7091a4005b70 op.type=3 op.reqBuff=0x7091a8047860 op.respSize=88 done
aig-a100:1622686:1622707 [0] NCCL INFO ncclPollProxyResponse Received new opId=0x7091a4005b70
aig-a100:1622686:1622702 [0] NCCL INFO Received and initiated operation=Setup res=0
aig-a100:1622686:1622707 [0] NCCL INFO resp.opId=0x7091a4005b70 matches expected opId=0x7091a4005b70
aig-a100:1622686:1622707 [0] NCCL INFO Channel 22/0 : 0[0] -> 1[1] via P2P/CUMEM/read
aig-a100:1622686:1622702 [0] NCCL INFO New proxy send connection 46 from local rank 0, transport 0
aig-a100:1622686:1622702 [0] NCCL INFO proxyProgressAsync opId=0x7091a4005b70 op.type=1 op.reqBuff=0x7091a8047860 op.respSize=16 done
aig-a100:1622686:1622707 [0] NCCL INFO ncclPollProxyResponse Received new opId=0x7091a4005b70
aig-a100:1622686:1622702 [0] NCCL INFO Received and initiated operation=Init res=0
aig-a100:1622686:1622707 [0] NCCL INFO resp.opId=0x7091a4005b70 matches expected opId=0x7091a4005b70
aig-a100:1622686:1622707 [0] NCCL INFO Connected to proxy localRank 0 -> connection 0x7091a8002270
aig-a100:1622686:1622702 [0] NCCL INFO Allocated shareable buffer 0x40b200000 size 6291456 ipcDesc 0x7091a8048fd0
aig-a100:1622686:1622702 [0] NCCL INFO proxyProgressAsync opId=0x7091a4005b70 op.type=3 op.reqBuff=0x7091a8048fa0 op.respSize=88 done
aig-a100:1622686:1622707 [0] NCCL INFO ncclPollProxyResponse Received new opId=0x7091a4005b70
aig-a100:1622686:1622702 [0] NCCL INFO Received and initiated operation=Setup res=0
aig-a100:1622686:1622707 [0] NCCL INFO resp.opId=0x7091a4005b70 matches expected opId=0x7091a4005b70
aig-a100:1622686:1622707 [0] NCCL INFO Channel 23/0 : 0[0] -> 1[1] via P2P/CUMEM/read
aig-a100:1622686:1622702 [0] NCCL INFO New proxy send connection 47 from local rank 0, transport 0
aig-a100:1622686:1622702 [0] NCCL INFO proxyProgressAsync opId=0x7091a4005b70 op.type=1 op.reqBuff=0x7091a8048fa0 op.respSize=16 done
aig-a100:1622686:1622707 [0] NCCL INFO ncclPollProxyResponse Received new opId=0x7091a4005b70
aig-a100:1622686:1622702 [0] NCCL INFO Received and initiated operation=Init res=0
aig-a100:1622686:1622707 [0] NCCL INFO resp.opId=0x7091a4005b70 matches expected opId=0x7091a4005b70
aig-a100:1622686:1622707 [0] NCCL INFO Connected to proxy localRank 0 -> connection 0x7091a80022e8
aig-a100:1622686:1622702 [0] NCCL INFO Allocated shareable buffer 0x40b800000 size 6291456 ipcDesc 0x7091a804a710
aig-a100:1622686:1622702 [0] NCCL INFO proxyProgressAsync opId=0x7091a4005b70 op.type=3 op.reqBuff=0x7091a804a6e0 op.respSize=88 done
aig-a100:1622686:1622707 [0] NCCL INFO ncclPollProxyResponse Received new opId=0x7091a4005b70
aig-a100:1622686:1622702 [0] NCCL INFO Received and initiated operation=Setup res=0
aig-a100:1622686:1622707 [0] NCCL INFO resp.opId=0x7091a4005b70 matches expected opId=0x7091a4005b70
aig-a100:1622686:1622702 [0] NCCL INFO New proxy send connection 48 from local rank 1, transport 0
aig-a100:1622686:1622702 [0] NCCL INFO proxyProgressAsync opId=0x7f9290005b70 op.type=1 op.reqBuff=0x7091a804a6e0 op.respSize=16 done
aig-a100:1622686:1622707 [0] NCnitiated operation=Init res=0
aig-a100:1622687:1622706 [1] NCCL INFO resp.opId=0x7f9290005b70 matches expected opId=0x7f9290005b70
aig-a100:1622687:1622706 [1] NCCL INFO Connected to proxy localRank 1 -> connection 0x7f92940022b0
aig-a100:1622687:1622703 [1] NCCL INFO Allocated shareable buffer 0x40b200000 size 6291456 ipcDesc 0x7f9294048fd0
aig-a100:1622687:1622703 [1] NCCL INFO proxyProgressAsync opId=0x7f9290005b70 op.type=3 op.reqBuff=0x7f9294048fa0 op.respSize=88 done
aig-a100:1622687:1622706 [1] NCCL INFO ncclPollProxyResponse Received new opId=0x7f9290005b70
aig-a100:1622687:1622703 [1] NCCL INFO Received and initiated operation=Setup res=0
aig-a100:1622687:1622706 [1] NCCL INFO resp.opId=0x7f9290005b70 matches expected opId=0x7f9290005b70
aig-a100:1622687:1622706 [1] NCCL INFO Channel 23/0 : 1[1] -> 0[0] via P2P/CUMEM/read
aig-a100:1622687:1622703 [1] NCCL INFO New proxy send connection 47 from local rank 1, transport 0
aig-a100:1622687:1622703 [1] NCCL INFO proxyProgressAsync opId=0x7f9290005b70 op.type=1 op.reqBuff=0x7f9294048fa0 op.respSize=16 done
aig-a100:1622687:1622706 [1] NCCL INFO ncclPollProxyResponse Received new opId=0x7f9290005b70
aig-a100:1622687:1622703 [1] NCCL INFO Received and initiated operation=Init res=0
aig-a100:1622687:1622706 [1] NCCL INFO resp.opId=0x7f9290005b70 matches expected opId=0x7f9290005b70
aig-a100:1622687:1622706 [1] NCCL INFO Connected to proxy localRank 1 -> connection 0x7f9294002328
aig-a100:1622687:1622703 [1] NCCL INFO Allocated shareable buffer 0x40b800000 size 6291456 ipcDesc 0x7f929404a710
aig-a100:1622687:1622703 [1] NCCL INFO proxyProgressAsync opId=0x7f9290005b70 op.type=3 op.reqBuff=0x7f929404a6e0 op.respSize=88 done
aig-a100:1622687:1622706 [1] NCCL INFO ncclPollProxyResponse Received new opId=0x7f9290005b70
aig-a100:1622687:1622703 [1] NCCL INFO Received and initiated operation=Setup res=0
aig-a100:1622687:1622706 [1] NCCL INFO resp.opId=0x7f9290005b70 matches expected opId=0x7f9290005b70
aig-a100:1622687:1622703 [1] NCCL INFO New proxy send connection 48 from local rank 0, transport 0
aig-a100:1622687:1622703 [1] NCCL INFO proxyProgressAsync opId=0x7091a4005b70 op.type=1 op.reqBuff=0x7f929404a6e0 op.respSize=16 done
aig-a100:1622687:1622703 [1] NCCL INFO Received and initiated operation=Init res=0
aig-a100:1622687:1622706 [1] NCCL INFO ncclPollProxyResponse Received new opId=0x7f9290005b70
aig-a100:1622687:1622706 [1] NCCL INFO resp.opId=0x7f9290005b70 matches expected opId=0x7f9290005b70
aig-a100:1622687:1622706 [1] NCCL INFO Connected to proxy localRank 0 -> connection 0x7091a8002360
aig-a100:1622687:1622706 [1] NCCL INFO ProxyCall UDS comm 0x5c5669ad4d60 rank 1 tpRank 0(8734e16d93ce2fa6) reqSize 8 respSize 0 respFd 0x7f929b78d5b8 opId 0x4eea4700fdf31eda
aig-a100:1622687:1622705 [1] NCCL INFO proxyUDSRecvReq::ncclProxyMsgGetFd rank 0 opId 0xedfb01b497e9a724 handle=0x7f92940049b0
aig-a100:1622687:1622705 [1] NCCL INFO UDS proxyGetFd received handle 0x7f92940049b0 peer 0 opId edfb01b497e9a724
aig-a100:1622687:1622706 [1] NCCL INFO ProxyCall UDS comm 0x5c5669ad4d60 rank 1 tpRank 0(8734e16d93ce2fa6) reqSize 8 respSize 0 respFd 64 opId 0x4eea4700fdf31eda - DONE
aig-a100:1622687:1622706 [1] NCCL INFO UDS: ClientGetFd handle 0x7091a8004970 tpRank 0 returned fd 64 sameProcess 0
aig-a100:1622687:1622706 [1] NCCL INFO UDS converted handle 0x7091a8004970 to fd 64 on remote peer 0
aig-a100:1622687:1622706 [1] NCCL INFO Imported shareable buffer device 1 size 6291456 ptr 0x40c000000
aig-a100:1622687:1622706 [1] NCCL INFO ProxyCall UDS comm 0x5c5669ad4d60 rank 1 tpRank 0(8734e16d93ce2fa6) reqSize 8 respSize 0 respFd 0x7f929b78d5a8 opId 0x646fca17ce093afa
aig-a100:1622687:1622706 [1] NCCL INFO ProxyCall UDS comm 0x5c5669ad4d60 rank 1 tpRank 0(8734e16d93ce2fa6) reqSize 8 respSize 0 respFd 64 opId 0x646fca17ce093afa - DONE
aig-a100:1622687:1622706 [1] NCCL INFO UDS: ClientGetFd handle 0x7091a8027f60 tpRank 0 returned fd 64 sameProcess 0
aig-a100:1622687:1622706 [1] NCCL INFO UDS converted handle 0x7091a8027f60 to fd 64 on remote peer 0
aig-a100:1622687:1622705 [1] NCCL INFO proCL INFO ncclPollProxyResponse Received new opId=0x7091a4005b70
aig-a100:1622686:1622707 [0] NCCL INFO resp.opId=0x7091a4005b70 matches expected opId=0x7091a4005b70
aig-a100:1622686:1622707 [0] NCCL INFO Connected to proxy localRank 1 -> connection 0x7f92940023a0
aig-a100:1622686:1622702 [0] NCCL INFO Received and initiated operation=Init res=0
aig-a100:1622686:1622707 [0] NCCL INFO ProxyCall UDS comm 0x5cb1e5acbda0 rank 0 tpRank 1(ed7e57d67ac53c0f) reqSize 8 respSize 0 respFd 0x7091ae3c35b8 opId 0xedfb01b497e9a724
aig-a100:1622686:1622704 [0] NCCL INFO proxyUDSRecvReq::ncclProxyMsgGetFd rank 1 opId 0x4eea4700fdf31eda handle=0x7091a8004970
aig-a100:1622686:1622704 [0] NCCL INFO UDS proxyGetFd received handle 0x7091a8004970 peer 1 opId 4eea4700fdf31eda
aig-a100:1622686:1622707 [0] NCCL INFO ProxyCall UDS comm 0x5cb1e5acbda0 rank 0 tpRank 1(ed7e57d67ac53c0f) reqSize 8 respSize 0 respFd 64 opId 0xedfb01b497e9a724 - DONE
aig-a100:1622686:1622707 [0] NCCL INFO UDS: ClientGetFd handle 0x7f92940049b0 tpRank 1 returned fd 64 sameProcess 0
aig-a100:1622686:1622707 [0] NCCL INFO UDS converted handle 0x7f92940049b0 to fd 64 on remote peer 1
aig-a100:1622686:1622704 [0] NCCL INFO proxyUDSRecvReq::ncclProxyMsgGetFd rank 1 opId 0x646fca17ce093afa handle=0x7091a8027f60
aig-a100:1622686:1622704 [0] NCCL INFO UDS proxyGetFd received handle 0x7091a8027f60 peer 1 opId 646fca17ce093afa
aig-a100:1622686:1622707 [0] NCCL INFO Imported shareable buffer device 0 size 6291456 ptr 0x40c000000
aig-a100:1622686:1622707 [0] NCCL INFO ProxyCall UDS comm 0x5cb1e5acbda0 rank 0 tpRank 1(ed7e57d67ac53c0f) reqSize 8 respSize 0 respFd 0x7091ae3c35a8 opId 0xfe3fe6a98e4a115c
aig-a100:1622686:1622704 [0] NCCL INFO proxyUDSRecvReq::ncclProxyMsgGetFd rank 1 opId 0x98a30171f3d3815c handle=0x7091a8006350
aig-a100:1622686:1622704 [0] NCCL INFO UDS proxyGetFd received handle 0x7091a8006350 peer 1 opId 98a30171f3d3815c
aig-a100:1622686:1622707 [0] NCCL INFO ProxyCall UDS comm 0x5cb1e5acbda0 rank 0 tpRank 1(ed7e57d67ac53c0f) reqSize 8 respSize 0 respFd 67 opId 0xfe3fe6a98e4a115c - DONE
aig-a100:1622686:1622707 [0] NCCL INFO UDS: ClientGetFd handle 0x7f9294027f60 tpRank 1 returned fd 67 sameProcess 0
aig-a100:1622686:1622707 [0] NCCL INFO UDS converted handle 0x7f9294027f60 to fd 67 on remote peer 1
aig-a100:1622686:1622707 [0] NCCL INFO Imported shareable buffer device 0 size 6291456 ptr 0x40c600000
aig-a100:1622686:1622704 [0] NCCL INFO proxyUDSRecvReq::ncclProxyMsgGetFd rank 1 opId 0x6c03716ccdb36cef handle=0x7091a80296a0
aig-a100:1622686:1622704 [0] NCCL INFO UDS proxyGetFd received handle 0x7091a80296a0 peer 1 opId 6c03716ccdb36cef
aig-a100:1622686:1622707 [0] NCCL INFO ProxyCall UDS comm 0x5cb1e5acbda0 rank 0 tpRank 1(ed7e57d67ac53c0f) reqSize 8 respSize 0 respFd 0x7091ae3c35b8 opId 0x457fd60a4185a6ee
aig-a100:1622686:1622707 [0] NCCL INFO ProxyCall UDS comm 0x5cb1e5acbda0 rank 0 tpRank 1(ed7e57d67ac53c0f) reqSize 8 respSize 0 respFd 67 opId 0x457fd60a4185a6ee - DONE
aig-a100:1622686:1622707 [0] NCCL INFO UDS: ClientGetFd handle 0x7f9294006390 tpRank 1 returned fd 67 sameProcess 0
aig-a100:1622686:1622707 [0] NCCL INFO UDS converted handle 0x7f9294006390 to fd 67 on remote peer 1
aig-a100:1622686:1622704 [0] NCCL INFO proxyUDSRecvReq::ncclProxyMsgGetFd rank 1 opId 0xbd0cd37436e486f1 handle=0x7091a8007ad0
aig-a100:1622686:1622704 [0] NCCL INFO UDS proxyGetFd received handle 0x7091a8007ad0 peer 1 opId bd0cd37436e486f1
aig-a100:1622686:1622707 [0] NCCL INFO Imported shareable buffer device 0 size 6291456 ptr 0x40cc00000
aig-a100:1622686:1622707 [0] NCCL INFO ProxyCall UDS comm 0x5cb1e5acbda0 rank 0 tpRank 1(ed7e57d67ac53c0f) reqSize 8 respSize 0 respFd 0x7091ae3c35a8 opId 0xe5f991008032a5a2
aig-a100:1622686:1622704 [0] NCCL INFO proxyUDSRecvReq::ncclProxyMsgGetFd rank 1 opId 0x412f4320a2f3aa65 handle=0x7091a802ade0
aig-a100:1622686:1622704 [0] NCCL INFO UDS proxyGetFd received handle 0x7091a802ade0 peer 1 opId 412f4320a2f3aa65
aig-a100:1622686:1622707 [0] NCCL INFO ProxyCall UDS comm 0x5cb1e5acbda0 rank 0 tpRank 1(ed7e57d67ac53c0f) reqSize 8 respSize 0 respFd 69 opIxyUDSRecvReq::ncclProxyMsgGetFd rank 0 opId 0xfe3fe6a98e4a115c handle=0x7f9294027f60
aig-a100:1622687:1622705 [1] NCCL INFO UDS proxyGetFd received handle 0x7f9294027f60 peer 0 opId fe3fe6a98e4a115c
aig-a100:1622687:1622706 [1] NCCL INFO Imported shareable buffer device 1 size 6291456 ptr 0x40c600000
aig-a100:1622687:1622706 [1] NCCL INFO ProxyCall UDS comm 0x5c5669ad4d60 rank 1 tpRank 0(8734e16d93ce2fa6) reqSize 8 respSize 0 respFd 0x7f929b78d5b8 opId 0x98a30171f3d3815c
aig-a100:1622687:1622706 [1] NCCL INFO ProxyCall UDS comm 0x5c5669ad4d60 rank 1 tpRank 0(8734e16d93ce2fa6) reqSize 8 respSize 0 respFd 65 opId 0x98a30171f3d3815c - DONE
aig-a100:1622687:1622706 [1] NCCL INFO UDS: ClientGetFd handle 0x7091a8006350 tpRank 0 returned fd 65 sameProcess 0
aig-a100:1622687:1622706 [1] NCCL INFO UDS converted handle 0x7091a8006350 to fd 65 on remote peer 0
aig-a100:1622687:1622706 [1] NCCL INFO Imported shareable buffer device 1 size 6291456 ptr 0x40cc00000
aig-a100:1622687:1622706 [1] NCCL INFO ProxyCall UDS comm 0x5c5669ad4d60 rank 1 tpRank 0(8734e16d93ce2fa6) reqSize 8 respSize 0 respFd 0x7f929b78d5a8 opId 0x6c03716ccdb36cef
aig-a100:1622687:1622705 [1] NCCL INFO proxyUDSRecvReq::ncclProxyMsgGetFd rank 0 opId 0x457fd60a4185a6ee handle=0x7f9294006390
aig-a100:1622687:1622705 [1] NCCL INFO UDS proxyGetFd received handle 0x7f9294006390 peer 0 opId 457fd60a4185a6ee
aig-a100:1622687:1622706 [1] NCCL INFO ProxyCall UDS comm 0x5c5669ad4d60 rank 1 tpRank 0(8734e16d93ce2fa6) reqSize 8 respSize 0 respFd 66 opId 0x6c03716ccdb36cef - DONE
aig-a100:1622687:1622706 [1] NCCL INFO UDS: ClientGetFd handle 0x7091a80296a0 tpRank 0 returned fd 66 sameProcess 0
aig-a100:1622687:1622706 [1] NCCL INFO UDS converted handle 0x7091a80296a0 to fd 66 on remote peer 0
aig-a100:1622687:1622706 [1] NCCL INFO Imported shareable buffer device 1 size 6291456 ptr 0x40d200000
aig-a100:1622687:1622706 [1] NCCL INFO ProxyCall UDS comm 0x5c5669ad4d60 rank 1 tpRank 0(8734e16d93ce2fa6) reqSize 8 respSize 0 respFd 0x7f929b78d5b8 opId 0xbd0cd37436e486f1
aig-a100:1622687:1622706 [1] NCCL INFO ProxyCall UDS comm 0x5c5669ad4d60 rank 1 tpRank 0(8734e16d93ce2fa6) reqSize 8 respSize 0 respFd 66 opId 0xbd0cd37436e486f1 - DONE
aig-a100:1622687:1622706 [1] NCCL INFO UDS: ClientGetFd handle 0x7091a8007ad0 tpRank 0 returned fd 66 sameProcess 0
aig-a100:1622687:1622706 [1] NCCL INFO UDS converted handle 0x7091a8007ad0 to fd 66 on remote peer 0
aig-a100:1622687:1622705 [1] NCCL INFO proxyUDSRecvReq::ncclProxyMsgGetFd rank 0 opId 0xe5f991008032a5a2 handle=0x7f92940296a0
aig-a100:1622687:1622705 [1] NCCL INFO UDS proxyGetFd received handle 0x7f92940296a0 peer 0 opId e5f991008032a5a2
aig-a100:1622687:1622706 [1] NCCL INFO Imported shareable buffer device 1 size 6291456 ptr 0x40d800000
aig-a100:1622687:1622706 [1] NCCL INFO ProxyCall UDS comm 0x5c5669ad4d60 rank 1 tpRank 0(8734e16d93ce2fa6) reqSize 8 respSize 0 respFd 0x7f929b78d5a8 opId 0x412f4320a2f3aa65
aig-a100:1622687:1622706 [1] NCCL INFO ProxyCall UDS comm 0x5c5669ad4d60 rank 1 tpRank 0(8734e16d93ce2fa6) reqSize 8 respSize 0 respFd 67 opId 0x412f4320a2f3aa65 - DONE
aig-a100:1622687:1622706 [1] NCCL INFO UDS: ClientGetFd handle 0x7091a802ade0 tpRank 0 returned fd 67 sameProcess 0
aig-a100:1622687:1622706 [1] NCCL INFO UDS converted handle 0x7091a802ade0 to fd 67 on remote peer 0
aig-a100:1622687:1622706 [1] NCCL INFO Imported shareable buffer device 1 size 6291456 ptr 0x40e000000
aig-a100:1622687:1622705 [1] NCCL INFO proxyUDSRecvReq::ncclProxyMsgGetFd rank 0 opId 0x1aaa3395ada38953 handle=0x7f9294007b10
aig-a100:1622687:1622705 [1] NCCL INFO UDS proxyGetFd received handle 0x7f9294007b10 peer 0 opId 1aaa3395ada38953
aig-a100:1622687:1622706 [1] NCCL INFO ProxyCall UDS comm 0x5c5669ad4d60 rank 1 tpRank 0(8734e16d93ce2fa6) reqSize 8 respSize 0 respFd 0x7f929b78d5b8 opId 0xd28f887b17b8a6f0
aig-a100:1622687:1622706 [1] NCCL INFO ProxyCall UDS comm 0x5c5669ad4d60 rank 1 tpRank 0(8734e16d93ce2fa6) reqSize 8 respSize 0 respFd 68 opId 0xd28f887b17b8a6f0 - DONE
aig-a100:1622687:1622706 [1] NCCL INFO UDS: ClientGetFd handle 0x7091a800927d 0xe5f991008032a5a2 - DONE
aig-a100:1622686:1622707 [0] NCCL INFO UDS: ClientGetFd handle 0x7f92940296a0 tpRank 1 returned fd 69 sameProcess 0
aig-a100:1622686:1622707 [0] NCCL INFO UDS converted handle 0x7f92940296a0 to fd 69 on remote peer 1
aig-a100:1622686:1622707 [0] NCCL INFO Imported shareable buffer device 0 size 6291456 ptr 0x40d200000
aig-a100:1622686:1622707 [0] NCCL INFO ProxyCall UDS comm 0x5cb1e5acbda0 rank 0 tpRank 1(ed7e57d67ac53c0f) reqSize 8 respSize 0 respFd 0x7091ae3c35b8 opId 0x1aaa3395ada38953
aig-a100:1622686:1622704 [0] NCCL INFO proxyUDSRecvReq::ncclProxyMsgGetFd rank 1 opId 0xd28f887b17b8a6f0 handle=0x7091a8009270
aig-a100:1622686:1622704 [0] NCCL INFO UDS proxyGetFd received handle 0x7091a8009270 peer 1 opId d28f887b17b8a6f0
aig-a100:1622686:1622707 [0] NCCL INFO ProxyCall UDS comm 0x5cb1e5acbda0 rank 0 tpRank 1(ed7e57d67ac53c0f) reqSize 8 respSize 0 respFd 71 opId 0x1aaa3395ada38953 - DONE
aig-a100:1622686:1622707 [0] NCCL INFO UDS: ClientGetFd handle 0x7f9294007b10 tpRank 1 returned fd 71 sameProcess 0
aig-a100:1622686:1622707 [0] NCCL INFO UDS converted handle 0x7f9294007b10 to fd 71 on remote peer 1
aig-a100:1622686:1622707 [0] NCCL INFO Imported shareable buffer device 0 size 6291456 ptr 0x40d800000
aig-a100:1622686:1622707 [0] NCCL INFO ProxyCall UDS comm 0x5cb1e5acbda0 rank 0 tpRank 1(ed7e57d67ac53c0f) reqSize 8 respSize 0 respFd 0x7091ae3c35a8 opId 0x9543ecbb05ed779
aig-a100:1622686:1622704 [0] NCCL INFO proxyUDSRecvReq::ncclProxyMsgGetFd rank 1 opId 0xcb56a0d63d25056 handle=0x7091a802c520
aig-a100:1622686:1622704 [0] NCCL INFO UDS proxyGetFd received handle 0x7091a802c520 peer 1 opId cb56a0d63d25056
aig-a100:1622686:1622707 [0] NCCL INFO ProxyCall UDS comm 0x5cb1e5acbda0 rank 0 tpRank 1(ed7e57d67ac53c0f) reqSize 8 respSize 0 respFd 72 opId 0x9543ecbb05ed779 - DONE
aig-a100:1622686:1622707 [0] NCCL INFO UDS: ClientGetFd handle 0x7f929402ade0 tpRank 1 returned fd 72 sameProcess 0
aig-a100:1622686:1622707 [0] NCCL INFO UDS converted handle 0x7f929402ade0 to fd 72 on remote peer 1
aig-a100:1622686:1622707 [0] NCCL INFO Imported shareable buffer device 0 size 6291456 ptr 0x40e000000
aig-a100:1622686:1622707 [0] NCCL INFO ProxyCall UDS comm 0x5cb1e5acbda0 rank 0 tpRank 1(ed7e57d67ac53c0f) reqSize 8 respSize 0 respFd 0x7091ae3c35b8 opId 0xe90120ab9244a330
aig-a100:1622686:1622704 [0] NCCL INFO proxyUDSRecvReq::ncclProxyMsgGetFd rank 1 opId 0x615208bb64bf149f handle=0x7091a800a9b0
aig-a100:1622686:1622704 [0] NCCL INFO UDS proxyGetFd received handle 0x7091a800a9b0 peer 1 opId 615208bb64bf149f
aig-a100:1622686:1622707 [0] NCCL INFO ProxyCall UDS comm 0x5cb1e5acbda0 rank 0 tpRank 1(ed7e57d67ac53c0f) reqSize 8 respSize 0 respFd 73 opId 0xe90120ab9244a330 - DONE
aig-a100:1622686:1622707 [0] NCCL INFO UDS: ClientGetFd handle 0x7f9294009270 tpRank 1 returned fd 73 sameProcess 0
aig-a100:1622686:1622707 [0] NCCL INFO UDS converted handle 0x7f9294009270 to fd 73 on remote peer 1
aig-a100:1622686:1622707 [0] NCCL INFO Imported shareable buffer device 0 size 6291456 ptr 0x40e600000
aig-a100:1622686:1622707 [0] NCCL INFO ProxyCall UDS comm 0x5cb1e5acbda0 rank 0 tpRank 1(ed7e57d67ac53c0f) reqSize 8 respSize 0 respFd 0x7091ae3c35a8 opId 0x2228367b8624dd2f
aig-a100:1622686:1622704 [0] NCCL INFO proxyUDSRecvReq::ncclProxyMsgGetFd rank 1 opId 0xc5d10fe4d121fa4a handle=0x7091a802dc60
aig-a100:1622686:1622704 [0] NCCL INFO UDS proxyGetFd received handle 0x7091a802dc60 peer 1 opId c5d10fe4d121fa4a
aig-a100:1622686:1622707 [0] NCCL INFO ProxyCall UDS comm 0x5cb1e5acbda0 rank 0 tpRank 1(ed7e57d67ac53c0f) reqSize 8 respSize 0 respFd 73 opId 0x2228367b8624dd2f - DONE
aig-a100:1622686:1622707 [0] NCCL INFO UDS: ClientGetFd handle 0x7f929402c520 tpRank 1 returned fd 73 sameProcess 0
aig-a100:1622686:1622707 [0] NCCL INFO UDS converted handle 0x7f929402c520 to fd 73 on remote peer 1
aig-a100:1622686:1622704 [0] NCCL INFO proxyUDSRecvReq::ncclProxyMsgGetFd rank 1 opId 0xe73f5a86e4155a60 handle=0x7091a800c0f0
aig-a100:1622686:1622704 [0] NCCL INFO UDS proxyGetFd received handle 0x7091a800c0f0 peer 1 opId e73f5a86e4155a60 tpRank 0 returned fd 68 sameProcess 0
aig-a100:1622687:1622706 [1] NCCL INFO UDS converted handle 0x7091a8009270 to fd 68 on remote peer 0
aig-a100:1622687:1622706 [1] NCCL INFO Imported shareable buffer device 1 size 6291456 ptr 0x40e600000
aig-a100:1622687:1622705 [1] NCCL INFO proxyUDSRecvReq::ncclProxyMsgGetFd rank 0 opId 0x9543ecbb05ed779 handle=0x7f929402ade0
aig-a100:1622687:1622705 [1] NCCL INFO UDS proxyGetFd received handle 0x7f929402ade0 peer 0 opId 9543ecbb05ed779
aig-a100:1622687:1622706 [1] NCCL INFO ProxyCall UDS comm 0x5c5669ad4d60 rank 1 tpRank 0(8734e16d93ce2fa6) reqSize 8 respSize 0 respFd 0x7f929b78d5a8 opId 0xcb56a0d63d25056
aig-a100:1622687:1622706 [1] NCCL INFO ProxyCall UDS comm 0x5c5669ad4d60 rank 1 tpRank 0(8734e16d93ce2fa6) reqSize 8 respSize 0 respFd 69 opId 0xcb56a0d63d25056 - DONE
aig-a100:1622687:1622706 [1] NCCL INFO UDS: ClientGetFd handle 0x7091a802c520 tpRank 0 returned fd 69 sameProcess 0
aig-a100:1622687:1622706 [1] NCCL INFO UDS converted handle 0x7091a802c520 to fd 69 on remote peer 0
aig-a100:1622687:1622706 [1] NCCL INFO Imported shareable buffer device 1 size 6291456 ptr 0x40ec00000
aig-a100:1622687:1622706 [1] NCCL INFO ProxyCall UDS comm 0x5c5669ad4d60 rank 1 tpRank 0(8734e16d93ce2fa6) reqSize 8 respSize 0 respFd 0x7f929b78d5b8 opId 0x615208bb64bf149f
aig-a100:1622687:1622705 [1] NCCL INFO proxyUDSRecvReq::ncclProxyMsgGetFd rank 0 opId 0xe90120ab9244a330 handle=0x7f9294009270
aig-a100:1622687:1622705 [1] NCCL INFO UDS proxyGetFd received handle 0x7f9294009270 peer 0 opId e90120ab9244a330
aig-a100:1622687:1622706 [1] NCCL INFO ProxyCall UDS comm 0x5c5669ad4d60 rank 1 tpRank 0(8734e16d93ce2fa6) reqSize 8 respSize 0 respFd 70 opId 0x615208bb64bf149f - DONE
aig-a100:1622687:1622706 [1] NCCL INFO UDS: ClientGetFd handle 0x7091a800a9b0 tpRank 0 returned fd 70 sameProcess 0
aig-a100:1622687:1622706 [1] NCCL INFO UDS converted handle 0x7091a800a9b0 to fd 70 on remote peer 0
aig-a100:1622687:1622706 [1] NCCL INFO Imported shareable buffer device 1 size 6291456 ptr 0x40f200000
aig-a100:1622687:1622706 [1] NCCL INFO ProxyCall UDS comm 0x5c5669ad4d60 rank 1 tpRank 0(8734e16d93ce2fa6) reqSize 8 respSize 0 respFd 0x7f929b78d5a8 opId 0xc5d10fe4d121fa4a
aig-a100:1622687:1622705 [1] NCCL INFO proxyUDSRecvReq::ncclProxyMsgGetFd rank 0 opId 0x2228367b8624dd2f handle=0x7f929402c520
aig-a100:1622687:1622705 [1] NCCL INFO UDS proxyGetFd received handle 0x7f929402c520 peer 0 opId 2228367b8624dd2f
aig-a100:1622687:1622706 [1] NCCL INFO ProxyCall UDS comm 0x5c5669ad4d60 rank 1 tpRank 0(8734e16d93ce2fa6) reqSize 8 respSize 0 respFd 71 opId 0xc5d10fe4d121fa4a - DONE
aig-a100:1622687:1622706 [1] NCCL INFO UDS: ClientGetFd handle 0x7091a802dc60 tpRank 0 returned fd 71 sameProcess 0
aig-a100:1622687:1622706 [1] NCCL INFO UDS converted handle 0x7091a802dc60 to fd 71 on remote peer 0
aig-a100:1622687:1622706 [1] NCCL INFO Imported shareable buffer device 1 size 6291456 ptr 0x40f800000
aig-a100:1622687:1622706 [1] NCCL INFO ProxyCall UDS comm 0x5c5669ad4d60 rank 1 tpRank 0(8734e16d93ce2fa6) reqSize 8 respSize 0 respFd 0x7f929b78d5b8 opId 0xe73f5a86e4155a60
aig-a100:1622687:1622705 [1] NCCL INFO proxyUDSRecvReq::ncclProxyMsgGetFd rank 0 opId 0xabd295679d300975 handle=0x7f929400a9b0
aig-a100:1622687:1622705 [1] NCCL INFO UDS proxyGetFd received handle 0x7f929400a9b0 peer 0 opId abd295679d300975
aig-a100:1622687:1622706 [1] NCCL INFO ProxyCall UDS comm 0x5c5669ad4d60 rank 1 tpRank 0(8734e16d93ce2fa6) reqSize 8 respSize 0 respFd 72 opId 0xe73f5a86e4155a60 - DONE
aig-a100:1622687:1622706 [1] NCCL INFO UDS: ClientGetFd handle 0x7091a800c0f0 tpRank 0 returned fd 72 sameProcess 0
aig-a100:1622687:1622706 [1] NCCL INFO UDS converted handle 0x7091a800c0f0 to fd 72 on remote peer 0
aig-a100:1622687:1622706 [1] NCCL INFO Imported shareable buffer device 1 size 6291456 ptr 0x410000000
aig-a100:1622687:1622706 [1] NCCL INFO ProxyCall UDS comm 0x5c5669ad4d60 rank 1 tpRank 0(8734e16d93ce2fa6) reqSize 8 respSize 0 respFd 0x7f929b78d5a8 opId 0x21134da473c79c08
aig-a100:1622687:1622706 [1] NCCL INFO ProxyCall UDS comm 0x5c56690
aig-a100:1622686:1622707 [0] NCCL INFO Imported shareable buffer device 0 size 6291456 ptr 0x40ec00000
aig-a100:1622686:1622707 [0] NCCL INFO ProxyCall UDS comm 0x5cb1e5acbda0 rank 0 tpRank 1(ed7e57d67ac53c0f) reqSize 8 respSize 0 respFd 0x7091ae3c35b8 opId 0xabd295679d300975
aig-a100:1622686:1622707 [0] NCCL INFO ProxyCall UDS comm 0x5cb1e5acbda0 rank 0 tpRank 1(ed7e57d67ac53c0f) reqSize 8 respSize 0 respFd 74 opId 0xabd295679d300975 - DONE
aig-a100:1622686:1622707 [0] NCCL INFO UDS: ClientGetFd handle 0x7f929400a9b0 tpRank 1 returned fd 74 sameProcess 0
aig-a100:1622686:1622707 [0] NCCL INFO UDS converted handle 0x7f929400a9b0 to fd 74 on remote peer 1
aig-a100:1622686:1622704 [0] NCCL INFO proxyUDSRecvReq::ncclProxyMsgGetFd rank 1 opId 0x21134da473c79c08 handle=0x7091a802f7f0
aig-a100:1622686:1622704 [0] NCCL INFO UDS proxyGetFd received handle 0x7091a802f7f0 peer 1 opId 21134da473c79c08
aig-a100:1622686:1622707 [0] NCCL INFO Imported shareable buffer device 0 size 6291456 ptr 0x40f200000
aig-a100:1622686:1622707 [0] NCCL INFO ProxyCall UDS comm 0x5cb1e5acbda0 rank 0 tpRank 1(ed7e57d67ac53c0f) reqSize 8 respSize 0 respFd 0x7091ae3c35a8 opId 0x3cf6f8fc57b70e41
aig-a100:1622686:1622707 [0] NCCL INFO ProxyCall UDS comm 0x5cb1e5acbda0 rank 0 tpRank 1(ed7e57d67ac53c0f) reqSize 8 respSize 0 respFd 74 opId 0x3cf6f8fc57b70e41 - DONE
aig-a100:1622686:1622707 [0] NCCL INFO UDS: ClientGetFd handle 0x7f929402dc60 tpRank 1 returned fd 74 sameProcess 0
aig-a100:1622686:1622707 [0] NCCL INFO UDS converted handle 0x7f929402dc60 to fd 74 on remote peer 1
aig-a100:1622686:1622704 [0] NCCL INFO proxyUDSRecvReq::ncclProxyMsgGetFd rank 1 opId 0x6a83d8457cb15683 handle=0x7091a800d830
aig-a100:1622686:1622704 [0] NCCL INFO UDS proxyGetFd received handle 0x7091a800d830 peer 1 opId 6a83d8457cb15683
aig-a100:1622686:1622707 [0] NCCL INFO Imported shareable buffer device 0 size 6291456 ptr 0x40f800000
aig-a100:1622686:1622707 [0] NCCL INFO ProxyCall UDS comm 0x5cb1e5acbda0 rank 0 tpRank 1(ed7e57d67ac53c0f) reqSize 8 respSize 0 respFd 0x7091ae3c35b8 opId 0x1c3bdd0076fe04ea
aig-a100:1622686:1622707 [0] NCCL INFO ProxyCall UDS comm 0x5cb1e5acbda0 rank 0 tpRank 1(ed7e57d67ac53c0f) reqSize 8 respSize 0 respFd 76 opId 0x1c3bdd0076fe04ea - DONE
aig-a100:1622686:1622707 [0] NCCL INFO UDS: ClientGetFd handle 0x7f929400c0f0 tpRank 1 returned fd 76 sameProcess 0
aig-a100:1622686:1622707 [0] NCCL INFO UDS converted handle 0x7f929400c0f0 to fd 76 on remote peer 1
aig-a100:1622686:1622704 [0] NCCL INFO proxyUDSRecvReq::ncclProxyMsgGetFd rank 1 opId 0x7f5454574f31ea7e handle=0x7091a8030f30
aig-a100:1622686:1622704 [0] NCCL INFO UDS proxyGetFd received handle 0x7091a8030f30 peer 1 opId 7f5454574f31ea7e
aig-a100:1622686:1622707 [0] NCCL INFO Imported shareable buffer device 0 size 6291456 ptr 0x410000000
aig-a100:1622686:1622707 [0] NCCL INFO ProxyCall UDS comm 0x5cb1e5acbda0 rank 0 tpRank 1(ed7e57d67ac53c0f) reqSize 8 respSize 0 respFd 0x7091ae3c35a8 opId 0xf1b494a6fe093859
aig-a100:1622686:1622707 [0] NCCL INFO ProxyCall UDS comm 0x5cb1e5acbda0 rank 0 tpRank 1(ed7e57d67ac53c0f) reqSize 8 respSize 0 respFd 77 opId 0xf1b494a6fe093859 - DONE
aig-a100:1622686:1622707 [0] NCCL INFO UDS: ClientGetFd handle 0x7f929402f7f0 tpRank 1 returned fd 77 sameProcess 0
aig-a100:1622686:1622707 [0] NCCL INFO UDS converted handle 0x7f929402f7f0 to fd 77 on remote peer 1
aig-a100:1622686:1622704 [0] NCCL INFO proxyUDSRecvReq::ncclProxyMsgGetFd rank 1 opId 0xb4eaa2ca4ada8178 handle=0x7091a800ef70
aig-a100:1622686:1622704 [0] NCCL INFO UDS proxyGetFd received handle 0x7091a800ef70 peer 1 opId b4eaa2ca4ada8178
aig-a100:1622686:1622707 [0] NCCL INFO Imported shareable buffer device 0 size 6291456 ptr 0x410600000
aig-a100:1622686:1622707 [0] NCCL INFO ProxyCall UDS comm 0x5cb1e5acbda0 rank 0 tpRank 1(ed7e57d67ac53c0f) reqSize 8 respSize 0 respFd 0x7091ae3c35b8 opId 0x8e8ac3ae9125a952
aig-a100:1622686:1622707 [0] NCCL INFO ProxyCall UDS comm 0x5cb1e5acbda0 rank 0 tpRank 1(ed7e57d67ac53c0f) reqSize 8 respSize 0 respFd 77 opId 0x8e8ac3ae9125a952 - DONE
aig-a100:1622686:1622707 [0] NCCad4d60 rank 1 tpRank 0(8734e16d93ce2fa6) reqSize 8 respSize 0 respFd 72 opId 0x21134da473c79c08 - DONE
aig-a100:1622687:1622706 [1] NCCL INFO UDS: ClientGetFd handle 0x7091a802f7f0 tpRank 0 returned fd 72 sameProcess 0
aig-a100:1622687:1622706 [1] NCCL INFO UDS converted handle 0x7091a802f7f0 to fd 72 on remote peer 0
aig-a100:1622687:1622705 [1] NCCL INFO proxyUDSRecvReq::ncclProxyMsgGetFd rank 0 opId 0x3cf6f8fc57b70e41 handle=0x7f929402dc60
aig-a100:1622687:1622705 [1] NCCL INFO UDS proxyGetFd received handle 0x7f929402dc60 peer 0 opId 3cf6f8fc57b70e41
aig-a100:1622687:1622706 [1] NCCL INFO Imported shareable buffer device 1 size 6291456 ptr 0x410600000
aig-a100:1622687:1622706 [1] NCCL INFO ProxyCall UDS comm 0x5c5669ad4d60 rank 1 tpRank 0(8734e16d93ce2fa6) reqSize 8 respSize 0 respFd 0x7f929b78d5b8 opId 0x6a83d8457cb15683
aig-a100:1622687:1622706 [1] NCCL INFO ProxyCall UDS comm 0x5c5669ad4d60 rank 1 tpRank 0(8734e16d93ce2fa6) reqSize 8 respSize 0 respFd 73 opId 0x6a83d8457cb15683 - DONE
aig-a100:1622687:1622706 [1] NCCL INFO UDS: ClientGetFd handle 0x7091a800d830 tpRank 0 returned fd 73 sameProcess 0
aig-a100:1622687:1622706 [1] NCCL INFO UDS converted handle 0x7091a800d830 to fd 73 on remote peer 0
aig-a100:1622687:1622705 [1] NCCL INFO proxyUDSRecvReq::ncclProxyMsgGetFd rank 0 opId 0x1c3bdd0076fe04ea handle=0x7f929400c0f0
aig-a100:1622687:1622705 [1] NCCL INFO UDS proxyGetFd received handle 0x7f929400c0f0 peer 0 opId 1c3bdd0076fe04ea
aig-a100:1622687:1622706 [1] NCCL INFO Imported shareable buffer device 1 size 6291456 ptr 0x410c00000
aig-a100:1622687:1622706 [1] NCCL INFO ProxyCall UDS comm 0x5c5669ad4d60 rank 1 tpRank 0(8734e16d93ce2fa6) reqSize 8 respSize 0 respFd 0x7f929b78d5a8 opId 0x7f5454574f31ea7e
aig-a100:1622687:1622706 [1] NCCL INFO ProxyCall UDS comm 0x5c5669ad4d60 rank 1 tpRank 0(8734e16d93ce2fa6) reqSize 8 respSize 0 respFd 74 opId 0x7f5454574f31ea7e - DONE
aig-a100:1622687:1622706 [1] NCCL INFO UDS: ClientGetFd handle 0x7091a8030f30 tpRank 0 returned fd 74 sameProcess 0
aig-a100:1622687:1622706 [1] NCCL INFO UDS converted handle 0x7091a8030f30 to fd 74 on remote peer 0
aig-a100:1622687:1622705 [1] NCCL INFO proxyUDSRecvReq::ncclProxyMsgGetFd rank 0 opId 0xf1b494a6fe093859 handle=0x7f929402f7f0
aig-a100:1622687:1622705 [1] NCCL INFO UDS proxyGetFd received handle 0x7f929402f7f0 peer 0 opId f1b494a6fe093859
aig-a100:1622687:1622706 [1] NCCL INFO Imported shareable buffer device 1 size 6291456 ptr 0x411200000
aig-a100:1622687:1622706 [1] NCCL INFO ProxyCall UDS comm 0x5c5669ad4d60 rank 1 tpRank 0(8734e16d93ce2fa6) reqSize 8 respSize 0 respFd 0x7f929b78d5b8 opId 0xb4eaa2ca4ada8178
aig-a100:1622687:1622706 [1] NCCL INFO ProxyCall UDS comm 0x5c5669ad4d60 rank 1 tpRank 0(8734e16d93ce2fa6) reqSize 8 respSize 0 respFd 75 opId 0xb4eaa2ca4ada8178 - DONE
aig-a100:1622687:1622706 [1] NCCL INFO UDS: ClientGetFd handle 0x7091a800ef70 tpRank 0 returned fd 75 sameProcess 0
aig-a100:1622687:1622706 [1] NCCL INFO UDS converted handle 0x7091a800ef70 to fd 75 on remote peer 0
aig-a100:1622687:1622705 [1] NCCL INFO proxyUDSRecvReq::ncclProxyMsgGetFd rank 0 opId 0x8e8ac3ae9125a952 handle=0x7f929400d830
aig-a100:1622687:1622705 [1] NCCL INFO UDS proxyGetFd received handle 0x7f929400d830 peer 0 opId 8e8ac3ae9125a952
aig-a100:1622687:1622706 [1] NCCL INFO Imported shareable buffer device 1 size 6291456 ptr 0x411800000
aig-a100:1622687:1622706 [1] NCCL INFO ProxyCall UDS comm 0x5c5669ad4d60 rank 1 tpRank 0(8734e16d93ce2fa6) reqSize 8 respSize 0 respFd 0x7f929b78d5a8 opId 0x96ca121c874766f6
aig-a100:1622687:1622706 [1] NCCL INFO ProxyCall UDS comm 0x5c5669ad4d60 rank 1 tpRank 0(8734e16d93ce2fa6) reqSize 8 respSize 0 respFd 76 opId 0x96ca121c874766f6 - DONE
aig-a100:1622687:1622706 [1] NCCL INFO UDS: ClientGetFd handle 0x7091a8032670 tpRank 0 returned fd 76 sameProcess 0
aig-a100:1622687:1622706 [1] NCCL INFO UDS converted handle 0x7091a8032670 to fd 76 on remote peer 0
aig-a100:1622687:1622705 [1] NCCL INFO proxyUDSRecvReq::ncclProxyMsgGetFd rank 0 opId 0xfa2e215eaa259048 handle=0x7f9294030f30
aig-a100:1622687:1622705 [1] NCCLL INFO UDS: ClientGetFd handle 0x7f929400d830 tpRank 1 returned fd 77 sameProcess 0
aig-a100:1622686:1622707 [0] NCCL INFO UDS converted handle 0x7f929400d830 to fd 77 on remote peer 1
aig-a100:1622686:1622704 [0] NCCL INFO proxyUDSRecvReq::ncclProxyMsgGetFd rank 1 opId 0x96ca121c874766f6 handle=0x7091a8032670
aig-a100:1622686:1622704 [0] NCCL INFO UDS proxyGetFd received handle 0x7091a8032670 peer 1 opId 96ca121c874766f6
aig-a100:1622686:1622707 [0] NCCL INFO Imported shareable buffer device 0 size 6291456 ptr 0x410c00000
aig-a100:1622686:1622707 [0] NCCL INFO ProxyCall UDS comm 0x5cb1e5acbda0 rank 0 tpRank 1(ed7e57d67ac53c0f) reqSize 8 respSize 0 respFd 0x7091ae3c35a8 opId 0xfa2e215eaa259048
aig-a100:1622686:1622707 [0] NCCL INFO ProxyCall UDS comm 0x5cb1e5acbda0 rank 0 tpRank 1(ed7e57d67ac53c0f) reqSize 8 respSize 0 respFd 79 opId 0xfa2e215eaa259048 - DONE
aig-a100:1622686:1622707 [0] NCCL INFO UDS: ClientGetFd handle 0x7f9294030f30 tpRank 1 returned fd 79 sameProcess 0
aig-a100:1622686:1622707 [0] NCCL INFO UDS converted handle 0x7f9294030f30 to fd 79 on remote peer 1
aig-a100:1622686:1622704 [0] NCCL INFO proxyUDSRecvReq::ncclProxyMsgGetFd rank 1 opId 0x9fcbcc7b913521f4 handle=0x7091a80106b0
aig-a100:1622686:1622704 [0] NCCL INFO UDS proxyGetFd received handle 0x7091a80106b0 peer 1 opId 9fcbcc7b913521f4
aig-a100:1622686:1622707 [0] NCCL INFO Imported shareable buffer device 0 size 6291456 ptr 0x411200000
aig-a100:1622686:1622707 [0] NCCL INFO ProxyCall UDS comm 0x5cb1e5acbda0 rank 0 tpRank 1(ed7e57d67ac53c0f) reqSize 8 respSize 0 respFd 0x7091ae3c35b8 opId 0xc864d5d7250fc055
aig-a100:1622686:1622707 [0] NCCL INFO ProxyCall UDS comm 0x5cb1e5acbda0 rank 0 tpRank 1(ed7e57d67ac53c0f) reqSize 8 respSize 0 respFd 80 opId 0xc864d5d7250fc055 - DONE
aig-a100:1622686:1622707 [0] NCCL INFO UDS: ClientGetFd handle 0x7f929400ef70 tpRank 1 returned fd 80 sameProcess 0
aig-a100:1622686:1622707 [0] NCCL INFO UDS converted handle 0x7f929400ef70 to fd 80 on remote peer 1
aig-a100:1622686:1622704 [0] NCCL INFO proxyUDSRecvReq::ncclProxyMsgGetFd rank 1 opId 0x95e47f7e7c391ebf handle=0x7091a8033db0
aig-a100:1622686:1622704 [0] NCCL INFO UDS proxyGetFd received handle 0x7091a8033db0 peer 1 opId 95e47f7e7c391ebf
aig-a100:1622686:1622707 [0] NCCL INFO Imported shareable buffer device 0 size 6291456 ptr 0x411800000
aig-a100:1622686:1622707 [0] NCCL INFO ProxyCall UDS comm 0x5cb1e5acbda0 rank 0 tpRank 1(ed7e57d67ac53c0f) reqSize 8 respSize 0 respFd 0x7091ae3c35a8 opId 0xe0df3a84845cc3c7
aig-a100:1622686:1622704 [0] NCCL INFO proxyUDSRecvReq::ncclProxyMsgGetFd rank 1 opId 0xcf1dd132be527f7b handle=0x7091a8011df0
aig-a100:1622686:1622704 [0] NCCL INFO UDS proxyGetFd received handle 0x7091a8011df0 peer 1 opId cf1dd132be527f7b
aig-a100:1622686:1622707 [0] NCCL INFO ProxyCall UDS comm 0x5cb1e5acbda0 rank 0 tpRank 1(ed7e57d67ac53c0f) reqSize 8 respSize 0 respFd 82 opId 0xe0df3a84845cc3c7 - DONE
aig-a100:1622686:1622707 [0] NCCL INFO UDS: ClientGetFd handle 0x7f9294032670 tpRank 1 returned fd 82 sameProcess 0
aig-a100:1622686:1622707 [0] NCCL INFO UDS converted handle 0x7f9294032670 to fd 82 on remote peer 1
aig-a100:1622686:1622707 [0] NCCL INFO Imported shareable buffer device 0 size 6291456 ptr 0x412000000
aig-a100:1622686:1622707 [0] NCCL INFO ProxyCall UDS comm 0x5cb1e5acbda0 rank 0 tpRank 1(ed7e57d67ac53c0f) reqSize 8 respSize 0 respFd 0x7091ae3c35b8 opId 0x27b0ac6fb03fda24
aig-a100:1622686:1622704 [0] NCCL INFO proxyUDSRecvReq::ncclProxyMsgGetFd rank 1 opId 0xff0c94cd1b5de412 handle=0x7091a80354f0
aig-a100:1622686:1622704 [0] NCCL INFO UDS proxyGetFd received handle 0x7091a80354f0 peer 1 opId ff0c94cd1b5de412
aig-a100:1622686:1622707 [0] NCCL INFO ProxyCall UDS comm 0x5cb1e5acbda0 rank 0 tpRank 1(ed7e57d67ac53c0f) reqSize 8 respSize 0 respFd 83 opId 0x27b0ac6fb03fda24 - DONE
aig-a100:1622686:1622707 [0] NCCL INFO UDS: ClientGetFd handle 0x7f92940106b0 tpRank 1 returned fd 83 sameProcess 0
aig-a100:1622686:1622707 [0] NCCL INFO UDS converted handle 0x7f92940106b0 to fd 83 on remote peer 1
aig-a100:1622686:1622707 [0] NCCL INFO Imported sharea INFO UDS proxyGetFd received handle 0x7f9294030f30 peer 0 opId fa2e215eaa259048
aig-a100:1622687:1622706 [1] NCCL INFO Imported shareable buffer device 1 size 6291456 ptr 0x412000000
aig-a100:1622687:1622706 [1] NCCL INFO ProxyCall UDS comm 0x5c5669ad4d60 rank 1 tpRank 0(8734e16d93ce2fa6) reqSize 8 respSize 0 respFd 0x7f929b78d5b8 opId 0x9fcbcc7b913521f4
aig-a100:1622687:1622706 [1] NCCL INFO ProxyCall UDS comm 0x5c5669ad4d60 rank 1 tpRank 0(8734e16d93ce2fa6) reqSize 8 respSize 0 respFd 77 opId 0x9fcbcc7b913521f4 - DONE
aig-a100:1622687:1622706 [1] NCCL INFO UDS: ClientGetFd handle 0x7091a80106b0 tpRank 0 returned fd 77 sameProcess 0
aig-a100:1622687:1622706 [1] NCCL INFO UDS converted handle 0x7091a80106b0 to fd 77 on remote peer 0
aig-a100:1622687:1622705 [1] NCCL INFO proxyUDSRecvReq::ncclProxyMsgGetFd rank 0 opId 0xc864d5d7250fc055 handle=0x7f929400ef70
aig-a100:1622687:1622705 [1] NCCL INFO UDS proxyGetFd received handle 0x7f929400ef70 peer 0 opId c864d5d7250fc055
aig-a100:1622687:1622706 [1] NCCL INFO Imported shareable buffer device 1 size 6291456 ptr 0x412600000
aig-a100:1622687:1622706 [1] NCCL INFO ProxyCall UDS comm 0x5c5669ad4d60 rank 1 tpRank 0(8734e16d93ce2fa6) reqSize 8 respSize 0 respFd 0x7f929b78d5a8 opId 0x95e47f7e7c391ebf
aig-a100:1622687:1622706 [1] NCCL INFO ProxyCall UDS comm 0x5c5669ad4d60 rank 1 tpRank 0(8734e16d93ce2fa6) reqSize 8 respSize 0 respFd 77 opId 0x95e47f7e7c391ebf - DONE
aig-a100:1622687:1622706 [1] NCCL INFO UDS: ClientGetFd handle 0x7091a8033db0 tpRank 0 returned fd 77 sameProcess 0
aig-a100:1622687:1622706 [1] NCCL INFO UDS converted handle 0x7091a8033db0 to fd 77 on remote peer 0
aig-a100:1622687:1622705 [1] NCCL INFO proxyUDSRecvReq::ncclProxyMsgGetFd rank 0 opId 0xe0df3a84845cc3c7 handle=0x7f9294032670
aig-a100:1622687:1622705 [1] NCCL INFO UDS proxyGetFd received handle 0x7f9294032670 peer 0 opId e0df3a84845cc3c7
aig-a100:1622687:1622706 [1] NCCL INFO Imported shareable buffer device 1 size 6291456 ptr 0x412c00000
aig-a100:1622687:1622706 [1] NCCL INFO ProxyCall UDS comm 0x5c5669ad4d60 rank 1 tpRank 0(8734e16d93ce2fa6) reqSize 8 respSize 0 respFd 0x7f929b78d5b8 opId 0xcf1dd132be527f7b
aig-a100:1622687:1622706 [1] NCCL INFO ProxyCall UDS comm 0x5c5669ad4d60 rank 1 tpRank 0(8734e16d93ce2fa6) reqSize 8 respSize 0 respFd 79 opId 0xcf1dd132be527f7b - DONE
aig-a100:1622687:1622706 [1] NCCL INFO UDS: ClientGetFd handle 0x7091a8011df0 tpRank 0 returned fd 79 sameProcess 0
aig-a100:1622687:1622706 [1] NCCL INFO UDS converted handle 0x7091a8011df0 to fd 79 on remote peer 0
aig-a100:1622687:1622706 [1] NCCL INFO Imported shareable buffer device 1 size 6291456 ptr 0x413200000
aig-a100:1622687:1622706 [1] NCCL INFO ProxyCall UDS comm 0x5c5669ad4d60 rank 1 tpRank 0(8734e16d93ce2fa6) reqSize 8 respSize 0 respFd 0x7f929b78d5a8 opId 0xff0c94cd1b5de412
aig-a100:1622687:1622705 [1] NCCL INFO proxyUDSRecvReq::ncclProxyMsgGetFd rank 0 opId 0x27b0ac6fb03fda24 handle=0x7f92940106b0
aig-a100:1622687:1622705 [1] NCCL INFO UDS proxyGetFd received handle 0x7f92940106b0 peer 0 opId 27b0ac6fb03fda24
aig-a100:1622687:1622706 [1] NCCL INFO ProxyCall UDS comm 0x5c5669ad4d60 rank 1 tpRank 0(8734e16d93ce2fa6) reqSize 8 respSize 0 respFd 80 opId 0xff0c94cd1b5de412 - DONE
aig-a100:1622687:1622706 [1] NCCL INFO UDS: ClientGetFd handle 0x7091a80354f0 tpRank 0 returned fd 80 sameProcess 0
aig-a100:1622687:1622706 [1] NCCL INFO UDS converted handle 0x7091a80354f0 to fd 80 on remote peer 0
aig-a100:1622687:1622706 [1] NCCL INFO Imported shareable buffer device 1 size 6291456 ptr 0x413800000
aig-a100:1622687:1622706 [1] NCCL INFO ProxyCall UDS comm 0x5c5669ad4d60 rank 1 tpRank 0(8734e16d93ce2fa6) reqSize 8 respSize 0 respFd 0x7f929b78d5b8 opId 0x3afd37e9070e422d
aig-a100:1622687:1622705 [1] NCCL INFO proxyUDSRecvReq::ncclProxyMsgGetFd rank 0 opId 0xb8805a0acd8341dd handle=0x7f9294033db0
aig-a100:1622687:1622705 [1] NCCL INFO UDS proxyGetFd received handle 0x7f9294033db0 peer 0 opId b8805a0acd8341dd
aig-a100:1622687:1622706 [1] NCCL INFO ProxyCall UDS comm 0x5c5669ad4d60 rank 1 tpRank 0(8734e16d93ce2fa6) reqSize 8 respSble buffer device 0 size 6291456 ptr 0x412600000
aig-a100:1622686:1622704 [0] NCCL INFO proxyUDSRecvReq::ncclProxyMsgGetFd rank 1 opId 0x3afd37e9070e422d handle=0x7091a8013530
aig-a100:1622686:1622704 [0] NCCL INFO UDS proxyGetFd received handle 0x7091a8013530 peer 1 opId 3afd37e9070e422d
aig-a100:1622686:1622707 [0] NCCL INFO ProxyCall UDS comm 0x5cb1e5acbda0 rank 0 tpRank 1(ed7e57d67ac53c0f) reqSize 8 respSize 0 respFd 0x7091ae3c35a8 opId 0xb8805a0acd8341dd
aig-a100:1622686:1622707 [0] NCCL INFO ProxyCall UDS comm 0x5cb1e5acbda0 rank 0 tpRank 1(ed7e57d67ac53c0f) reqSize 8 respSize 0 respFd 84 opId 0xb8805a0acd8341dd - DONE
aig-a100:1622686:1622707 [0] NCCL INFO UDS: ClientGetFd handle 0x7f9294033db0 tpRank 1 returned fd 84 sameProcess 0
aig-a100:1622686:1622707 [0] NCCL INFO UDS converted handle 0x7f9294033db0 to fd 84 on remote peer 1
aig-a100:1622686:1622707 [0] NCCL INFO Imported shareable buffer device 0 size 6291456 ptr 0x412c00000
aig-a100:1622686:1622707 [0] NCCL INFO ProxyCall UDS comm 0x5cb1e5acbda0 rank 0 tpRank 1(ed7e57d67ac53c0f) reqSize 8 respSize 0 respFd 0x7091ae3c35b8 opId 0x84e931364049dd45
aig-a100:1622686:1622704 [0] NCCL INFO proxyUDSRecvReq::ncclProxyMsgGetFd rank 1 opId 0x19352696251d35d6 handle=0x7091a8037080
aig-a100:1622686:1622704 [0] NCCL INFO UDS proxyGetFd received handle 0x7091a8037080 peer 1 opId 19352696251d35d6
aig-a100:1622686:1622707 [0] NCCL INFO ProxyCall UDS comm 0x5cb1e5acbda0 rank 0 tpRank 1(ed7e57d67ac53c0f) reqSize 8 respSize 0 respFd 85 opId 0x84e931364049dd45 - DONE
aig-a100:1622686:1622707 [0] NCCL INFO UDS: ClientGetFd handle 0x7f9294011df0 tpRank 1 returned fd 85 sameProcess 0
aig-a100:1622686:1622707 [0] NCCL INFO UDS converted handle 0x7f9294011df0 to fd 85 on remote peer 1
aig-a100:1622686:1622707 [0] NCCL INFO Imported shareable buffer device 0 size 6291456 ptr 0x413200000
aig-a100:1622686:1622707 [0] NCCL INFO ProxyCall UDS comm 0x5cb1e5acbda0 rank 0 tpRank 1(ed7e57d67ac53c0f) reqSize 8 respSize 0 respFd 0x7091ae3c35a8 opId 0x13c44845f08e2154
aig-a100:1622686:1622707 [0] NCCL INFO ProxyCall UDS comm 0x5cb1e5acbda0 rank 0 tpRank 1(ed7e57d67ac53c0f) reqSize 8 respSize 0 respFd 85 opId 0x13c44845f08e2154 - DONE
aig-a100:1622686:1622707 [0] NCCL INFO UDS: ClientGetFd handle 0x7f92940354f0 tpRank 1 returned fd 85 sameProcess 0
aig-a100:1622686:1622707 [0] NCCL INFO UDS converted handle 0x7f92940354f0 to fd 85 on remote peer 1
aig-a100:1622686:1622704 [0] NCCL INFO proxyUDSRecvReq::ncclProxyMsgGetFd rank 1 opId 0x298b44b3247cea8e handle=0x7091a8014c70
aig-a100:1622686:1622704 [0] NCCL INFO UDS proxyGetFd received handle 0x7091a8014c70 peer 1 opId 298b44b3247cea8e
aig-a100:1622686:1622707 [0] NCCL INFO Imported shareable buffer device 0 size 6291456 ptr 0x413800000
aig-a100:1622686:1622707 [0] NCCL INFO ProxyCall UDS comm 0x5cb1e5acbda0 rank 0 tpRank 1(ed7e57d67ac53c0f) reqSize 8 respSize 0 respFd 0x7091ae3c35b8 opId 0x58a0463f895252ae
aig-a100:1622686:1622707 [0] NCCL INFO ProxyCall UDS comm 0x5cb1e5acbda0 rank 0 tpRank 1(ed7e57d67ac53c0f) reqSize 8 respSize 0 respFd 86 opId 0x58a0463f895252ae - DONE
aig-a100:1622686:1622707 [0] NCCL INFO UDS: ClientGetFd handle 0x7f9294013530 tpRank 1 returned fd 86 sameProcess 0
aig-a100:1622686:1622707 [0] NCCL INFO UDS converted handle 0x7f9294013530 to fd 86 on remote peer 1
aig-a100:1622686:1622704 [0] NCCL INFO proxyUDSRecvReq::ncclProxyMsgGetFd rank 1 opId 0x1843e2587af2139 handle=0x7091a80387c0
aig-a100:1622686:1622704 [0] NCCL INFO UDS proxyGetFd received handle 0x7091a80387c0 peer 1 opId 1843e2587af2139
aig-a100:1622686:1622707 [0] NCCL INFO Imported shareable buffer device 0 size 6291456 ptr 0x414000000
aig-a100:1622686:1622707 [0] NCCL INFO ProxyCall UDS comm 0x5cb1e5acbda0 rank 0 tpRank 1(ed7e57d67ac53c0f) reqSize 8 respSize 0 respFd 0x7091ae3c35a8 opId 0xba402a835b45e304
aig-a100:1622686:1622707 [0] NCCL INFO ProxyCall UDS comm 0x5cb1e5acbda0 rank 0 tpRank 1(ed7e57d67ac53c0f) reqSize 8 respSize 0 respFd 87 opId 0xba402a835b45e304 - DONE
aig-a100:1622686:1622707 [0] NCCL INFO UDS: ClientGetFd handle 0x7f9294037080 tpRank 1 retize 0 respFd 81 opId 0x3afd37e9070e422d - DONE
aig-a100:1622687:1622706 [1] NCCL INFO UDS: ClientGetFd handle 0x7091a8013530 tpRank 0 returned fd 81 sameProcess 0
aig-a100:1622687:1622706 [1] NCCL INFO UDS converted handle 0x7091a8013530 to fd 81 on remote peer 0
aig-a100:1622687:1622706 [1] NCCL INFO Imported shareable buffer device 1 size 6291456 ptr 0x414000000
aig-a100:1622687:1622706 [1] NCCL INFO ProxyCall UDS comm 0x5c5669ad4d60 rank 1 tpRank 0(8734e16d93ce2fa6) reqSize 8 respSize 0 respFd 0x7f929b78d5a8 opId 0x19352696251d35d6
aig-a100:1622687:1622705 [1] NCCL INFO proxyUDSRecvReq::ncclProxyMsgGetFd rank 0 opId 0x84e931364049dd45 handle=0x7f9294011df0
aig-a100:1622687:1622705 [1] NCCL INFO UDS proxyGetFd received handle 0x7f9294011df0 peer 0 opId 84e931364049dd45
aig-a100:1622687:1622706 [1] NCCL INFO ProxyCall UDS comm 0x5c5669ad4d60 rank 1 tpRank 0(8734e16d93ce2fa6) reqSize 8 respSize 0 respFd 82 opId 0x19352696251d35d6 - DONE
aig-a100:1622687:1622706 [1] NCCL INFO UDS: ClientGetFd handle 0x7091a8037080 tpRank 0 returned fd 82 sameProcess 0
aig-a100:1622687:1622706 [1] NCCL INFO UDS converted handle 0x7091a8037080 to fd 82 on remote peer 0
aig-a100:1622687:1622705 [1] NCCL INFO proxyUDSRecvReq::ncclProxyMsgGetFd rank 0 opId 0x13c44845f08e2154 handle=0x7f92940354f0
aig-a100:1622687:1622705 [1] NCCL INFO UDS proxyGetFd received handle 0x7f92940354f0 peer 0 opId 13c44845f08e2154
aig-a100:1622687:1622706 [1] NCCL INFO Imported shareable buffer device 1 size 6291456 ptr 0x414600000
aig-a100:1622687:1622706 [1] NCCL INFO ProxyCall UDS comm 0x5c5669ad4d60 rank 1 tpRank 0(8734e16d93ce2fa6) reqSize 8 respSize 0 respFd 0x7f929b78d5b8 opId 0x298b44b3247cea8e
aig-a100:1622687:1622706 [1] NCCL INFO ProxyCall UDS comm 0x5c5669ad4d60 rank 1 tpRank 0(8734e16d93ce2fa6) reqSize 8 respSize 0 respFd 83 opId 0x298b44b3247cea8e - DONE
aig-a100:1622687:1622706 [1] NCCL INFO UDS: ClientGetFd handle 0x7091a8014c70 tpRank 0 returned fd 83 sameProcess 0
aig-a100:1622687:1622706 [1] NCCL INFO UDS converted handle 0x7091a8014c70 to fd 83 on remote peer 0
aig-a100:1622687:1622705 [1] NCCL INFO proxyUDSRecvReq::ncclProxyMsgGetFd rank 0 opId 0x58a0463f895252ae handle=0x7f9294013530
aig-a100:1622687:1622705 [1] NCCL INFO UDS proxyGetFd received handle 0x7f9294013530 peer 0 opId 58a0463f895252ae
aig-a100:1622687:1622706 [1] NCCL INFO Imported shareable buffer device 1 size 6291456 ptr 0x414c00000
aig-a100:1622687:1622706 [1] NCCL INFO ProxyCall UDS comm 0x5c5669ad4d60 rank 1 tpRank 0(8734e16d93ce2fa6) reqSize 8 respSize 0 respFd 0x7f929b78d5a8 opId 0x1843e2587af2139
aig-a100:1622687:1622706 [1] NCCL INFO ProxyCall UDS comm 0x5c5669ad4d60 rank 1 tpRank 0(8734e16d93ce2fa6) reqSize 8 respSize 0 respFd 84 opId 0x1843e2587af2139 - DONE
aig-a100:1622687:1622706 [1] NCCL INFO UDS: ClientGetFd handle 0x7091a80387c0 tpRank 0 returned fd 84 sameProcess 0
aig-a100:1622687:1622706 [1] NCCL INFO UDS converted handle 0x7091a80387c0 to fd 84 on remote peer 0
